Component: ARM Compiler 5.06 update 6 (build 750) Tool: armlink [4d35ed]

==============================================================================

Section Cross References

    startup_stm32g031xx.o(RESET) refers to startup_stm32g031xx.o(STACK) for __initial_sp
    startup_stm32g031xx.o(RESET) refers to startup_stm32g031xx.o(.text) for Reset_Handler
    startup_stm32g031xx.o(RESET) refers to stm32g0xx_it.o(i.NMI_Handler) for NMI_Handler
    startup_stm32g031xx.o(RESET) refers to stm32g0xx_it.o(i.HardFault_Handler) for HardFault_Handler
    startup_stm32g031xx.o(RESET) refers to stm32g0xx_it.o(i.SVC_Handler) for SVC_Handler
    startup_stm32g031xx.o(RESET) refers to stm32g0xx_it.o(i.PendSV_Handler) for PendSV_Handler
    startup_stm32g031xx.o(RESET) refers to stm32g0xx_it.o(i.SysTick_Handler) for SysTick_Handler
    startup_stm32g031xx.o(RESET) refers to gpio.o(i.EXTI4_15_IRQHandler) for EXTI4_15_IRQHandler
    startup_stm32g031xx.o(RESET) refers to timer.o(i.TIM3_IRQHandler) for TIM3_IRQHandler
    startup_stm32g031xx.o(RESET) refers to iic_slave.o(i.I2C1_IRQHandler) for I2C1_IRQHandler
    startup_stm32g031xx.o(RESET) refers to iic_slave.o(i.I2C2_IRQHandler) for I2C2_IRQHandler
    startup_stm32g031xx.o(RESET) refers to usart.o(i.USART1_IRQHandler) for USART1_IRQHandler
    startup_stm32g031xx.o(RESET) refers to usart.o(i.USART2_IRQHandler) for USART2_IRQHandler
    startup_stm32g031xx.o(.text) refers to system_stm32g0xx.o(i.SystemInit) for SystemInit
    startup_stm32g031xx.o(.text) refers to entry.o(.ARM.Collect$$$$00000000) for __main
    main.o(i.main) refers to app.o(i.APP_Init) for APP_Init
    main.o(i.main) refers to app.o(i.APP_PollingTask) for APP_PollingTask
    main.o(i.main) refers to timer.o(i.TMR0_Delay) for TMR0_Delay
    main.o(i.main) refers to stm32g0xx_hal_gpio.o(i.HAL_GPIO_WritePin) for HAL_GPIO_WritePin
    main.o(i.main) refers to printf2.o(i.__0printf$2) for __2printf
    main.o(i.main) refers to main.o(.data) for .data
    stm32g0xx_it.o(i.SysTick_Handler) refers to stm32g0xx_hal.o(i.HAL_IncTick) for HAL_IncTick
    stm32g0xx_hal_adc.o(i.ADC_ConversionStop) refers to stm32g0xx_hal_adc.o(i.LL_ADC_REG_IsConversionOngoing) for LL_ADC_REG_IsConversionOngoing
    stm32g0xx_hal_adc.o(i.ADC_ConversionStop) refers to stm32g0xx_hal.o(i.HAL_GetTick) for HAL_GetTick
    stm32g0xx_hal_adc.o(i.ADC_DMAConvCplt) refers to stm32g0xx_hal_adc.o(i.LL_ADC_REG_IsTriggerSourceSWStart) for LL_ADC_REG_IsTriggerSourceSWStart
    stm32g0xx_hal_adc.o(i.ADC_DMAConvCplt) refers to stm32g0xx_hal_adc.o(i.HAL_ADC_ErrorCallback) for HAL_ADC_ErrorCallback
    stm32g0xx_hal_adc.o(i.ADC_DMAConvCplt) refers to stm32g0xx_hal_adc.o(i.LL_ADC_REG_IsConversionOngoing) for LL_ADC_REG_IsConversionOngoing
    stm32g0xx_hal_adc.o(i.ADC_DMAConvCplt) refers to stm32g0xx_hal_adc.o(i.HAL_ADC_ConvCpltCallback) for HAL_ADC_ConvCpltCallback
    stm32g0xx_hal_adc.o(i.ADC_DMAError) refers to stm32g0xx_hal_adc.o(i.HAL_ADC_ErrorCallback) for HAL_ADC_ErrorCallback
    stm32g0xx_hal_adc.o(i.ADC_DMAHalfConvCplt) refers to stm32g0xx_hal_adc.o(i.HAL_ADC_ConvHalfCpltCallback) for HAL_ADC_ConvHalfCpltCallback
    stm32g0xx_hal_adc.o(i.ADC_Disable) refers to stm32g0xx_hal_adc.o(i.LL_ADC_IsEnabled) for LL_ADC_IsEnabled
    stm32g0xx_hal_adc.o(i.ADC_Disable) refers to stm32g0xx_hal.o(i.HAL_GetTick) for HAL_GetTick
    stm32g0xx_hal_adc.o(i.ADC_Enable) refers to stm32g0xx_hal_adc.o(i.LL_ADC_IsEnabled) for LL_ADC_IsEnabled
    stm32g0xx_hal_adc.o(i.ADC_Enable) refers to uidiv.o(.text) for __aeabi_uidivmod
    stm32g0xx_hal_adc.o(i.ADC_Enable) refers to stm32g0xx_hal.o(i.HAL_GetTick) for HAL_GetTick
    stm32g0xx_hal_adc.o(i.ADC_Enable) refers to system_stm32g0xx.o(.data) for SystemCoreClock
    stm32g0xx_hal_adc.o(i.HAL_ADC_AnalogWDGConfig) refers to stm32g0xx_hal_adc.o(i.LL_ADC_REG_IsConversionOngoing) for LL_ADC_REG_IsConversionOngoing
    stm32g0xx_hal_adc.o(i.HAL_ADC_AnalogWDGConfig) refers to stm32g0xx_hal_adc.o(i.LL_ADC_SetAnalogWDMonitChannels) for LL_ADC_SetAnalogWDMonitChannels
    stm32g0xx_hal_adc.o(i.HAL_ADC_ConfigChannel) refers to stm32g0xx_hal_adc.o(i.LL_ADC_REG_IsConversionOngoing) for LL_ADC_REG_IsConversionOngoing
    stm32g0xx_hal_adc.o(i.HAL_ADC_ConfigChannel) refers to stm32g0xx_hal_adc.o(i.LL_ADC_SetCommonPathInternalCh) for LL_ADC_SetCommonPathInternalCh
    stm32g0xx_hal_adc.o(i.HAL_ADC_ConfigChannel) refers to uidiv.o(.text) for __aeabi_uidivmod
    stm32g0xx_hal_adc.o(i.HAL_ADC_ConfigChannel) refers to system_stm32g0xx.o(.data) for SystemCoreClock
    stm32g0xx_hal_adc.o(i.HAL_ADC_DeInit) refers to stm32g0xx_hal_adc.o(i.ADC_ConversionStop) for ADC_ConversionStop
    stm32g0xx_hal_adc.o(i.HAL_ADC_DeInit) refers to stm32g0xx_hal_adc.o(i.ADC_Disable) for ADC_Disable
    stm32g0xx_hal_adc.o(i.HAL_ADC_DeInit) refers to adc.o(i.HAL_ADC_MspDeInit) for HAL_ADC_MspDeInit
    stm32g0xx_hal_adc.o(i.HAL_ADC_IRQHandler) refers to stm32g0xx_hal_adc_ex.o(i.HAL_ADCEx_EndOfSamplingCallback) for HAL_ADCEx_EndOfSamplingCallback
[...]
    ../Drivers/STM32G0xx_HAL_Driver/Src/stm32g0xx_hal_i2c_ex.c 0x00000000   Number         0  stm32g0xx_hal_i2c_ex.o ABSOLUTE
    ../Drivers/STM32G0xx_HAL_Driver/Src/stm32g0xx_hal_iwdg.c 0x00000000   Number         0  stm32g0xx_hal_iwdg.o ABSOLUTE
    ../Drivers/STM32G0xx_HAL_Driver/Src/stm32g0xx_hal_pwr.c 0x00000000   Number         0  stm32g0xx_hal_pwr.o ABSOLUTE
    ../Drivers/STM32G0xx_HAL_Driver/Src/stm32g0xx_hal_pwr_ex.c 0x00000000   Number         0  stm32g0xx_hal_pwr_ex.o ABSOLUTE
    ../Drivers/STM32G0xx_HAL_Driver/Src/stm32g0xx_hal_rcc.c 0x00000000   Number         0  stm32g0xx_hal_rcc.o ABSOLUTE
    ../Drivers/STM32G0xx_HAL_Driver/Src/stm32g0xx_hal_rcc_ex.c 0x00000000   Number         0  stm32g0xx_hal_rcc_ex.o ABSOLUTE
    ../Drivers/STM32G0xx_HAL_Driver/Src/stm32g0xx_hal_tim.c 0x00000000   Number         0  stm32g0xx_hal_tim.o ABSOLUTE
    ../Drivers/STM32G0xx_HAL_Driver/Src/stm32g0xx_hal_tim_ex.c 0x00000000   Number         0  stm32g0xx_hal_tim_ex.o ABSOLUTE
    ../Drivers/STM32G0xx_HAL_Driver/Src/stm32g0xx_hal_uart.c 0x00000000   Number         0  stm32g0xx_hal_uart.o ABSOLUTE
    ../Drivers/STM32G0xx_HAL_Driver/Src/stm32g0xx_hal_uart_ex.c 0x00000000   Number         0  stm32g0xx_hal_uart_ex.o ABSOLUTE
    ../Drivers/STM32G0xx_HAL_Driver/Src/stm32g0xx_ll_adc.c 0x00000000   Number         0  stm32g0xx_ll_adc.o ABSOLUTE
    ../Drivers/STM32G0xx_HAL_Driver/Src/stm32g0xx_ll_dma.c 0x00000000   Number         0  stm32g0xx_ll_dma.o ABSOLUTE
    ../Drivers/STM32G0xx_HAL_Driver/Src/stm32g0xx_ll_rcc.c 0x00000000   Number         0  stm32g0xx_ll_rcc.o ABSOLUTE
    ../clib/microlib/division.c              0x00000000   Number         0  uidiv.o ABSOLUTE
    ../clib/microlib/division.c              0x00000000   Number         0  uldiv.o ABSOLUTE
    ../clib/microlib/init/entry.s            0x00000000   Number         0  entry5.o ABSOLUTE
    ../clib/microlib/init/entry.s            0x00000000   Number         0  entry7a.o ABSOLUTE
    ../clib/microlib/init/entry.s            0x00000000   Number         0  entry7b.o ABSOLUTE
    ../clib/microlib/init/entry.s            0x00000000   Number         0  entry8a.o ABSOLUTE
    ../clib/microlib/init/entry.s            0x00000000   Number         0  entry8b.o ABSOLUTE
    ../clib/microlib/init/entry.s            0x00000000   Number         0  entry9b.o ABSOLUTE
    ../clib/microlib/init/entry.s            0x00000000   Number         0  entry9a.o ABSOLUTE
    ../clib/microlib/init/entry.s            0x00000000   Number         0  entry10a.o ABSOLUTE
    ../clib/microlib/init/entry.s            0x00000000   Number         0  entry10b.o ABSOLUTE
    ../clib/microlib/init/entry.s            0x00000000   Number         0  entry11a.o ABSOLUTE
    ../clib/microlib/init/entry.s            0x00000000   Number         0  entry.o ABSOLUTE
    ../clib/microlib/init/entry.s            0x00000000   Number         0  entry2.o ABSOLUTE
    ../clib/microlib/init/entry.s            0x00000000   Number         0  entry11b.o ABSOLUTE
    ../clib/microlib/longlong.c              0x00000000   Number         0  llsshr.o ABSOLUTE
    ../clib/microlib/longlong.c              0x00000000   Number         0  llshl.o ABSOLUTE
    ../clib/microlib/longlong.c              0x00000000   Number         0  llushr.o ABSOLUTE
    ../clib/microlib/printf/printf.c         0x00000000   Number         0  printf6.o ABSOLUTE
    ../clib/microlib/printf/printf.c         0x00000000   Number         0  printf5.o ABSOLUTE
    ../clib/microlib/printf/printf.c         0x00000000   Number         0  printf0.o ABSOLUTE
    ../clib/microlib/printf/printf.c         0x00000000   Number         0  printfa.o ABSOLUTE
    ../clib/microlib/printf/printf.c         0x00000000   Number         0  printf4.o ABSOLUTE
    ../clib/microlib/printf/printf.c         0x00000000   Number         0  printf3.o ABSOLUTE
    ../clib/microlib/printf/printf.c         0x00000000   Number         0  printfb.o ABSOLUTE
    ../clib/microlib/printf/printf.c         0x00000000   Number         0  printf8.o ABSOLUTE
    ../clib/microlib/printf/printf.c         0x00000000   Number         0  printf7.o ABSOLUTE
    ../clib/microlib/printf/printf.c         0x00000000   Number         0  printf2.o ABSOLUTE
    ../clib/microlib/printf/printf.c         0x00000000   Number         0  printf1.o ABSOLUTE
    ../clib/microlib/printf/stubs.s          0x00000000   Number         0  stubs.o ABSOLUTE
    ../clib/microlib/stdio/streams.c         0x00000000   Number         0  stdout.o ABSOLUTE
    ../clib/microlib/string/memset.c         0x00000000   Number         0  memseta.o ABSOLUTE
    ../clib/microlib/stubs.s                 0x00000000   Number         0  iusefp.o ABSOLUTE
    ../fplib/microlib/d2f.c                  0x00000000   Number         0  d2f.o ABSOLUTE
    ../fplib/microlib/fpadd.c                0x00000000   Number         0  dadd.o ABSOLUTE
    ../fplib/microlib/fpdiv.c                0x00000000   Number         0  ddiv.o ABSOLUTE
    ../fplib/microlib/fpepilogue.c           0x00000000   Number         0  depilogue.o ABSOLUTE
    ../fplib/microlib/fpepilogue.c           0x00000000   Number         0  fepilogue.o ABSOLUTE
    ../fplib/microlib/fpfix.c                0x00000000   Number         0  dfixul.o ABSOLUTE
    ../fplib/microlib/fpflt.c                0x00000000   Number         0  dfltui.o ABSOLUTE
    ../fplib/microlib/fpmul.c                0x00000000   Number         0  dmul.o ABSOLUTE
    ..\Core\Src\main.c                       0x00000000   Number         0  main.o ABSOLUTE
    ..\Core\Src\stm32g0xx_hal_msp.c          0x00000000   Number         0  stm32g0xx_hal_msp.o ABSOLUTE
    ..\Core\Src\stm32g0xx_it.c               0x00000000   Number         0  stm32g0xx_it.o ABSOLUTE
    ..\Core\Src\system_stm32g0xx.c           0x00000000   Number         0  system_stm32g0xx.o ABSOLUTE
    ..\Drivers\STM32G0xx_HAL_Driver\Src\stm32g0xx_hal.c 0x00000000   Number         0  stm32g0xx_hal.o ABSOLUTE
    ..\Drivers\STM32G0xx_HAL_Driver\Src\stm32g0xx_hal_adc.c 0x00000000   Number         0  stm32g0xx_hal_adc.o ABSOLUTE
    ..\Drivers\STM32G0xx_HAL_Driver\Src\stm32g0xx_hal_adc_ex.c 0x00000000   Number         0  stm32g0xx_hal_adc_ex.o ABSOLUTE
    ..\Drivers\STM32G0xx_HAL_Driver\Src\stm32g0xx_hal_cortex.c 0x00000000   Number         0  stm32g0xx_hal_cortex.o ABSOLUTE
    ..\Drivers\STM32G0xx_HAL_Driver\Src\stm32g0xx_hal_dma.c 0x00000000   Number         0  stm32g0xx_hal_dma.o ABSOLUTE
    ..\Drivers\STM32G0xx_HAL_Driver\Src\stm32g0xx_hal_dma_ex.c 0x00000000   Number         0  stm32g0xx_hal_dma_ex.o ABSOLUTE
    ..\Drivers\STM32G0xx_HAL_Driver\Src\stm32g0xx_hal_exti.c 0x00000000   Number         0  stm32g0xx_hal_exti.o ABSOLUTE
    ..\Drivers\STM32G0xx_HAL_Driver\Src\stm32g0xx_hal_flash.c 0x00000000   Number         0  stm32g0xx_hal_flash.o ABSOLUTE
    ..\Drivers\STM32G0xx_HAL_Driver\Src\stm32g0xx_hal_flash_ex.c 0x00000000   Number         0  stm32g0xx_hal_flash_ex.o ABSOLUTE
    ..\Drivers\STM32G0xx_HAL_Driver\Src\stm32g0xx_hal_gpio.c 0x00000000   Number         0  stm32g0xx_hal_gpio.o ABSOLUTE
    ..\Drivers\STM32G0xx_HAL_Driver\Src\stm32g0xx_hal_i2c.c 0x00000000   Number         0  stm32g0xx_hal_i2c.o ABSOLUTE
    ..\Drivers\STM32G0xx_HAL_Driver\Src\stm32g0xx_hal_i2c_ex.c 0x00000000   Number         0  stm32g0xx_hal_i2c_ex.o ABSOLUTE
    ..\Drivers\STM32G0xx_HAL_Driver\Src\stm32g0xx_hal_iwdg.c 0x00000000   Number         0  stm32g0xx_hal_iwdg.o ABSOLUTE
    ..\Drivers\STM32G0xx_HAL_Driver\Src\stm32g0xx_hal_pwr.c 0x00000000   Number         0  stm32g0xx_hal_pwr.o ABSOLUTE
    ..\Drivers\STM32G0xx_HAL_Driver\Src\stm32g0xx_hal_pwr_ex.c 0x00000000   Number         0  stm32g0xx_hal_pwr_ex.o ABSOLUTE
    ..\Drivers\STM32G0xx_HAL_Driver\Src\stm32g0xx_hal_rcc.c 0x00000000   Number         0  stm32g0xx_hal_rcc.o ABSOLUTE
    ..\Drivers\STM32G0xx_HAL_Driver\Src\stm32g0xx_hal_rcc_ex.c 0x00000000   Number         0  stm32g0xx_hal_rcc_ex.o ABSOLUTE
    ..\Drivers\STM32G0xx_HAL_Driver\Src\stm32g0xx_hal_tim.c 0x00000000   Number         0  stm32g0xx_hal_tim.o ABSOLUTE
    ..\Drivers\STM32G0xx_HAL_Driver\Src\stm32g0xx_hal_tim_ex.c 0x00000000   Number         0  stm32g0xx_hal_tim_ex.o ABSOLUTE
    ..\Drivers\STM32G0xx_HAL_Driver\Src\stm32g0xx_hal_uart.c 0x00000000   Number         0  stm32g0xx_hal_uart.o ABSOLUTE
    ..\Drivers\STM32G0xx_HAL_Driver\Src\stm32g0xx_hal_uart_ex.c 0x00000000   Number         0  stm32g0xx_hal_uart_ex.o ABSOLUTE
    ..\Src\App\app.c                         0x00000000   Number         0  app.o ABSOLUTE
    ..\Src\Bsp\SMBus.c                       0x00000000   Number         0  smbus.o ABSOLUTE
    ..\Src\Bsp\adc.c                         0x00000000   Number         0  adc.o ABSOLUTE
    ..\Src\Bsp\bsp.c                         0x00000000   Number         0  bsp.o ABSOLUTE
    ..\Src\Bsp\flash.c                       0x00000000   Number         0  flash.o ABSOLUTE
    ..\Src\Bsp\gpio.c                        0x00000000   Number         0  gpio.o ABSOLUTE
    ..\Src\Bsp\iic_master.c                  0x00000000   Number         0  iic_master.o ABSOLUTE
    ..\Src\Bsp\iic_slave.c                   0x00000000   Number         0  iic_slave.o ABSOLUTE
    ..\Src\Bsp\iwdg.c                        0x00000000   Number         0  iwdg.o ABSOLUTE
    ..\Src\Bsp\timer.c                       0x00000000   Number         0  timer.o ABSOLUTE
    ..\Src\Bsp\usart.c                       0x00000000   Number         0  usart.o ABSOLUTE
    ..\Src\Tool\CircularBuf.c                0x00000000   Number         0  circularbuf.o ABSOLUTE
    ..\Src\Tool\cir_handle.c                 0x00000000   Number         0  cir_handle.o ABSOLUTE
    ..\\Src\\App\\app.c                      0x00000000   Number         0  app.o ABSOLUTE
    ..\\Src\\Bsp\\SMBus.c                    0x00000000   Number         0  smbus.o ABSOLUTE
    ..\\Src\\Bsp\\adc.c                      0x00000000   Number         0  adc.o ABSOLUTE
    ..\\Src\\Bsp\\bsp.c                      0x00000000   Number         0  bsp.o ABSOLUTE
    ..\\Src\\Bsp\\flash.c                    0x00000000   Number         0  flash.o ABSOLUTE
    ..\\Src\\Bsp\\gpio.c                     0x00000000   Number         0  gpio.o ABSOLUTE
    ..\\Src\\Bsp\\iic_master.c               0x00000000   Number         0  iic_master.o ABSOLUTE
    ..\\Src\\Bsp\\iic_slave.c                0x00000000   Number         0  iic_slave.o ABSOLUTE
    ..\\Src\\Bsp\\iwdg.c                     0x00000000   Number         0  iwdg.o ABSOLUTE
    ..\\Src\\Bsp\\timer.c                    0x00000000   Number         0  timer.o ABSOLUTE
    ..\\Src\\Bsp\\usart.c                    0x00000000   Number         0  usart.o ABSOLUTE
    ..\\Src\\Tool\\CircularBuf.c             0x00000000   Number         0  circularbuf.o ABSOLUTE
    ..\\Src\\Tool\\cir_handle.c              0x00000000   Number         0  cir_handle.o ABSOLUTE
    cdrcmple.s                               0x00000000   Number         0  cdrcmple.o ABSOLUTE
    dc.s                                     0x00000000   Number         0  dc.o ABSOLUTE
    handlers.s                               0x00000000   Number         0  handlers.o ABSOLUTE
    init.s                                   0x00000000   Number         0  init.o ABSOLUTE
    startup_stm32g031xx.s                    0x00000000   Number         0  startup_stm32g031xx.o ABSOLUTE
    RESET                                    0x08005000   Section      192  startup_stm32g031xx.o(RESET)
    .ARM.Collect$$$$00000000                 0x080050c0   Section        0  entry.o(.ARM.Collect$$$$00000000)
    .ARM.Collect$$$$00000001                 0x080050c0   Section        4  entry2.o(.ARM.Collect$$$$00000001)
    .ARM.Collect$$$$00000004                 0x080050c4   Section        4  entry5.o(.ARM.Collect$$$$00000004)
    .ARM.Collect$$$$00000008                 0x080050c8   Section        0  entry7b.o(.ARM.Collect$$$$00000008)
    .ARM.Collect$$$$0000000A                 0x080050c8   Section        0  entry8b.o(.ARM.Collect$$$$0000000A)
    .ARM.Collect$$$$0000000B                 0x080050c8   Section        8  entry9a.o(.ARM.Collect$$$$0000000B)
    .ARM.Collect$$$$0000000D                 0x080050d0   Section        0  entry10a.o(.ARM.Collect$$$$0000000D)
    .ARM.Collect$$$$0000000F                 0x080050d0   Section        0  entry11a.o(.ARM.Collect$$$$0000000F)
    .ARM.Collect$$$$00002712                 0x080050d0   Section        4  entry2.o(.ARM.Collect$$$$00002712)
    __lit__00000000                          0x080050d0   Data           4  entry2.o(.ARM.Collect$$$$00002712)
    .emb_text                                0x080050d4   Section        6  flash.o(.emb_text)
    .text                                    0x080050dc   Section       28  startup_stm32g031xx.o(.text)
    .text                                    0x080050f8   Section        0  uidiv.o(.text)
    .text                                    0x08005124   Section        0  uldiv.o(.text)
    .text                                    0x08005184   Section        0  memseta.o(.text)
    .text                                    0x080051a8   Section        0  llshl.o(.text)
    .text                                    0x080051c8   Section        0  llushr.o(.text)
    .text                                    0x080051ec   Section       36  init.o(.text)
    i.ADC_ConversionStop                     0x08005210   Section        0  stm32g0xx_hal_adc.o(i.ADC_ConversionStop)
    i.ADC_DeInit                             0x0800526c   Section        0  adc.o(i.ADC_DeInit)
    i.ADC_Disable                            0x08005294   Section        0  stm32g0xx_hal_adc.o(i.ADC_Disable)
    i.APP_Init                               0x08005310   Section        0  app.o(i.APP_Init)
    i.APP_ParamInit                          0x08005320   Section        0  app.o(i.APP_ParamInit)
    i.APP_ParamLoad                          0x08005328   Section        0  app.o(i.APP_ParamLoad)
    i.APP_PollingTask                        0x0800532a   Section        0  app.o(i.APP_PollingTask)
    i.BSP_Init                               0x08005336   Section        0  bsp.o(i.BSP_Init)
    i.EXTI4_15_IRQHandler                    0x08005364   Section        0  gpio.o(i.EXTI4_15_IRQHandler)
    i.Error_Handler                          0x0800536e   Section        0  bsp.o(i.Error_Handler)
    i.GetDataFrmCircBuf                      0x08005372   Section        0  circularbuf.o(i.GetDataFrmCircBuf)
    i.HAL_ADC_DeInit                         0x080053ac   Section        0  stm32g0xx_hal_adc.o(i.HAL_ADC_DeInit)
    i.HAL_ADC_Init                           0x0800545c   Section        0  stm32g0xx_hal_adc.o(i.HAL_ADC_Init)
    i.HAL_ADC_MspDeInit                      0x080056c4   Section        0  adc.o(i.HAL_ADC_MspDeInit)
    i.HAL_ADC_MspInit                        0x080056f0   Section        0  adc.o(i.HAL_ADC_MspInit)
    i.HAL_DMA_Abort                          0x0800574c   Section        0  stm32g0xx_hal_dma.o(i.HAL_DMA_Abort)
    i.HAL_DMA_Abort_IT                       0x080057c4   Section        0  stm32g0xx_hal_dma.o(i.HAL_DMA_Abort_IT)
    i.HAL_DMA_GetState                       0x08005840   Section        0  stm32g0xx_hal_dma.o(i.HAL_DMA_GetState)
    i.HAL_DeInit                             0x08005848   Section        0  stm32g0xx_hal.o(i.HAL_DeInit)
    i.HAL_GPIO_DeInit                        0x08005870   Section        0  stm32g0xx_hal_gpio.o(i.HAL_GPIO_DeInit)
    i.HAL_GPIO_EXTI_Falling_Callback         0x0800593c   Section        0  stm32g0xx_hal_gpio.o(i.HAL_GPIO_EXTI_Falling_Callback)
    i.HAL_GPIO_EXTI_IRQHandler               0x08005940   Section        0  stm32g0xx_hal_gpio.o(i.HAL_GPIO_EXTI_IRQHandler)
    i.HAL_GPIO_EXTI_Rising_Callback          0x08005968   Section        0  stm32g0xx_hal_gpio.o(i.HAL_GPIO_EXTI_Rising_Callback)
    i.HAL_GPIO_Init                          0x0800596c   Section        0  stm32g0xx_hal_gpio.o(i.HAL_GPIO_Init)
    i.HAL_GPIO_WritePin                      0x08005aac   Section        0  stm32g0xx_hal_gpio.o(i.HAL_GPIO_WritePin)
    i.HAL_GetTick                            0x08005ab8   Section        0  stm32g0xx_hal.o(i.HAL_GetTick)
    i.HAL_I2CEx_ConfigAnalogFilter           0x08005ac4   Section        0  stm32g0xx_hal_i2c_ex.o(i.HAL_I2CEx_ConfigAnalogFilter)
    i.HAL_I2CEx_ConfigDigitalFilter          0x08005b12   Section        0  stm32g0xx_hal_i2c_ex.o(i.HAL_I2CEx_ConfigDigitalFilter)
    i.HAL_I2C_AbortCpltCallback              0x08005b5e   Section        0  stm32g0xx_hal_i2c.o(i.HAL_I2C_AbortCpltCallback)
    i.HAL_I2C_AddrCallback                   0x08005b60   Section        0  stm32g0xx_hal_i2c.o(i.HAL_I2C_AddrCallback)
    i.HAL_I2C_DeInit                         0x08005b62   Section        0  stm32g0xx_hal_i2c.o(i.HAL_I2C_DeInit)
    i.HAL_I2C_ER_IRQHandler                  0x08005b94   Section        0  stm32g0xx_hal_i2c.o(i.HAL_I2C_ER_IRQHandler)
    i.HAL_I2C_EV_IRQHandler                  0x08005bf2   Section        0  stm32g0xx_hal_i2c.o(i.HAL_I2C_EV_IRQHandler)
    i.HAL_I2C_ErrorCallback                  0x08005c02   Section        0  stm32g0xx_hal_i2c.o(i.HAL_I2C_ErrorCallback)
    i.HAL_I2C_Init                           0x08005c04   Section        0  stm32g0xx_hal_i2c.o(i.HAL_I2C_Init)
    i.HAL_I2C_ListenCpltCallback             0x08005cc0   Section        0  stm32g0xx_hal_i2c.o(i.HAL_I2C_ListenCpltCallback)
    i.HAL_I2C_MspDeInit                      0x08005cc4   Section        0  iic_slave.o(i.HAL_I2C_MspDeInit)
    i.HAL_I2C_MspInit                        0x08005d38   Section        0  iic_slave.o(i.HAL_I2C_MspInit)
    i.HAL_I2C_SlaveRxCpltCallback            0x08005dfc   Section        0  stm32g0xx_hal_i2c.o(i.HAL_I2C_SlaveRxCpltCallback)
    i.HAL_I2C_SlaveTxCpltCallback            0x08005dfe   Section        0  stm32g0xx_hal_i2c.o(i.HAL_I2C_SlaveTxCpltCallback)
    i.HAL_IWDG_Init                          0x08005e00   Section        0  stm32g0xx_hal_iwdg.o(i.HAL_IWDG_Init)
    i.HAL_IWDG_Refresh                       0x08005e64   Section        0  stm32g0xx_hal_iwdg.o(i.HAL_IWDG_Refresh)
    i.HAL_IncTick                            0x08005e74   Section        0  stm32g0xx_hal.o(i.HAL_IncTick)
    i.HAL_Init                               0x08005e84   Section        0  stm32g0xx_hal.o(i.HAL_Init)
    i.HAL_InitTick                           0x08005eac   Section        0  stm32g0xx_hal.o(i.HAL_InitTick)
    i.HAL_MspDeInit                          0x08005efc   Section        0  stm32g0xx_hal.o(i.HAL_MspDeInit)
    i.HAL_MspInit                            0x08005f00   Section        0  stm32g0xx_hal_msp.o(i.HAL_MspInit)
    i.HAL_NVIC_DisableIRQ                    0x08005f2c   Section        0  stm32g0xx_hal_cortex.o(i.HAL_NVIC_DisableIRQ)
    i.HAL_NVIC_EnableIRQ                     0x08005f4c   Section        0  stm32g0xx_hal_cortex.o(i.HAL_NVIC_EnableIRQ)
    i.HAL_NVIC_SetPriority                   0x08005f64   Section        0  stm32g0xx_hal_cortex.o(i.HAL_NVIC_SetPriority)
    i.HAL_PWREx_ControlVoltageScaling        0x08005f6c   Section        0  stm32g0xx_hal_pwr_ex.o(i.HAL_PWREx_ControlVoltageScaling)
    i.HAL_RCCEx_PeriphCLKConfig              0x08005fb8   Section        0  stm32g0xx_hal_rcc_ex.o(i.HAL_RCCEx_PeriphCLKConfig)
    i.HAL_RCC_ClockConfig                    0x08006188   Section        0  stm32g0xx_hal_rcc.o(i.HAL_RCC_ClockConfig)
    i.HAL_RCC_DeInit                         0x080062fc   Section        0  stm32g0xx_hal_rcc.o(i.HAL_RCC_DeInit)
    i.HAL_RCC_GetHCLKFreq                    0x080063ac   Section        0  stm32g0xx_hal_rcc.o(i.HAL_RCC_GetHCLKFreq)
    i.HAL_RCC_GetPCLK1Freq                   0x080063b8   Section        0  stm32g0xx_hal_rcc.o(i.HAL_RCC_GetPCLK1Freq)
    i.HAL_RCC_GetSysClockFreq                0x080063e0   Section        0  stm32g0xx_hal_rcc.o(i.HAL_RCC_GetSysClockFreq)
    i.HAL_RCC_OscConfig                      0x0800647c   Section        0  stm32g0xx_hal_rcc.o(i.HAL_RCC_OscConfig)
    i.HAL_SYSTICK_Config                     0x080068b8   Section        0  stm32g0xx_hal_cortex.o(i.HAL_SYSTICK_Config)
    i.HAL_TIMEx_Break2Callback               0x080068e8   Section        0  stm32g0xx_hal_tim_ex.o(i.HAL_TIMEx_Break2Callback)
    i.HAL_TIMEx_BreakCallback                0x080068ea   Section        0  stm32g0xx_hal_tim_ex.o(i.HAL_TIMEx_BreakCallback)
    i.HAL_TIMEx_CommutCallback               0x080068ec   Section        0  stm32g0xx_hal_tim_ex.o(i.HAL_TIMEx_CommutCallback)
    i.HAL_TIMEx_MasterConfigSynchronization  0x080068f0   Section        0  stm32g0xx_hal_tim_ex.o(i.HAL_TIMEx_MasterConfigSynchronization)
    i.HAL_TIM_Base_DeInit                    0x08006958   Section        0  stm32g0xx_hal_tim.o(i.HAL_TIM_Base_DeInit)
    i.HAL_TIM_Base_Init                      0x080069ac   Section        0  stm32g0xx_hal_tim.o(i.HAL_TIM_Base_Init)
    i.HAL_TIM_Base_MspDeInit                 0x080069fc   Section        0  timer.o(i.HAL_TIM_Base_MspDeInit)
    i.HAL_TIM_Base_MspInit                   0x08006a20   Section        0  timer.o(i.HAL_TIM_Base_MspInit)
    i.HAL_TIM_Base_Start_IT                  0x08006a54   Section        0  stm32g0xx_hal_tim.o(i.HAL_TIM_Base_Start_IT)
    i.HAL_TIM_Base_Stop_IT                   0x08006ab4   Section        0  stm32g0xx_hal_tim.o(i.HAL_TIM_Base_Stop_IT)
    i.HAL_TIM_ConfigClockSource              0x08006ae8   Section        0  stm32g0xx_hal_tim.o(i.HAL_TIM_ConfigClockSource)
    i.HAL_TIM_IC_CaptureCallback             0x08006bcc   Section        0  stm32g0xx_hal_tim.o(i.HAL_TIM_IC_CaptureCallback)
    i.HAL_TIM_IRQHandler                     0x08006bd0   Section        0  stm32g0xx_hal_tim.o(i.HAL_TIM_IRQHandler)
    i.HAL_TIM_OC_DelayElapsedCallback        0x08006d5c   Section        0  stm32g0xx_hal_tim.o(i.HAL_TIM_OC_DelayElapsedCallback)
    i.HAL_TIM_PWM_PulseFinishedCallback      0x08006d5e   Section        0  stm32g0xx_hal_tim.o(i.HAL_TIM_PWM_PulseFinishedCallback)
    i.HAL_TIM_PeriodElapsedCallback          0x08006d60   Section        0  stm32g0xx_hal_tim.o(i.HAL_TIM_PeriodElapsedCallback)
    i.HAL_TIM_TriggerCallback                0x08006d62   Section        0  stm32g0xx_hal_tim.o(i.HAL_TIM_TriggerCallback)
    i.HAL_UARTEx_RxEventCallback             0x08006d64   Section        0  stm32g0xx_hal_uart.o(i.HAL_UARTEx_RxEventCallback)
    i.HAL_UARTEx_RxFifoFullCallback          0x08006d66   Section        0  stm32g0xx_hal_uart_ex.o(i.HAL_UARTEx_RxFifoFullCallback)
    i.HAL_UARTEx_SetRxFifoThreshold          0x08006d68   Section        0  stm32g0xx_hal_uart_ex.o(i.HAL_UARTEx_SetRxFifoThreshold)
    i.HAL_UARTEx_TxFifoEmptyCallback         0x08006db0   Section        0  stm32g0xx_hal_uart_ex.o(i.HAL_UARTEx_TxFifoEmptyCallback)
    i.HAL_UARTEx_WakeupCallback              0x08006db2   Section        0  stm32g0xx_hal_uart_ex.o(i.HAL_UARTEx_WakeupCallback)
    i.HAL_UART_DeInit                        0x08006db4   Section        0  stm32g0xx_hal_uart.o(i.HAL_UART_DeInit)
    i.HAL_UART_ErrorCallback                 0x08006df4   Section        0  stm32g0xx_hal_uart.o(i.HAL_UART_ErrorCallback)
    i.HAL_UART_IRQHandler                    0x08006df8   Section        0  stm32g0xx_hal_uart.o(i.HAL_UART_IRQHandler)
    i.HAL_UART_Init                          0x08007064   Section        0  stm32g0xx_hal_uart.o(i.HAL_UART_Init)
    i.HAL_UART_MspDeInit                     0x080070d8   Section        0  usart.o(i.HAL_UART_MspDeInit)
    i.HAL_UART_MspInit                       0x08007130   Section        0  usart.o(i.HAL_UART_MspInit)
    i.HAL_UART_Transmit                      0x080071f0   Section        0  stm32g0xx_hal_uart.o(i.HAL_UART_Transmit)
    i.HAL_UART_TxCpltCallback                0x080072de   Section        0  stm32g0xx_hal_uart.o(i.HAL_UART_TxCpltCallback)
    i.HardFault_Handler                      0x080072e0   Section        0  stm32g0xx_it.o(i.HardFault_Handler)
    i.I2C1_ER_IRQHandler                     0x080072e4   Section        0  iic_slave.o(i.I2C1_ER_IRQHandler)
    i.I2C1_EV_IRQHandler                     0x08007318   Section        0  iic_slave.o(i.I2C1_EV_IRQHandler)
    i.I2C1_IRQHandler                        0x08007424   Section        0  iic_slave.o(i.I2C1_IRQHandler)
    i.I2C2_IRQHandler                        0x08007450   Section        0  iic_slave.o(i.I2C2_IRQHandler)
    i.I2C_DMAAbort                           0x08007474   Section        0  stm32g0xx_hal_i2c.o(i.I2C_DMAAbort)
    I2C_DMAAbort                             0x08007475   Thumb Code    28  stm32g0xx_hal_i2c.o(i.I2C_DMAAbort)
    i.I2C_Disable_IRQ                        0x08007490   Section        0  stm32g0xx_hal_i2c.o(i.I2C_Disable_IRQ)
    I2C_Disable_IRQ                          0x08007491   Thumb Code    86  stm32g0xx_hal_i2c.o(i.I2C_Disable_IRQ)
    i.I2C_Flush_TXDR                         0x080074e6   Section        0  stm32g0xx_hal_i2c.o(i.I2C_Flush_TXDR)
    I2C_Flush_TXDR                           0x080074e7   Thumb Code    34  stm32g0xx_hal_i2c.o(i.I2C_Flush_TXDR)
    i.I2C_ITAddrCplt                         0x08007508   Section        0  stm32g0xx_hal_i2c.o(i.I2C_ITAddrCplt)
    I2C_ITAddrCplt                           0x08007509   Thumb Code   158  stm32g0xx_hal_i2c.o(i.I2C_ITAddrCplt)
    i.I2C_ITError                            0x080075a8   Section        0  stm32g0xx_hal_i2c.o(i.I2C_ITError)
    I2C_ITError                              0x080075a9   Thumb Code   236  stm32g0xx_hal_i2c.o(i.I2C_ITError)
    i.I2C_ITListenCplt                       0x080076a4   Section        0  stm32g0xx_hal_i2c.o(i.I2C_ITListenCplt)
    I2C_ITListenCplt                         0x080076a5   Thumb Code    92  stm32g0xx_hal_i2c.o(i.I2C_ITListenCplt)
    i.I2C_ITSlaveCplt                        0x08007708   Section        0  stm32g0xx_hal_i2c.o(i.I2C_ITSlaveCplt)
    I2C_ITSlaveCplt                          0x08007709   Thumb Code   314  stm32g0xx_hal_i2c.o(i.I2C_ITSlaveCplt)
    i.I2C_ITSlaveSeqCplt                     0x08007850   Section        0  stm32g0xx_hal_i2c.o(i.I2C_ITSlaveSeqCplt)
    I2C_ITSlaveSeqCplt                       0x08007851   Thumb Code   110  stm32g0xx_hal_i2c.o(i.I2C_ITSlaveSeqCplt)
    i.I2C_Slave_ISR_IT                       0x080078c0   Section        0  stm32g0xx_hal_i2c.o(i.I2C_Slave_ISR_IT)
    I2C_Slave_ISR_IT                         0x080078c1   Thumb Code   306  stm32g0xx_hal_i2c.o(i.I2C_Slave_ISR_IT)
    i.I2C_TreatErrorCallback                 0x080079fc   Section        0  stm32g0xx_hal_i2c.o(i.I2C_TreatErrorCallback)
    I2C_TreatErrorCallback                   0x080079fd   Thumb Code    38  stm32g0xx_hal_i2c.o(i.I2C_TreatErrorCallback)
    i.IIC_DeInit                             0x08007a24   Section        0  iic_slave.o(i.IIC_DeInit)
    i.IWDG_Feed                              0x08007a90   Section        0  iwdg.o(i.IWDG_Feed)
    i.LL_ADC_IsEnabled                       0x08007aa0   Section        0  stm32g0xx_hal_adc.o(i.LL_ADC_IsEnabled)
    LL_ADC_IsEnabled                         0x08007aa1   Thumb Code     8  stm32g0xx_hal_adc.o(i.LL_ADC_IsEnabled)
    i.LL_ADC_REG_IsConversionOngoing         0x08007aa8   Section        0  stm32g0xx_hal_adc.o(i.LL_ADC_REG_IsConversionOngoing)
    LL_ADC_REG_IsConversionOngoing           0x08007aa9   Thumb Code     8  stm32g0xx_hal_adc.o(i.LL_ADC_REG_IsConversionOngoing)
    i.LL_ADC_SetSamplingTimeCommonChannels   0x08007ab0   Section        0  stm32g0xx_hal_adc.o(i.LL_ADC_SetSamplingTimeCommonChannels)
    LL_ADC_SetSamplingTimeCommonChannels     0x08007ab1   Thumb Code    22  stm32g0xx_hal_adc.o(i.LL_ADC_SetSamplingTimeCommonChannels)
    i.MX_ADC1_Init                           0x08007ac8   Section        0  adc.o(i.MX_ADC1_Init)
    i.MX_GPIO_Init                           0x08007b14   Section        0  gpio.o(i.MX_GPIO_Init)
    i.MX_I2C1_Init                           0x08007ba0   Section        0  iic_slave.o(i.MX_I2C1_Init)
    i.MX_I2C2_Init                           0x08007c28   Section        0  iic_slave.o(i.MX_I2C2_Init)
    i.MX_IWDG_Init                           0x08007c80   Section        0  iwdg.o(i.MX_IWDG_Init)
    i.MX_TIM3_Init                           0x08007cb4   Section        0  timer.o(i.MX_TIM3_Init)
    i.MX_USART1_UART_Init                    0x08007d2c   Section        0  usart.o(i.MX_USART1_UART_Init)
    i.MX_USART2_UART_Init                    0x08007d88   Section        0  usart.o(i.MX_USART2_UART_Init)
    i.NMI_Handler                            0x08007dc4   Section        0  stm32g0xx_it.o(i.NMI_Handler)
    i.PendSV_Handler                         0x08007dc6   Section        0  stm32g0xx_it.o(i.PendSV_Handler)
    i.PutData2CircBuf                        0x08007dc8   Section        0  circularbuf.o(i.PutData2CircBuf)
    i.ReadDataFromCircBuf                    0x08007e14   Section        0  circularbuf.o(i.ReadDataFromCircBuf)
    i.ReadDataFromCircBuf2                   0x08007e38   Section        0  circularbuf.o(i.ReadDataFromCircBuf2)
    i.SVC_Handler                            0x08007e40   Section        0  stm32g0xx_it.o(i.SVC_Handler)
    i.SysTick_Handler                        0x08007e42   Section        0  stm32g0xx_it.o(i.SysTick_Handler)
    i.SystemClock_Config                     0x08007e4c   Section        0  bsp.o(i.SystemClock_Config)
    i.SystemInit                             0x08007ed0   Section        0  system_stm32g0xx.o(i.SystemInit)
    i.TIM3_IRQHandler                        0x08007ee0   Section        0  timer.o(i.TIM3_IRQHandler)
    i.TIM_Base_SetConfig                     0x08007efc   Section        0  stm32g0xx_hal_tim.o(i.TIM_Base_SetConfig)
    i.TIM_DeInit                             0x08007f80   Section        0  timer.o(i.TIM_DeInit)
    i.TIM_ETR_SetConfig                      0x08007fa8   Section        0  stm32g0xx_hal_tim.o(i.TIM_ETR_SetConfig)
    i.TIM_ITRx_SetConfig                     0x08007fc0   Section        0  stm32g0xx_hal_tim.o(i.TIM_ITRx_SetConfig)
    TIM_ITRx_SetConfig                       0x08007fc1   Thumb Code    16  stm32g0xx_hal_tim.o(i.TIM_ITRx_SetConfig)
    i.TIM_TI1_ConfigInputStage               0x08007fd4   Section        0  stm32g0xx_hal_tim.o(i.TIM_TI1_ConfigInputStage)
    TIM_TI1_ConfigInputStage                 0x08007fd5   Thumb Code    34  stm32g0xx_hal_tim.o(i.TIM_TI1_ConfigInputStage)
    i.TIM_TI2_ConfigInputStage               0x08007ff6   Section        0  stm32g0xx_hal_tim.o(i.TIM_TI2_ConfigInputStage)
    TIM_TI2_ConfigInputStage                 0x08007ff7   Thumb Code    38  stm32g0xx_hal_tim.o(i.TIM_TI2_ConfigInputStage)
    i.TMR0_Delay                             0x0800801c   Section        0  timer.o(i.TMR0_Delay)
    i.UARTEx_SetNbDataToProcess              0x0800804c   Section        0  stm32g0xx_hal_uart_ex.o(i.UARTEx_SetNbDataToProcess)
    UARTEx_SetNbDataToProcess                0x0800804d   Thumb Code    82  stm32g0xx_hal_uart_ex.o(i.UARTEx_SetNbDataToProcess)
    i.UART_AdvFeatureConfig                  0x080080b0   Section        0  stm32g0xx_hal_uart.o(i.UART_AdvFeatureConfig)
    i.UART_CheckIdleState                    0x0800817c   Section        0  stm32g0xx_hal_uart.o(i.UART_CheckIdleState)
    i.UART_DMAAbortOnError                   0x080081e4   Section        0  stm32g0xx_hal_uart.o(i.UART_DMAAbortOnError)
    UART_DMAAbortOnError                     0x080081e5   Thumb Code    20  stm32g0xx_hal_uart.o(i.UART_DMAAbortOnError)
    i.UART_DeInit                            0x080081f8   Section        0  usart.o(i.UART_DeInit)
    i.UART_EndRxTransfer                     0x08008250   Section        0  stm32g0xx_hal_uart.o(i.UART_EndRxTransfer)
    UART_EndRxTransfer                       0x08008251   Thumb Code    52  stm32g0xx_hal_uart.o(i.UART_EndRxTransfer)
    i.UART_EndTransmit_IT                    0x08008288   Section        0  stm32g0xx_hal_uart.o(i.UART_EndTransmit_IT)
    UART_EndTransmit_IT                      0x08008289   Thumb Code    28  stm32g0xx_hal_uart.o(i.UART_EndTransmit_IT)
    i.UART_SetConfig                         0x080082a4   Section        0  stm32g0xx_hal_uart.o(i.UART_SetConfig)
    i.UART_WaitOnFlagUntilTimeout            0x08008500   Section        0  stm32g0xx_hal_uart.o(i.UART_WaitOnFlagUntilTimeout)
    i.USART1_IRQHandler                      0x080085a4   Section        0  usart.o(i.USART1_IRQHandler)
    i.USART2_IRQHandler                      0x080085c8   Section        0  usart.o(i.USART2_IRQHandler)
    i.__0printf$2                            0x080085d8   Section        0  printf2.o(i.__0printf$2)
    i.__NVIC_SetPriority                     0x080085f8   Section        0  stm32g0xx_hal_cortex.o(i.__NVIC_SetPriority)
    __NVIC_SetPriority                       0x080085f9   Thumb Code    60  stm32g0xx_hal_cortex.o(i.__NVIC_SetPriority)
    i.__scatterload_copy                     0x0800863c   Section       14  handlers.o(i.__scatterload_copy)
    i.__scatterload_null                     0x0800864a   Section        2  handlers.o(i.__scatterload_null)
    i.__scatterload_zeroinit                 0x0800864c   Section       14  handlers.o(i.__scatterload_zeroinit)
    i._printf_core                           0x0800865a   Section        0  printf2.o(i._printf_core)
    _printf_core                             0x0800865b   Thumb Code   210  printf2.o(i._printf_core)
    i.cir_handle_init                        0x0800872c   Section        0  cir_handle.o(i.cir_handle_init)
    i.circ_usart1_rx_data_handle             0x0800874c   Section        0  cir_handle.o(i.circ_usart1_rx_data_handle)
    circ_usart1_rx_data_handle               0x0800874d   Thumb Code   188  cir_handle.o(i.circ_usart1_rx_data_handle)
    i.delay_ms                               0x08008828   Section        0  bsp.o(i.delay_ms)
    i.delay_us                               0x08008844   Section        0  bsp.o(i.delay_us)
    i.fputc                                  0x0800887c   Section        0  usart.o(i.fputc)
    i.isEmpty                                0x08008898   Section        0  circularbuf.o(i.isEmpty)
    i.isFull                                 0x080088b0   Section        0  circularbuf.o(i.isFull)
    i.jump_application                       0x080088d8   Section        0  flash.o(i.jump_application)
    i.main                                   0x08008914   Section        0  main.o(i.main)
    i.read_data_from_circ_buf                0x08008974   Section        0  circularbuf.o(i.read_data_from_circ_buf)
    i.usart1_rx_handle                       0x080089ae   Section        0  cir_handle.o(i.usart1_rx_handle)
    i.usart1_rx_irq                          0x080089bc   Section        0  cir_handle.o(i.usart1_rx_irq)
    .constdata                               0x080089cc   Section       24  stm32g0xx_hal_uart.o(.constdata)
    .constdata                               0x080089e4   Section       64  system_stm32g0xx.o(.constdata)
    .constdata                               0x08008a24   Section       32  system_stm32g0xx.o(.constdata)
    .data                                    0x20000000   Section        1  main.o(.data)
    x                                        0x20000000   Data           1  main.o(.data)
    .data                                    0x20000004   Section       12  stm32g0xx_hal.o(.data)
    .data                                    0x20000010   Section        4  system_stm32g0xx.o(.data)
    .data                                    0x20000014   Section        4  bsp.o(.data)
    fac_us                                   0x20000014   Data           4  bsp.o(.data)
    .data                                    0x20000018   Section        4  timer.o(.data)
    .data                                    0x2000001c   Section       12  iic_slave.o(.data)
    .data                                    0x20000028   Section        1  cir_handle.o(.data)
    x                                        0x20000028   Data           1  cir_handle.o(.data)
    .data                                    0x2000002c   Section        4  stdout.o(.data)
    .bss                                     0x20000030   Section      100  adc.o(.bss)
    .bss                                     0x20000094   Section       16  iwdg.o(.bss)
    .bss                                     0x200000a4   Section       76  timer.o(.bss)
    .bss                                     0x200000f0   Section      288  usart.o(.bss)
    .bss                                     0x20000210   Section      162  iic_slave.o(.bss)
    .bss                                     0x200002b2   Section      156  cir_handle.o(.bss)
    STACK                                    0x20000350   Section     1024  startup_stm32g031xx.o(STACK)

    Global Symbols

    Symbol Name                              Value     Ov Type        Size  Object(Section)

    BuildAttributes$$THM_ISAv3M$S$PE$A:L22$X:L11$S22$IEEE1$IW$USESV6$~STKCKD$USESV7$~SHL$OTIME$ROPI$EBA8$MICROLIB$REQ8$PRES8$EABIv2 0x00000000   Number         0  anon$$obj.o ABSOLUTE
    __ARM_use_no_argv                        0x00000000   Number         0  main.o ABSOLUTE
    _printf_a                                0x00000000   Number         0  stubs.o ABSOLUTE
    _printf_c                                0x00000000   Number         0  stubs.o ABSOLUTE
    _printf_charcount                        0x00000000   Number         0  stubs.o ABSOLUTE
    _printf_d                                0x00000000   Number         0  stubs.o ABSOLUTE
    _printf_e                                0x00000000   Number         0  stubs.o ABSOLUTE
    _printf_f                                0x00000000   Number         0  stubs.o ABSOLUTE
    _printf_flags                            0x00000000   Number         0  stubs.o ABSOLUTE
    _printf_fp_dec                           0x00000000   Number         0  stubs.o ABSOLUTE
    _printf_fp_hex                           0x00000000   Number         0  stubs.o ABSOLUTE
    _printf_g                                0x00000000   Number         0  stubs.o ABSOLUTE
    _printf_i                                0x00000000   Number         0  stubs.o ABSOLUTE
    _printf_int_dec                          0x00000000   Number         0  stubs.o ABSOLUTE
    _printf_l                                0x00000000   Number         0  stubs.o ABSOLUTE
    _printf_lc                               0x00000000   Number         0  stubs.o ABSOLUTE
    _printf_ll                               0x00000000   Number         0  stubs.o ABSOLUTE
    _printf_lld                              0x00000000   Number         0  stubs.o ABSOLUTE
    _printf_lli                              0x00000000   Number         0  stubs.o ABSOLUTE
    _printf_llo                              0x00000000   Number         0  stubs.o ABSOLUTE
    _printf_llu                              0x00000000   Number         0  stubs.o ABSOLUTE
    _printf_llx                              0x00000000   Number         0  stubs.o ABSOLUTE
    _printf_longlong_dec                     0x00000000   Number         0  stubs.o ABSOLUTE
    _printf_longlong_hex                     0x00000000   Number         0  stubs.o ABSOLUTE
    _printf_longlong_oct                     0x00000000   Number         0  stubs.o ABSOLUTE
    _printf_ls                               0x00000000   Number         0  stubs.o ABSOLUTE
    _printf_mbtowc                           0x00000000   Number         0  stubs.o ABSOLUTE
    _printf_n                                0x00000000   Number         0  stubs.o ABSOLUTE
    _printf_o                                0x00000000   Number         0  stubs.o ABSOLUTE
    _printf_p                                0x00000000   Number         0  stubs.o ABSOLUTE
    _printf_percent                          0x00000000   Number         0  stubs.o ABSOLUTE
    _printf_pre_padding                      0x00000000   Number         0  stubs.o ABSOLUTE
    _printf_return_value                     0x00000000   Number         0  stubs.o ABSOLUTE
    _printf_s                                0x00000000   Number         0  stubs.o ABSOLUTE
    _printf_sizespec                         0x00000000   Number         0  stubs.o ABSOLUTE
    _printf_str                              0x00000000   Number         0  stubs.o ABSOLUTE
    _printf_truncate_signed                  0x00000000   Number         0  stubs.o ABSOLUTE
    _printf_truncate_unsigned                0x00000000   Number         0  stubs.o ABSOLUTE
    _printf_u                                0x00000000   Number         0  stubs.o ABSOLUTE
    _printf_wc                               0x00000000   Number         0  stubs.o ABSOLUTE
    _printf_wctomb                           0x00000000   Number         0  stubs.o ABSOLUTE
    _printf_widthprec                        0x00000000   Number         0  stubs.o ABSOLUTE
    _printf_x                                0x00000000   Number         0  stubs.o ABSOLUTE
    __cpp_initialize__aeabi_                  - Undefined Weak Reference
    __cxa_finalize                            - Undefined Weak Reference
    __decompress                              - Undefined Weak Reference
    _clock_init                               - Undefined Weak Reference
    _microlib_exit                            - Undefined Weak Reference
    __Vectors_Size                           0x000000c0   Number         0  startup_stm32g031xx.o ABSOLUTE
    __Vectors                                0x08005000   Data           4  startup_stm32g031xx.o(RESET)
    __Vectors_End                            0x080050c0   Data           0  startup_stm32g031xx.o(RESET)
    __main                                   0x080050c1   Thumb Code     0  entry.o(.ARM.Collect$$$$00000000)
    _main_stk                                0x080050c1   Thumb Code     0  entry2.o(.ARM.Collect$$$$00000001)
    _main_scatterload                        0x080050c5   Thumb Code     0  entry5.o(.ARM.Collect$$$$00000004)
    __main_after_scatterload                 0x080050c9   Thumb Code     0  entry5.o(.ARM.Collect$$$$00000004)
    _main_clock                              0x080050c9   Thumb Code     0  entry7b.o(.ARM.Collect$$$$00000008)
    _main_cpp_init                           0x080050c9   Thumb Code     0  entry8b.o(.ARM.Collect$$$$0000000A)
    _main_init                               0x080050c9   Thumb Code     0  entry9a.o(.ARM.Collect$$$$0000000B)
    __rt_final_cpp                           0x080050d1   Thumb Code     0  entry10a.o(.ARM.Collect$$$$0000000D)
    __rt_final_exit                          0x080050d1   Thumb Code     0  entry11a.o(.ARM.Collect$$$$0000000F)
    MSR_MSP                                  0x080050d5   Thumb Code     6  flash.o(.emb_text)
    Reset_Handler                            0x080050dd   Thumb Code     8  startup_stm32g031xx.o(.text)
    ADC1_IRQHandler                          0x080050ef   Thumb Code     0  startup_stm32g031xx.o(.text)
    DMA1_Ch4_5_DMAMUX1_OVR_IRQHandler        0x080050ef   Thumb Code     0  startup_stm32g031xx.o(.text)
    DMA1_Channel1_IRQHandler                 0x080050ef   Thumb Code     0  startup_stm32g031xx.o(.text)
    DMA1_Channel2_3_IRQHandler               0x080050ef   Thumb Code     0  startup_stm32g031xx.o(.text)
    EXTI0_1_IRQHandler                       0x080050ef   Thumb Code     0  startup_stm32g031xx.o(.text)
    EXTI2_3_IRQHandler                       0x080050ef   Thumb Code     0  startup_stm32g031xx.o(.text)
    FLASH_IRQHandler                         0x080050ef   Thumb Code     0  startup_stm32g031xx.o(.text)
    LPTIM1_IRQHandler                        0x080050ef   Thumb Code     0  startup_stm32g031xx.o(.text)
    LPTIM2_IRQHandler                        0x080050ef   Thumb Code     0  startup_stm32g031xx.o(.text)
    LPUART1_IRQHandler                       0x080050ef   Thumb Code     0  startup_stm32g031xx.o(.text)
    PVD_IRQHandler                           0x080050ef   Thumb Code     0  startup_stm32g031xx.o(.text)
    RCC_IRQHandler                           0x080050ef   Thumb Code     0  startup_stm32g031xx.o(.text)
    RTC_TAMP_IRQHandler                      0x080050ef   Thumb Code     0  startup_stm32g031xx.o(.text)
    SPI1_IRQHandler                          0x080050ef   Thumb Code     0  startup_stm32g031xx.o(.text)
    SPI2_IRQHandler                          0x080050ef   Thumb Code     0  startup_stm32g031xx.o(.text)
    TIM14_IRQHandler                         0x080050ef   Thumb Code     0  startup_stm32g031xx.o(.text)
    TIM16_IRQHandler                         0x080050ef   Thumb Code     0  startup_stm32g031xx.o(.text)
    TIM17_IRQHandler                         0x080050ef   Thumb Code     0  startup_stm32g031xx.o(.text)
    TIM1_BRK_UP_TRG_COM_IRQHandler           0x080050ef   Thumb Code     0  startup_stm32g031xx.o(.text)
    TIM1_CC_IRQHandler                       0x080050ef   Thumb Code     0  startup_stm32g031xx.o(.text)
    TIM2_IRQHandler                          0x080050ef   Thumb Code     0  startup_stm32g031xx.o(.text)
    WWDG_IRQHandler                          0x080050ef   Thumb Code     0  startup_stm32g031xx.o(.text)
    __aeabi_uidiv                            0x080050f9   Thumb Code     0  uidiv.o(.text)
    __aeabi_uidivmod                         0x080050f9   Thumb Code    44  uidiv.o(.text)
    __aeabi_uldivmod                         0x08005125   Thumb Code    96  uldiv.o(.text)
    __aeabi_memset                           0x08005185   Thumb Code    14  memseta.o(.text)
    __aeabi_memset4                          0x08005185   Thumb Code     0  memseta.o(.text)
    __aeabi_memset8                          0x08005185   Thumb Code     0  memseta.o(.text)
    __aeabi_memclr                           0x08005193   Thumb Code     4  memseta.o(.text)
    __aeabi_memclr4                          0x08005193   Thumb Code     0  memseta.o(.text)
    __aeabi_memclr8                          0x08005193   Thumb Code     0  memseta.o(.text)
    _memset$wrapper                          0x08005197   Thumb Code    18  memseta.o(.text)
    __aeabi_llsl                             0x080051a9   Thumb Code    32  llshl.o(.text)
    _ll_shift_l                              0x080051a9   Thumb Code     0  llshl.o(.text)
    __aeabi_llsr                             0x080051c9   Thumb Code    34  llushr.o(.text)
    _ll_ushift_r                             0x080051c9   Thumb Code     0  llushr.o(.text)
    __scatterload                            0x080051ed   Thumb Code    28  init.o(.text)
    __scatterload_rt2                        0x080051ed   Thumb Code     0  init.o(.text)
    ADC_ConversionStop                       0x08005211   Thumb Code    86  stm32g0xx_hal_adc.o(i.ADC_ConversionStop)
    ADC_DeInit                               0x0800526d   Thumb Code    32  adc.o(i.ADC_DeInit)
    ADC_Disable                              0x08005295   Thumb Code   118  stm32g0xx_hal_adc.o(i.ADC_Disable)
    APP_Init                                 0x08005311   Thumb Code    16  app.o(i.APP_Init)
    APP_ParamInit                            0x08005321   Thumb Code     8  app.o(i.APP_ParamInit)
    APP_ParamLoad                            0x08005329   Thumb Code     2  app.o(i.APP_ParamLoad)
    APP_PollingTask                          0x0800532b   Thumb Code    12  app.o(i.APP_PollingTask)
    BSP_Init                                 0x08005337   Thumb Code    46  bsp.o(i.BSP_Init)
    EXTI4_15_IRQHandler                      0x08005365   Thumb Code    10  gpio.o(i.EXTI4_15_IRQHandler)
    Error_Handler                            0x0800536f   Thumb Code     4  bsp.o(i.Error_Handler)
    GetDataFrmCircBuf                        0x08005373   Thumb Code    58  circularbuf.o(i.GetDataFrmCircBuf)
    HAL_ADC_DeInit                           0x080053ad   Thumb Code   156  stm32g0xx_hal_adc.o(i.HAL_ADC_DeInit)
    HAL_ADC_Init                             0x0800545d   Thumb Code   578  stm32g0xx_hal_adc.o(i.HAL_ADC_Init)
    HAL_ADC_MspDeInit                        0x080056c5   Thumb Code    34  adc.o(i.HAL_ADC_MspDeInit)
    HAL_ADC_MspInit                          0x080056f1   Thumb Code    84  adc.o(i.HAL_ADC_MspInit)
    HAL_DMA_Abort                            0x0800574d   Thumb Code   116  stm32g0xx_hal_dma.o(i.HAL_DMA_Abort)
    HAL_DMA_Abort_IT                         0x080057c5   Thumb Code   118  stm32g0xx_hal_dma.o(i.HAL_DMA_Abort_IT)
    HAL_DMA_GetState                         0x08005841   Thumb Code     6  stm32g0xx_hal_dma.o(i.HAL_DMA_GetState)
    HAL_DeInit                               0x08005849   Thumb Code    34  stm32g0xx_hal.o(i.HAL_DeInit)
    HAL_GPIO_DeInit                          0x08005871   Thumb Code   188  stm32g0xx_hal_gpio.o(i.HAL_GPIO_DeInit)
    HAL_GPIO_EXTI_Falling_Callback           0x0800593d   Thumb Code     2  stm32g0xx_hal_gpio.o(i.HAL_GPIO_EXTI_Falling_Callback)
    HAL_GPIO_EXTI_IRQHandler                 0x08005941   Thumb Code    36  stm32g0xx_hal_gpio.o(i.HAL_GPIO_EXTI_IRQHandler)
    HAL_GPIO_EXTI_Rising_Callback            0x08005969   Thumb Code     2  stm32g0xx_hal_gpio.o(i.HAL_GPIO_EXTI_Rising_Callback)
    HAL_GPIO_Init                            0x0800596d   Thumb Code   302  stm32g0xx_hal_gpio.o(i.HAL_GPIO_Init)
    HAL_GPIO_WritePin                        0x08005aad   Thumb Code    12  stm32g0xx_hal_gpio.o(i.HAL_GPIO_WritePin)
    HAL_GetTick                              0x08005ab9   Thumb Code     6  stm32g0xx_hal.o(i.HAL_GetTick)
    HAL_I2CEx_ConfigAnalogFilter             0x08005ac5   Thumb Code    78  stm32g0xx_hal_i2c_ex.o(i.HAL_I2CEx_ConfigAnalogFilter)
    HAL_I2CEx_ConfigDigitalFilter            0x08005b13   Thumb Code    76  stm32g0xx_hal_i2c_ex.o(i.HAL_I2CEx_ConfigDigitalFilter)
    HAL_I2C_AbortCpltCallback                0x08005b5f   Thumb Code     2  stm32g0xx_hal_i2c.o(i.HAL_I2C_AbortCpltCallback)
    HAL_I2C_AddrCallback                     0x08005b61   Thumb Code     2  stm32g0xx_hal_i2c.o(i.HAL_I2C_AddrCallback)
    HAL_I2C_DeInit                           0x08005b63   Thumb Code    50  stm32g0xx_hal_i2c.o(i.HAL_I2C_DeInit)
    HAL_I2C_ER_IRQHandler                    0x08005b95   Thumb Code    94  stm32g0xx_hal_i2c.o(i.HAL_I2C_ER_IRQHandler)
    HAL_I2C_EV_IRQHandler                    0x08005bf3   Thumb Code    16  stm32g0xx_hal_i2c.o(i.HAL_I2C_EV_IRQHandler)
    HAL_I2C_ErrorCallback                    0x08005c03   Thumb Code     2  stm32g0xx_hal_i2c.o(i.HAL_I2C_ErrorCallback)
    HAL_I2C_Init                             0x08005c05   Thumb Code   184  stm32g0xx_hal_i2c.o(i.HAL_I2C_Init)
    HAL_I2C_ListenCpltCallback               0x08005cc1   Thumb Code     2  stm32g0xx_hal_i2c.o(i.HAL_I2C_ListenCpltCallback)
    HAL_I2C_MspDeInit                        0x08005cc5   Thumb Code   100  iic_slave.o(i.HAL_I2C_MspDeInit)
    HAL_I2C_MspInit                          0x08005d39   Thumb Code   178  iic_slave.o(i.HAL_I2C_MspInit)
    HAL_I2C_SlaveRxCpltCallback              0x08005dfd   Thumb Code     2  stm32g0xx_hal_i2c.o(i.HAL_I2C_SlaveRxCpltCallback)
    HAL_I2C_SlaveTxCpltCallback              0x08005dff   Thumb Code     2  stm32g0xx_hal_i2c.o(i.HAL_I2C_SlaveTxCpltCallback)
    HAL_IWDG_Init                            0x08005e01   Thumb Code    88  stm32g0xx_hal_iwdg.o(i.HAL_IWDG_Init)
    HAL_IWDG_Refresh                         0x08005e65   Thumb Code    10  stm32g0xx_hal_iwdg.o(i.HAL_IWDG_Refresh)
    HAL_IncTick                              0x08005e75   Thumb Code    12  stm32g0xx_hal.o(i.HAL_IncTick)
    HAL_Init                                 0x08005e85   Thumb Code    36  stm32g0xx_hal.o(i.HAL_Init)
    HAL_InitTick                             0x08005ead   Thumb Code    72  stm32g0xx_hal.o(i.HAL_InitTick)
    HAL_MspDeInit                            0x08005efd   Thumb Code     2  stm32g0xx_hal.o(i.HAL_MspDeInit)
    HAL_MspInit                              0x08005f01   Thumb Code    38  stm32g0xx_hal_msp.o(i.HAL_MspInit)
    HAL_NVIC_DisableIRQ                      0x08005f2d   Thumb Code    26  stm32g0xx_hal_cortex.o(i.HAL_NVIC_DisableIRQ)
    HAL_NVIC_EnableIRQ                       0x08005f4d   Thumb Code    18  stm32g0xx_hal_cortex.o(i.HAL_NVIC_EnableIRQ)
    HAL_NVIC_SetPriority                     0x08005f65   Thumb Code     8  stm32g0xx_hal_cortex.o(i.HAL_NVIC_SetPriority)
    HAL_PWREx_ControlVoltageScaling          0x08005f6d   Thumb Code    62  stm32g0xx_hal_pwr_ex.o(i.HAL_PWREx_ControlVoltageScaling)
    HAL_RCCEx_PeriphCLKConfig                0x08005fb9   Thumb Code   452  stm32g0xx_hal_rcc_ex.o(i.HAL_RCCEx_PeriphCLKConfig)
    HAL_RCC_ClockConfig                      0x08006189   Thumb Code   348  stm32g0xx_hal_rcc.o(i.HAL_RCC_ClockConfig)
    HAL_RCC_DeInit                           0x080062fd   Thumb Code   154  stm32g0xx_hal_rcc.o(i.HAL_RCC_DeInit)
    HAL_RCC_GetHCLKFreq                      0x080063ad   Thumb Code     6  stm32g0xx_hal_rcc.o(i.HAL_RCC_GetHCLKFreq)
    HAL_RCC_GetPCLK1Freq                     0x080063b9   Thumb Code    32  stm32g0xx_hal_rcc.o(i.HAL_RCC_GetPCLK1Freq)
    HAL_RCC_GetSysClockFreq                  0x080063e1   Thumb Code   148  stm32g0xx_hal_rcc.o(i.HAL_RCC_GetSysClockFreq)
    HAL_RCC_OscConfig                        0x0800647d   Thumb Code  1082  stm32g0xx_hal_rcc.o(i.HAL_RCC_OscConfig)
    HAL_SYSTICK_Config                       0x080068b9   Thumb Code    38  stm32g0xx_hal_cortex.o(i.HAL_SYSTICK_Config)
    HAL_TIMEx_Break2Callback                 0x080068e9   Thumb Code     2  stm32g0xx_hal_tim_ex.o(i.HAL_TIMEx_Break2Callback)
    HAL_TIMEx_BreakCallback                  0x080068eb   Thumb Code     2  stm32g0xx_hal_tim_ex.o(i.HAL_TIMEx_BreakCallback)
    HAL_TIMEx_CommutCallback                 0x080068ed   Thumb Code     2  stm32g0xx_hal_tim_ex.o(i.HAL_TIMEx_CommutCallback)
    HAL_TIMEx_MasterConfigSynchronization    0x080068f1   Thumb Code    96  stm32g0xx_hal_tim_ex.o(i.HAL_TIMEx_MasterConfigSynchronization)
    HAL_TIM_Base_DeInit                      0x08006959   Thumb Code    78  stm32g0xx_hal_tim.o(i.HAL_TIM_Base_DeInit)
    HAL_TIM_Base_Init                        0x080069ad   Thumb Code    78  stm32g0xx_hal_tim.o(i.HAL_TIM_Base_Init)
    HAL_TIM_Base_MspDeInit                   0x080069fd   Thumb Code    28  timer.o(i.HAL_TIM_Base_MspDeInit)
    HAL_TIM_Base_MspInit                     0x08006a21   Thumb Code    44  timer.o(i.HAL_TIM_Base_MspInit)
    HAL_TIM_Base_Start_IT                    0x08006a55   Thumb Code    82  stm32g0xx_hal_tim.o(i.HAL_TIM_Base_Start_IT)
    HAL_TIM_Base_Stop_IT                     0x08006ab5   Thumb Code    46  stm32g0xx_hal_tim.o(i.HAL_TIM_Base_Stop_IT)
    HAL_TIM_ConfigClockSource                0x08006ae9   Thumb Code   222  stm32g0xx_hal_tim.o(i.HAL_TIM_ConfigClockSource)
    HAL_TIM_IC_CaptureCallback               0x08006bcd   Thumb Code     2  stm32g0xx_hal_tim.o(i.HAL_TIM_IC_CaptureCallback)
    HAL_TIM_IRQHandler                       0x08006bd1   Thumb Code   390  stm32g0xx_hal_tim.o(i.HAL_TIM_IRQHandler)
    HAL_TIM_OC_DelayElapsedCallback          0x08006d5d   Thumb Code     2  stm32g0xx_hal_tim.o(i.HAL_TIM_OC_DelayElapsedCallback)
    HAL_TIM_PWM_PulseFinishedCallback        0x08006d5f   Thumb Code     2  stm32g0xx_hal_tim.o(i.HAL_TIM_PWM_PulseFinishedCallback)
    HAL_TIM_PeriodElapsedCallback            0x08006d61   Thumb Code     2  stm32g0xx_hal_tim.o(i.HAL_TIM_PeriodElapsedCallback)
    HAL_TIM_TriggerCallback                  0x08006d63   Thumb Code     2  stm32g0xx_hal_tim.o(i.HAL_TIM_TriggerCallback)
    HAL_UARTEx_RxEventCallback               0x08006d65   Thumb Code     2  stm32g0xx_hal_uart.o(i.HAL_UARTEx_RxEventCallback)
    HAL_UARTEx_RxFifoFullCallback            0x08006d67   Thumb Code     2  stm32g0xx_hal_uart_ex.o(i.HAL_UARTEx_RxFifoFullCallback)
    HAL_UARTEx_SetRxFifoThreshold            0x08006d69   Thumb Code    72  stm32g0xx_hal_uart_ex.o(i.HAL_UARTEx_SetRxFifoThreshold)
    HAL_UARTEx_TxFifoEmptyCallback           0x08006db1   Thumb Code     2  stm32g0xx_hal_uart_ex.o(i.HAL_UARTEx_TxFifoEmptyCallback)
    HAL_UARTEx_WakeupCallback                0x08006db3   Thumb Code     2  stm32g0xx_hal_uart_ex.o(i.HAL_UARTEx_WakeupCallback)
    HAL_UART_DeInit                          0x08006db5   Thumb Code    64  stm32g0xx_hal_uart.o(i.HAL_UART_DeInit)
    HAL_UART_ErrorCallback                   0x08006df5   Thumb Code     2  stm32g0xx_hal_uart.o(i.HAL_UART_ErrorCallback)
    HAL_UART_IRQHandler                      0x08006df9   Thumb Code   602  stm32g0xx_hal_uart.o(i.HAL_UART_IRQHandler)
    HAL_UART_Init                            0x08007065   Thumb Code   114  stm32g0xx_hal_uart.o(i.HAL_UART_Init)
    HAL_UART_MspDeInit                       0x080070d9   Thumb Code    76  usart.o(i.HAL_UART_MspDeInit)
    HAL_UART_MspInit                         0x08007131   Thumb Code   176  usart.o(i.HAL_UART_MspInit)
    HAL_UART_Transmit                        0x080071f1   Thumb Code   238  stm32g0xx_hal_uart.o(i.HAL_UART_Transmit)
    HAL_UART_TxCpltCallback                  0x080072df   Thumb Code     2  stm32g0xx_hal_uart.o(i.HAL_UART_TxCpltCallback)
    HardFault_Handler                        0x080072e1   Thumb Code     2  stm32g0xx_it.o(i.HardFault_Handler)
    I2C1_ER_IRQHandler                       0x080072e5   Thumb Code    46  iic_slave.o(i.I2C1_ER_IRQHandler)
    I2C1_EV_IRQHandler                       0x08007319   Thumb Code   256  iic_slave.o(i.I2C1_EV_IRQHandler)
    I2C1_IRQHandler                          0x08007425   Thumb Code    38  iic_slave.o(i.I2C1_IRQHandler)
    I2C2_IRQHandler                          0x08007451   Thumb Code    30  iic_slave.o(i.I2C2_IRQHandler)
    IIC_DeInit                               0x08007a25   Thumb Code    96  iic_slave.o(i.IIC_DeInit)
    IWDG_Feed                                0x08007a91   Thumb Code    10  iwdg.o(i.IWDG_Feed)
    MX_ADC1_Init                             0x08007ac9   Thumb Code    66  adc.o(i.MX_ADC1_Init)
    MX_GPIO_Init                             0x08007b15   Thumb Code   126  gpio.o(i.MX_GPIO_Init)
    MX_I2C1_Init                             0x08007ba1   Thumb Code   120  iic_slave.o(i.MX_I2C1_Init)
    MX_I2C2_Init                             0x08007c29   Thumb Code    76  iic_slave.o(i.MX_I2C2_Init)
    MX_IWDG_Init                             0x08007c81   Thumb Code    34  iwdg.o(i.MX_IWDG_Init)
    MX_TIM3_Init                             0x08007cb5   Thumb Code   106  timer.o(i.MX_TIM3_Init)
    MX_USART1_UART_Init                      0x08007d2d   Thumb Code    78  usart.o(i.MX_USART1_UART_Init)
    MX_USART2_UART_Init                      0x08007d89   Thumb Code    50  usart.o(i.MX_USART2_UART_Init)
    NMI_Handler                              0x08007dc5   Thumb Code     2  stm32g0xx_it.o(i.NMI_Handler)
    PendSV_Handler                           0x08007dc7   Thumb Code     2  stm32g0xx_it.o(i.PendSV_Handler)
    PutData2CircBuf                          0x08007dc9   Thumb Code    54  circularbuf.o(i.PutData2CircBuf)
    ReadDataFromCircBuf                      0x08007e15   Thumb Code    36  circularbuf.o(i.ReadDataFromCircBuf)
    ReadDataFromCircBuf2                     0x08007e39   Thumb Code     8  circularbuf.o(i.ReadDataFromCircBuf2)
    SVC_Handler                              0x08007e41   Thumb Code     2  stm32g0xx_it.o(i.SVC_Handler)
    SysTick_Handler                          0x08007e43   Thumb Code     8  stm32g0xx_it.o(i.SysTick_Handler)
    SystemClock_Config                       0x08007e4d   Thumb Code   128  bsp.o(i.SystemClock_Config)
    SystemInit                               0x08007ed1   Thumb Code    10  system_stm32g0xx.o(i.SystemInit)
    TIM3_IRQHandler                          0x08007ee1   Thumb Code    18  timer.o(i.TIM3_IRQHandler)
    TIM_Base_SetConfig                       0x08007efd   Thumb Code   112  stm32g0xx_hal_tim.o(i.TIM_Base_SetConfig)
    TIM_DeInit                               0x08007f81   Thumb Code    32  timer.o(i.TIM_DeInit)
    TIM_ETR_SetConfig                        0x08007fa9   Thumb Code    22  stm32g0xx_hal_tim.o(i.TIM_ETR_SetConfig)
    TMR0_Delay                               0x0800801d   Thumb Code    44  timer.o(i.TMR0_Delay)
    UART_AdvFeatureConfig                    0x080080b1   Thumb Code   202  stm32g0xx_hal_uart.o(i.UART_AdvFeatureConfig)
    UART_CheckIdleState                      0x0800817d   Thumb Code    98  stm32g0xx_hal_uart.o(i.UART_CheckIdleState)
    UART_DeInit                              0x080081f9   Thumb Code    78  usart.o(i.UART_DeInit)
    UART_SetConfig                           0x080082a5   Thumb Code   562  stm32g0xx_hal_uart.o(i.UART_SetConfig)
    UART_WaitOnFlagUntilTimeout              0x08008501   Thumb Code   162  stm32g0xx_hal_uart.o(i.UART_WaitOnFlagUntilTimeout)
    USART1_IRQHandler                        0x080085a5   Thumb Code    28  usart.o(i.USART1_IRQHandler)
    USART2_IRQHandler                        0x080085c9   Thumb Code    10  usart.o(i.USART2_IRQHandler)
    __0printf$2                              0x080085d9   Thumb Code    24  printf2.o(i.__0printf$2)
    __1printf$2                              0x080085d9   Thumb Code     0  printf2.o(i.__0printf$2)
    __2printf                                0x080085d9   Thumb Code     0  printf2.o(i.__0printf$2)
    __scatterload_copy                       0x0800863d   Thumb Code    14  handlers.o(i.__scatterload_copy)
    __scatterload_null                       0x0800864b   Thumb Code     2  handlers.o(i.__scatterload_null)
    __scatterload_zeroinit                   0x0800864d   Thumb Code    14  handlers.o(i.__scatterload_zeroinit)
    cir_handle_init                          0x0800872d   Thumb Code    26  cir_handle.o(i.cir_handle_init)
    delay_ms                                 0x08008829   Thumb Code    26  bsp.o(i.delay_ms)
    delay_us                                 0x08008845   Thumb Code    46  bsp.o(i.delay_us)
    fputc                                    0x0800887d   Thumb Code    18  usart.o(i.fputc)
    isEmpty                                  0x08008899   Thumb Code    24  circularbuf.o(i.isEmpty)
    isFull                                   0x080088b1   Thumb Code    38  circularbuf.o(i.isFull)
    jump_application                         0x080088d9   Thumb Code    54  flash.o(i.jump_application)
    main                                     0x08008915   Thumb Code    64  main.o(i.main)
    read_data_from_circ_buf                  0x08008975   Thumb Code    58  circularbuf.o(i.read_data_from_circ_buf)
    usart1_rx_handle                         0x080089af   Thumb Code    14  cir_handle.o(i.usart1_rx_handle)
    usart1_rx_irq                            0x080089bd   Thumb Code    12  cir_handle.o(i.usart1_rx_irq)
    UARTPrescTable                           0x080089cc   Data          24  stm32g0xx_hal_uart.o(.constdata)
    AHBPrescTable                            0x080089e4   Data          64  system_stm32g0xx.o(.constdata)
    APBPrescTable                            0x08008a24   Data          32  system_stm32g0xx.o(.constdata)
    Region$$Table$$Base                      0x08008a44   Number         0  anon$$obj.o(Region$$Table)
    Region$$Table$$Limit                     0x08008a64   Number         0  anon$$obj.o(Region$$Table)
    uwTickFreq                               0x20000004   Data           1  stm32g0xx_hal.o(.data)
    uwTickPrio                               0x20000008   Data           4  stm32g0xx_hal.o(.data)
    uwTick                                   0x2000000c   Data           4  stm32g0xx_hal.o(.data)
    SystemCoreClock                          0x20000010   Data           4  system_stm32g0xx.o(.data)
    g_Tim0Period50ms                         0x20000018   Data           4  timer.o(.data)
    I2CFirstByteFlag                         0x2000001c   Data           1  iic_slave.o(.data)
    i2c_regtemp                              0x2000001d   Data           1  iic_slave.o(.data)
    I2C_DEVICE_REGADDRESS                    0x2000001e   Data           1  iic_slave.o(.data)
    I2C_DEVICE_REGOFFSET                     0x2000001f   Data           1  iic_slave.o(.data)
    u32I2C_DeviceFlag                        0x20000020   Data           4  iic_slave.o(.data)
    u32ISR1_reg                              0x20000024   Data           4  iic_slave.o(.data)
    __stdout                                 0x2000002c   Data           4  stdout.o(.data)
    hadc1                                    0x20000030   Data         100  adc.o(.bss)
    hiwdg                                    0x20000094   Data          16  iwdg.o(.bss)
    htim3                                    0x200000a4   Data          76  timer.o(.bss)
    huart1                                   0x200000f0   Data         144  usart.o(.bss)
    huart2                                   0x20000180   Data         144  usart.o(.bss)
    hi2c1                                    0x20000210   Data          76  iic_slave.o(.bss)
    hi2c2                                    0x2000025c   Data          76  iic_slave.o(.bss)
    I2C_REG_TEST                             0x200002a8   Data          10  iic_slave.o(.bss)
    gt_rx_circ_buf                           0x200002b2   Data         156  cir_handle.o(.bss)
    __initial_sp                             0x20000750   Data           0  startup_stm32g031xx.o(STACK)



==============================================================================

Memory Map of the image

  Image Entry point : 0x080050c1

  Load Region LR_IROM1 (Base: 0x08005000, Size: 0x00003a94, Max: 0x00010000, ABSOLUTE)

    Execution Region ER_IROM1 (Exec base: 0x08005000, Load base: 0x08005000, Size: 0x00003a64, Max: 0x00010000, ABSOLUTE)

    Exec Addr    Load Addr    Size         Type   Attr      Idx    E Section Name        Object

    0x08005000   0x08005000   0x000000c0   Data   RO            3    RESET               startup_stm32g031xx.o
    0x080050c0   0x080050c0   0x00000000   Code   RO         4701  * .ARM.Collect$$$$00000000  mc_p.l(entry.o)
    0x080050c0   0x080050c0   0x00000004   Code   RO         4977    .ARM.Collect$$$$00000001  mc_p.l(entry2.o)
    0x080050c4   0x080050c4   0x00000004   Code   RO         4980    .ARM.Collect$$$$00000004  mc_p.l(entry5.o)
    0x080050c8   0x080050c8   0x00000000   Code   RO         4982    .ARM.Collect$$$$00000008  mc_p.l(entry7b.o)
    0x080050c8   0x080050c8   0x00000000   Code   RO         4984    .ARM.Collect$$$$0000000A  mc_p.l(entry8b.o)
    0x080050c8   0x080050c8   0x00000008   Code   RO         4985    .ARM.Collect$$$$0000000B  mc_p.l(entry9a.o)
    0x080050d0   0x080050d0   0x00000000   Code   RO         4987    .ARM.Collect$$$$0000000D  mc_p.l(entry10a.o)
    0x080050d0   0x080050d0   0x00000000   Code   RO         4989    .ARM.Collect$$$$0000000F  mc_p.l(entry11a.o)
    0x080050d0   0x080050d0   0x00000004   Code   RO         4978    .ARM.Collect$$$$00002712  mc_p.l(entry2.o)
    0x080050d4   0x080050d4   0x00000006   Code   RO         4319    .emb_text           flash.o
    0x080050da   0x080050da   0x00000002   PAD
    0x080050dc   0x080050dc   0x0000001c   Code   RO            4    .text               startup_stm32g031xx.o
    0x080050f8   0x080050f8   0x0000002c   Code   RO         4704    .text               mc_p.l(uidiv.o)
    0x08005124   0x08005124   0x00000060   Code   RO         4706    .text               mc_p.l(uldiv.o)
    0x08005184   0x08005184   0x00000024   Code   RO         4708    .text               mc_p.l(memseta.o)
    0x080051a8   0x080051a8   0x00000020   Code   RO         4992    .text               mc_p.l(llshl.o)
    0x080051c8   0x080051c8   0x00000022   Code   RO         4994    .text               mc_p.l(llushr.o)
    0x080051ea   0x080051ea   0x00000002   PAD
    0x080051ec   0x080051ec   0x00000024   Code   RO         5011    .text               mc_p.l(init.o)
    0x08005210   0x08005210   0x0000005c   Code   RO          265    i.ADC_ConversionStop  stm32g0xx_hal_adc.o
    0x0800526c   0x0800526c   0x00000028   Code   RO         4035    i.ADC_DeInit        adc.o
    0x08005294   0x08005294   0x0000007c   Code   RO          269    i.ADC_Disable       stm32g0xx_hal_adc.o
    0x08005310   0x08005310   0x00000010   Code   RO         3951    i.APP_Init          app.o
    0x08005320   0x08005320   0x00000008   Code   RO         3952    i.APP_ParamInit     app.o
    0x08005328   0x08005328   0x00000002   Code   RO         3953    i.APP_ParamLoad     app.o
    0x0800532a   0x0800532a   0x0000000c   Code   RO         3954    i.APP_PollingTask   app.o
    0x08005336   0x08005336   0x0000002e   Code   RO         3989    i.BSP_Init          bsp.o
    0x08005364   0x08005364   0x0000000a   Code   RO         4107    i.EXTI4_15_IRQHandler  gpio.o
    0x0800536e   0x0800536e   0x00000004   Code   RO         3990    i.Error_Handler     bsp.o
    0x08005372   0x08005372   0x0000003a   Code   RO         4561    i.GetDataFrmCircBuf  circularbuf.o
    0x080053ac   0x080053ac   0x000000b0   Code   RO          275    i.HAL_ADC_DeInit    stm32g0xx_hal_adc.o
    0x0800545c   0x0800545c   0x00000268   Code   RO          281    i.HAL_ADC_Init      stm32g0xx_hal_adc.o
    0x080056c4   0x080056c4   0x0000002c   Code   RO         4039    i.HAL_ADC_MspDeInit  adc.o
    0x080056f0   0x080056f0   0x0000005c   Code   RO         4040    i.HAL_ADC_MspInit   adc.o
    0x0800574c   0x0800574c   0x00000078   Code   RO         1015    i.HAL_DMA_Abort     stm32g0xx_hal_dma.o
    0x080057c4   0x080057c4   0x0000007c   Code   RO         1016    i.HAL_DMA_Abort_IT  stm32g0xx_hal_dma.o
    0x08005840   0x08005840   0x00000006   Code   RO         1019    i.HAL_DMA_GetState  stm32g0xx_hal_dma.o
    0x08005846   0x08005846   0x00000002   PAD
    0x08005848   0x08005848   0x00000028   Code   RO         1540    i.HAL_DeInit        stm32g0xx_hal.o
    0x08005870   0x08005870   0x000000cc   Code   RO          944    i.HAL_GPIO_DeInit   stm32g0xx_hal_gpio.o
    0x0800593c   0x0800593c   0x00000002   Code   RO          945    i.HAL_GPIO_EXTI_Falling_Callback  stm32g0xx_hal_gpio.o
    0x0800593e   0x0800593e   0x00000002   PAD
    0x08005940   0x08005940   0x00000028   Code   RO          946    i.HAL_GPIO_EXTI_IRQHandler  stm32g0xx_hal_gpio.o
    0x08005968   0x08005968   0x00000002   Code   RO          947    i.HAL_GPIO_EXTI_Rising_Callback  stm32g0xx_hal_gpio.o
    0x0800596a   0x0800596a   0x00000002   PAD
    0x0800596c   0x0800596c   0x00000140   Code   RO          948    i.HAL_GPIO_Init     stm32g0xx_hal_gpio.o
    0x08005aac   0x08005aac   0x0000000c   Code   RO          952    i.HAL_GPIO_WritePin  stm32g0xx_hal_gpio.o
    0x08005ab8   0x08005ab8   0x0000000c   Code   RO         1545    i.HAL_GetTick       stm32g0xx_hal.o
    0x08005ac4   0x08005ac4   0x0000004e   Code   RO         2286    i.HAL_I2CEx_ConfigAnalogFilter  stm32g0xx_hal_i2c_ex.o
    0x08005b12   0x08005b12   0x0000004c   Code   RO         2287    i.HAL_I2CEx_ConfigDigitalFilter  stm32g0xx_hal_i2c_ex.o
    0x08005b5e   0x08005b5e   0x00000002   Code   RO         1828    i.HAL_I2C_AbortCpltCallback  stm32g0xx_hal_i2c.o
    0x08005b60   0x08005b60   0x00000002   Code   RO         1829    i.HAL_I2C_AddrCallback  stm32g0xx_hal_i2c.o
    0x08005b62   0x08005b62   0x00000032   Code   RO         1830    i.HAL_I2C_DeInit    stm32g0xx_hal_i2c.o
    0x08005b94   0x08005b94   0x0000005e   Code   RO         1832    i.HAL_I2C_ER_IRQHandler  stm32g0xx_hal_i2c.o
    0x08005bf2   0x08005bf2   0x00000010   Code   RO         1833    i.HAL_I2C_EV_IRQHandler  stm32g0xx_hal_i2c.o
    0x08005c02   0x08005c02   0x00000002   Code   RO         1835    i.HAL_I2C_ErrorCallback  stm32g0xx_hal_i2c.o
    0x08005c04   0x08005c04   0x000000bc   Code   RO         1839    i.HAL_I2C_Init      stm32g0xx_hal_i2c.o
    0x08005cc0   0x08005cc0   0x00000002   Code   RO         1841    i.HAL_I2C_ListenCpltCallback  stm32g0xx_hal_i2c.o
    0x08005cc2   0x08005cc2   0x00000002   PAD
    0x08005cc4   0x08005cc4   0x00000074   Code   RO         4377    i.HAL_I2C_MspDeInit  iic_slave.o
    0x08005d38   0x08005d38   0x000000c4   Code   RO         4378    i.HAL_I2C_MspInit   iic_slave.o
    0x08005dfc   0x08005dfc   0x00000002   Code   RO         1865    i.HAL_I2C_SlaveRxCpltCallback  stm32g0xx_hal_i2c.o
    0x08005dfe   0x08005dfe   0x00000002   Code   RO         1866    i.HAL_I2C_SlaveTxCpltCallback  stm32g0xx_hal_i2c.o
    0x08005e00   0x08005e00   0x00000064   Code   RO         2336    i.HAL_IWDG_Init     stm32g0xx_hal_iwdg.o
    0x08005e64   0x08005e64   0x00000010   Code   RO         2337    i.HAL_IWDG_Refresh  stm32g0xx_hal_iwdg.o
    0x08005e74   0x08005e74   0x00000010   Code   RO         1551    i.HAL_IncTick       stm32g0xx_hal.o
    0x08005e84   0x08005e84   0x00000028   Code   RO         1552    i.HAL_Init          stm32g0xx_hal.o
    0x08005eac   0x08005eac   0x00000050   Code   RO         1553    i.HAL_InitTick      stm32g0xx_hal.o
    0x08005efc   0x08005efc   0x00000002   Code   RO         1554    i.HAL_MspDeInit     stm32g0xx_hal.o
    0x08005efe   0x08005efe   0x00000002   PAD
    0x08005f00   0x08005f00   0x0000002c   Code   RO          245    i.HAL_MspInit       stm32g0xx_hal_msp.o
    0x08005f2c   0x08005f2c   0x00000020   Code   RO         1428    i.HAL_NVIC_DisableIRQ  stm32g0xx_hal_cortex.o
    0x08005f4c   0x08005f4c   0x00000018   Code   RO         1429    i.HAL_NVIC_EnableIRQ  stm32g0xx_hal_cortex.o
    0x08005f64   0x08005f64   0x00000008   Code   RO         1433    i.HAL_NVIC_SetPriority  stm32g0xx_hal_cortex.o
    0x08005f6c   0x08005f6c   0x0000004c   Code   RO         1249    i.HAL_PWREx_ControlVoltageScaling  stm32g0xx_hal_pwr_ex.o
    0x08005fb8   0x08005fb8   0x000001d0   Code   RO          656    i.HAL_RCCEx_PeriphCLKConfig  stm32g0xx_hal_rcc_ex.o
    0x08006188   0x08006188   0x00000174   Code   RO          546    i.HAL_RCC_ClockConfig  stm32g0xx_hal_rcc.o
    0x080062fc   0x080062fc   0x000000b0   Code   RO          547    i.HAL_RCC_DeInit    stm32g0xx_hal_rcc.o
    0x080063ac   0x080063ac   0x0000000c   Code   RO          552    i.HAL_RCC_GetHCLKFreq  stm32g0xx_hal_rcc.o
    0x080063b8   0x080063b8   0x00000028   Code   RO          554    i.HAL_RCC_GetPCLK1Freq  stm32g0xx_hal_rcc.o
    0x080063e0   0x080063e0   0x0000009c   Code   RO          555    i.HAL_RCC_GetSysClockFreq  stm32g0xx_hal_rcc.o
    0x0800647c   0x0800647c   0x0000043a   Code   RO          559    i.HAL_RCC_OscConfig  stm32g0xx_hal_rcc.o
    0x080068b6   0x080068b6   0x00000002   PAD
    0x080068b8   0x080068b8   0x00000030   Code   RO         1437    i.HAL_SYSTICK_Config  stm32g0xx_hal_cortex.o
    0x080068e8   0x080068e8   0x00000002   Code   RO         3085    i.HAL_TIMEx_Break2Callback  stm32g0xx_hal_tim_ex.o
    0x080068ea   0x080068ea   0x00000002   Code   RO         3086    i.HAL_TIMEx_BreakCallback  stm32g0xx_hal_tim_ex.o
    0x080068ec   0x080068ec   0x00000002   Code   RO         3087    i.HAL_TIMEx_CommutCallback  stm32g0xx_hal_tim_ex.o
    0x080068ee   0x080068ee   0x00000002   PAD
    0x080068f0   0x080068f0   0x00000068   Code   RO         3108    i.HAL_TIMEx_MasterConfigSynchronization  stm32g0xx_hal_tim_ex.o
    0x08006958   0x08006958   0x00000054   Code   RO         2362    i.HAL_TIM_Base_DeInit  stm32g0xx_hal_tim.o
    0x080069ac   0x080069ac   0x0000004e   Code   RO         2364    i.HAL_TIM_Base_Init  stm32g0xx_hal_tim.o
    0x080069fa   0x080069fa   0x00000002   PAD
    0x080069fc   0x080069fc   0x00000024   Code   RO         4181    i.HAL_TIM_Base_MspDeInit  timer.o
    0x08006a20   0x08006a20   0x00000034   Code   RO         4182    i.HAL_TIM_Base_MspInit  timer.o
    0x08006a54   0x08006a54   0x00000060   Code   RO         2369    i.HAL_TIM_Base_Start_IT  stm32g0xx_hal_tim.o
    0x08006ab4   0x08006ab4   0x00000034   Code   RO         2372    i.HAL_TIM_Base_Stop_IT  stm32g0xx_hal_tim.o
    0x08006ae8   0x08006ae8   0x000000e4   Code   RO         2373    i.HAL_TIM_ConfigClockSource  stm32g0xx_hal_tim.o
    0x08006bcc   0x08006bcc   0x00000002   Code   RO         2398    i.HAL_TIM_IC_CaptureCallback  stm32g0xx_hal_tim.o
    0x08006bce   0x08006bce   0x00000002   PAD
    0x08006bd0   0x08006bd0   0x0000018c   Code   RO         2412    i.HAL_TIM_IRQHandler  stm32g0xx_hal_tim.o
    0x08006d5c   0x08006d5c   0x00000002   Code   RO         2415    i.HAL_TIM_OC_DelayElapsedCallback  stm32g0xx_hal_tim.o
    0x08006d5e   0x08006d5e   0x00000002   Code   RO         2442    i.HAL_TIM_PWM_PulseFinishedCallback  stm32g0xx_hal_tim.o
    0x08006d60   0x08006d60   0x00000002   Code   RO         2450    i.HAL_TIM_PeriodElapsedCallback  stm32g0xx_hal_tim.o
    0x08006d62   0x08006d62   0x00000002   Code   RO         2455    i.HAL_TIM_TriggerCallback  stm32g0xx_hal_tim.o
    0x08006d64   0x08006d64   0x00000002   Code   RO         3393    i.HAL_UARTEx_RxEventCallback  stm32g0xx_hal_uart.o
    0x08006d66   0x08006d66   0x00000002   Code   RO         3812    i.HAL_UARTEx_RxFifoFullCallback  stm32g0xx_hal_uart_ex.o
    0x08006d68   0x08006d68   0x00000048   Code   RO         3813    i.HAL_UARTEx_SetRxFifoThreshold  stm32g0xx_hal_uart_ex.o
    0x08006db0   0x08006db0   0x00000002   Code   RO         3816    i.HAL_UARTEx_TxFifoEmptyCallback  stm32g0xx_hal_uart_ex.o
    0x08006db2   0x08006db2   0x00000002   Code   RO         3817    i.HAL_UARTEx_WakeupCallback  stm32g0xx_hal_uart_ex.o
    0x08006db4   0x08006db4   0x00000040   Code   RO         3406    i.HAL_UART_DeInit   stm32g0xx_hal_uart.o
    0x08006df4   0x08006df4   0x00000002   Code   RO         3409    i.HAL_UART_ErrorCallback  stm32g0xx_hal_uart.o
    0x08006df6   0x08006df6   0x00000002   PAD
    0x08006df8   0x08006df8   0x0000026c   Code   RO         3412    i.HAL_UART_IRQHandler  stm32g0xx_hal_uart.o
    0x08007064   0x08007064   0x00000072   Code   RO         3413    i.HAL_UART_Init     stm32g0xx_hal_uart.o
    0x080070d6   0x080070d6   0x00000002   PAD
    0x080070d8   0x080070d8   0x00000058   Code   RO         4241    i.HAL_UART_MspDeInit  usart.o
    0x08007130   0x08007130   0x000000c0   Code   RO         4242    i.HAL_UART_MspInit  usart.o
    0x080071f0   0x080071f0   0x000000ee   Code   RO         3422    i.HAL_UART_Transmit  stm32g0xx_hal_uart.o
    0x080072de   0x080072de   0x00000002   Code   RO         3425    i.HAL_UART_TxCpltCallback  stm32g0xx_hal_uart.o
    0x080072e0   0x080072e0   0x00000002   Code   RO          201    i.HardFault_Handler  stm32g0xx_it.o
    0x080072e2   0x080072e2   0x00000002   PAD
    0x080072e4   0x080072e4   0x00000034   Code   RO         4379    i.I2C1_ER_IRQHandler  iic_slave.o
    0x08007318   0x08007318   0x0000010c   Code   RO         4380    i.I2C1_EV_IRQHandler  iic_slave.o
    0x08007424   0x08007424   0x0000002c   Code   RO         4381    i.I2C1_IRQHandler   iic_slave.o
    0x08007450   0x08007450   0x00000024   Code   RO         4382    i.I2C2_IRQHandler   iic_slave.o
    0x08007474   0x08007474   0x0000001c   Code   RO         1878    i.I2C_DMAAbort      stm32g0xx_hal_i2c.o
    0x08007490   0x08007490   0x00000056   Code   RO         1884    i.I2C_Disable_IRQ   stm32g0xx_hal_i2c.o
    0x080074e6   0x080074e6   0x00000022   Code   RO         1886    i.I2C_Flush_TXDR    stm32g0xx_hal_i2c.o
    0x08007508   0x08007508   0x0000009e   Code   RO         1887    i.I2C_ITAddrCplt    stm32g0xx_hal_i2c.o
    0x080075a6   0x080075a6   0x00000002   PAD
    0x080075a8   0x080075a8   0x000000fc   Code   RO         1888    i.I2C_ITError       stm32g0xx_hal_i2c.o
    0x080076a4   0x080076a4   0x00000064   Code   RO         1889    i.I2C_ITListenCplt  stm32g0xx_hal_i2c.o
    0x08007708   0x08007708   0x00000148   Code   RO         1892    i.I2C_ITSlaveCplt   stm32g0xx_hal_i2c.o
    0x08007850   0x08007850   0x0000006e   Code   RO         1893    i.I2C_ITSlaveSeqCplt  stm32g0xx_hal_i2c.o
    0x080078be   0x080078be   0x00000002   PAD
    0x080078c0   0x080078c0   0x0000013c   Code   RO         1900    i.I2C_Slave_ISR_IT  stm32g0xx_hal_i2c.o
    0x080079fc   0x080079fc   0x00000026   Code   RO         1902    i.I2C_TreatErrorCallback  stm32g0xx_hal_i2c.o
    0x08007a22   0x08007a22   0x00000002   PAD
    0x08007a24   0x08007a24   0x0000006c   Code   RO         4383    i.IIC_DeInit        iic_slave.o
    0x08007a90   0x08007a90   0x00000010   Code   RO         4152    i.IWDG_Feed         iwdg.o
    0x08007aa0   0x08007aa0   0x00000008   Code   RO          293    i.LL_ADC_IsEnabled  stm32g0xx_hal_adc.o
    0x08007aa8   0x08007aa8   0x00000008   Code   RO          294    i.LL_ADC_REG_IsConversionOngoing  stm32g0xx_hal_adc.o
    0x08007ab0   0x08007ab0   0x00000016   Code   RO          298    i.LL_ADC_SetSamplingTimeCommonChannels  stm32g0xx_hal_adc.o
    0x08007ac6   0x08007ac6   0x00000002   PAD
    0x08007ac8   0x08007ac8   0x0000004c   Code   RO         4041    i.MX_ADC1_Init      adc.o
    0x08007b14   0x08007b14   0x0000008c   Code   RO         4108    i.MX_GPIO_Init      gpio.o
    0x08007ba0   0x08007ba0   0x00000088   Code   RO         4384    i.MX_I2C1_Init      iic_slave.o
    0x08007c28   0x08007c28   0x00000058   Code   RO         4385    i.MX_I2C2_Init      iic_slave.o
    0x08007c80   0x08007c80   0x00000034   Code   RO         4153    i.MX_IWDG_Init      iwdg.o
    0x08007cb4   0x08007cb4   0x00000078   Code   RO         4183    i.MX_TIM3_Init      timer.o
    0x08007d2c   0x08007d2c   0x0000005c   Code   RO         4244    i.MX_USART1_UART_Init  usart.o
    0x08007d88   0x08007d88   0x0000003c   Code   RO         4245    i.MX_USART2_UART_Init  usart.o
    0x08007dc4   0x08007dc4   0x00000002   Code   RO          202    i.NMI_Handler       stm32g0xx_it.o
    0x08007dc6   0x08007dc6   0x00000002   Code   RO          203    i.PendSV_Handler    stm32g0xx_it.o
    0x08007dc8   0x08007dc8   0x0000004c   Code   RO         4564    i.PutData2CircBuf   circularbuf.o
    0x08007e14   0x08007e14   0x00000024   Code   RO         4566    i.ReadDataFromCircBuf  circularbuf.o
    0x08007e38   0x08007e38   0x00000008   Code   RO         4567    i.ReadDataFromCircBuf2  circularbuf.o
    0x08007e40   0x08007e40   0x00000002   Code   RO          204    i.SVC_Handler       stm32g0xx_it.o
    0x08007e42   0x08007e42   0x00000008   Code   RO          205    i.SysTick_Handler   stm32g0xx_it.o
    0x08007e4a   0x08007e4a   0x00000002   PAD
    0x08007e4c   0x08007e4c   0x00000084   Code   RO         3991    i.SystemClock_Config  bsp.o
    0x08007ed0   0x08007ed0   0x00000010   Code   RO         3918    i.SystemInit        system_stm32g0xx.o
    0x08007ee0   0x08007ee0   0x0000001c   Code   RO         4184    i.TIM3_IRQHandler   timer.o
    0x08007efc   0x08007efc   0x00000084   Code   RO         2457    i.TIM_Base_SetConfig  stm32g0xx_hal_tim.o
    0x08007f80   0x08007f80   0x00000028   Code   RO         4185    i.TIM_DeInit        timer.o
    0x08007fa8   0x08007fa8   0x00000016   Code   RO         2468    i.TIM_ETR_SetConfig  stm32g0xx_hal_tim.o
    0x08007fbe   0x08007fbe   0x00000002   PAD
    0x08007fc0   0x08007fc0   0x00000014   Code   RO         2469    i.TIM_ITRx_SetConfig  stm32g0xx_hal_tim.o
    0x08007fd4   0x08007fd4   0x00000022   Code   RO         2477    i.TIM_TI1_ConfigInputStage  stm32g0xx_hal_tim.o
    0x08007ff6   0x08007ff6   0x00000026   Code   RO         2479    i.TIM_TI2_ConfigInputStage  stm32g0xx_hal_tim.o
    0x0800801c   0x0800801c   0x00000030   Code   RO         4186    i.TMR0_Delay        timer.o
    0x0800804c   0x0800804c   0x00000064   Code   RO         3818    i.UARTEx_SetNbDataToProcess  stm32g0xx_hal_uart_ex.o
    0x080080b0   0x080080b0   0x000000ca   Code   RO         3427    i.UART_AdvFeatureConfig  stm32g0xx_hal_uart.o
    0x0800817a   0x0800817a   0x00000002   PAD
    0x0800817c   0x0800817c   0x00000068   Code   RO         3428    i.UART_CheckIdleState  stm32g0xx_hal_uart.o
    0x080081e4   0x080081e4   0x00000014   Code   RO         3429    i.UART_DMAAbortOnError  stm32g0xx_hal_uart.o
    0x080081f8   0x080081f8   0x00000058   Code   RO         4246    i.UART_DeInit       usart.o
    0x08008250   0x08008250   0x00000038   Code   RO         3439    i.UART_EndRxTransfer  stm32g0xx_hal_uart.o
    0x08008288   0x08008288   0x0000001c   Code   RO         3440    i.UART_EndTransmit_IT  stm32g0xx_hal_uart.o
    0x080082a4   0x080082a4   0x0000025c   Code   RO         3446    i.UART_SetConfig    stm32g0xx_hal_uart.o
    0x08008500   0x08008500   0x000000a2   Code   RO         3453    i.UART_WaitOnFlagUntilTimeout  stm32g0xx_hal_uart.o
    0x080085a2   0x080085a2   0x00000002   PAD
    0x080085a4   0x080085a4   0x00000024   Code   RO         4247    i.USART1_IRQHandler  usart.o
    0x080085c8   0x080085c8   0x00000010   Code   RO         4248    i.USART2_IRQHandler  usart.o
    0x080085d8   0x080085d8   0x00000020   Code   RO         4777    i.__0printf$2       mc_p.l(printf2.o)
    0x080085f8   0x080085f8   0x00000044   Code   RO         1439    i.__NVIC_SetPriority  stm32g0xx_hal_cortex.o
    0x0800863c   0x0800863c   0x0000000e   Code   RO         5017    i.__scatterload_copy  mc_p.l(handlers.o)
    0x0800864a   0x0800864a   0x00000002   Code   RO         5018    i.__scatterload_null  mc_p.l(handlers.o)
    0x0800864c   0x0800864c   0x0000000e   Code   RO         5019    i.__scatterload_zeroinit  mc_p.l(handlers.o)
    0x0800865a   0x0800865a   0x000000d2   Code   RO         4784    i._printf_core      mc_p.l(printf2.o)
    0x0800872c   0x0800872c   0x00000020   Code   RO         4661    i.cir_handle_init   cir_handle.o
    0x0800874c   0x0800874c   0x000000dc   Code   RO         4662    i.circ_usart1_rx_data_handle  cir_handle.o
    0x08008828   0x08008828   0x0000001a   Code   RO         3992    i.delay_ms          bsp.o
    0x08008842   0x08008842   0x00000002   PAD
    0x08008844   0x08008844   0x00000038   Code   RO         3993    i.delay_us          bsp.o
    0x0800887c   0x0800887c   0x0000001c   Code   RO         4249    i.fputc             usart.o
    0x08008898   0x08008898   0x00000018   Code   RO         4570    i.isEmpty           circularbuf.o
    0x080088b0   0x080088b0   0x00000026   Code   RO         4571    i.isFull            circularbuf.o
    0x080088d6   0x080088d6   0x00000002   PAD
    0x080088d8   0x080088d8   0x0000003c   Code   RO         4323    i.jump_application  flash.o
    0x08008914   0x08008914   0x00000060   Code   RO           12    i.main              main.o
    0x08008974   0x08008974   0x0000003a   Code   RO         4573    i.read_data_from_circ_buf  circularbuf.o
    0x080089ae   0x080089ae   0x0000000e   Code   RO         4663    i.usart1_rx_handle  cir_handle.o
    0x080089bc   0x080089bc   0x00000010   Code   RO         4664    i.usart1_rx_irq     cir_handle.o
    0x080089cc   0x080089cc   0x00000018   Data   RO         3454    .constdata          stm32g0xx_hal_uart.o
    0x080089e4   0x080089e4   0x00000040   Data   RO         3919    .constdata          system_stm32g0xx.o
    0x08008a24   0x08008a24   0x00000020   Data   RO         3920    .constdata          system_stm32g0xx.o
    0x08008a44   0x08008a44   0x00000020   Data   RO         5015    Region$$Table       anon$$obj.o


    Execution Region RW_IRAM1 (Exec base: 0x20000000, Load base: 0x08008a64, Size: 0x00000750, Max: 0x00002000, ABSOLUTE)

    Exec Addr    Load Addr    Size         Type   Attr      Idx    E Section Name        Object

    0x20000000   0x08008a64   0x00000001   Data   RW           13    .data               main.o
    0x20000001   0x08008a65   0x00000003   PAD
    0x20000004   0x08008a68   0x0000000c   Data   RW         1570    .data               stm32g0xx_hal.o
    0x20000010   0x08008a74   0x00000004   Data   RW         3921    .data               system_stm32g0xx.o
    0x20000014   0x08008a78   0x00000004   Data   RW         3994    .data               bsp.o
    0x20000018   0x08008a7c   0x00000004   Data   RW         4189    .data               timer.o
    0x2000001c   0x08008a80   0x0000000c   Data   RW         4388    .data               iic_slave.o
    0x20000028   0x08008a8c   0x00000001   Data   RW         4667    .data               cir_handle.o
    0x20000029   0x08008a8d   0x00000003   PAD
    0x2000002c   0x08008a90   0x00000004   Data   RW         4991    .data               mc_p.l(stdout.o)
    0x20000030        -       0x00000064   Zero   RW         4042    .bss                adc.o
    0x20000094        -       0x00000010   Zero   RW         4154    .bss                iwdg.o
    0x200000a4        -       0x0000004c   Zero   RW         4188    .bss                timer.o
    0x200000f0        -       0x00000120   Zero   RW         4251    .bss                usart.o
    0x20000210        -       0x000000a2   Zero   RW         4386    .bss                iic_slave.o
    0x200002b2        -       0x0000009c   Zero   RW         4666    .bss                cir_handle.o
    0x2000034e   0x08008a94   0x00000002   PAD
    0x20000350        -       0x00000400   Zero   RW            1    STACK               startup_stm32g031xx.o


==============================================================================

Image component sizes


      Code (inc. data)   RO Data    RW Data    ZI Data      Debug   Object Name

       252         36          0          0        100       2686   adc.o
        38          0          0          0          0       1825   app.o
       264         14          0          4          0       2938   bsp.o
       282         42          0          1        156       3118   cir_handle.o
       298         22          0          0          0       5732   circularbuf.o
        66          6          0          0          0        951   flash.o
       150         14          0          0          0       1453   gpio.o
      1044        104          0         12        162       6394   iic_slave.o
        68         24          0          0         16       1163   iwdg.o
        96         32          0          1          0     443096   main.o
        28          8        192          0       1024        644   startup_stm32g031xx.o
       190         28          0         12          0      18346   stm32g0xx_hal.o
      1046         70          0          0          0      38627   stm32g0xx_hal_adc.o
       180         30          0          0          0      12935   stm32g0xx_hal_cortex.o
       250         10          0          0          0       2410   stm32g0xx_hal_dma.o
       580         38          0          0          0       5006   stm32g0xx_hal_gpio.o
      1810         52          0          0          0      16044   stm32g0xx_hal_i2c.o
       154          0          0          0          0       2071   stm32g0xx_hal_i2c_ex.o
       116         18          0          0          0       1823   stm32g0xx_hal_iwdg.o
        44          6          0          0          0        870   stm32g0xx_hal_msp.o
        76         14          0          0          0        778   stm32g0xx_hal_pwr_ex.o
      1838        104          0          0          0      24998   stm32g0xx_hal_rcc.o
       464         12          0          0          0       1752   stm32g0xx_hal_rcc_ex.o
      1190         62          0          0          0      11460   stm32g0xx_hal_tim.o
       110          8          0          0          0       3116   stm32g0xx_hal_tim_ex.o
      2218         70         24          0          0      31482   stm32g0xx_hal_uart.o
       178         18          0          0          0       3881   stm32g0xx_hal_uart_ex.o
        16          0          0          0          0       2247   stm32g0xx_it.o
        16          6         96          4          0       1207   system_stm32g0xx.o
       324         52          0          4         76       3952   timer.o
       600         86          0          0        288       5068   usart.o

    ----------------------------------------------------------------------
     14032        986        344         44       1824     658073   Object Totals
         0          0         32          0          0          0   (incl. Generated)
        46          0          0          6          2          0   (incl. Padding)

    ----------------------------------------------------------------------

      Code (inc. data)   RO Data    RW Data    ZI Data      Debug   Library Member Name

         0          0          0          0          0          0   entry.o
         0          0          0          0          0          0   entry10a.o
         0          0          0          0          0          0   entry11a.o
         8          4          0          0          0          0   entry2.o
         4          0          0          0          0          0   entry5.o
         0          0          0          0          0          0   entry7b.o
         0          0          0          0          0          0   entry8b.o
         8          4          0          0          0          0   entry9a.o
        30          0          0          0          0          0   handlers.o
        36          8          0          0          0         68   init.o
        32          0          0          0          0         68   llshl.o
        34          0          0          0          0         68   llushr.o
        36          0          0          0          0        100   memseta.o
       242          8          0          0          0        168   printf2.o
         0          0          0          4          0          0   stdout.o
        44          0          0          0          0         72   uidiv.o
        96          0          0          0          0         84   uldiv.o

    ----------------------------------------------------------------------
       572         24          0          4          0        628   Library Totals
         2          0          0          0          0          0   (incl. Padding)

    ----------------------------------------------------------------------

      Code (inc. data)   RO Data    RW Data    ZI Data      Debug   Library Name

       570         24          0          4          0        628   mc_p.l

    ----------------------------------------------------------------------
       572         24          0          4          0        628   Library Totals

    ----------------------------------------------------------------------

==============================================================================


      Code (inc. data)   RO Data    RW Data    ZI Data      Debug   

     14604       1010        344         48       1824     651805   Grand Totals
     14604       1010        344         48       1824     651805   ELF Image Totals
     14604       1010        344         48          0          0   ROM Totals

==============================================================================

    Total RO  Size (Code + RO Data)                14948 (  14.60kB)
    Total RW  Size (RW Data + ZI Data)              1872 (   1.83kB)
    Total ROM Size (Code + RO Data + RW Data)      14996 (  14.64kB)

==============================================================================

