<html>
<body>
<pre>
<h1>礦ision Build Log</h1>
<h2>Tool Versions:</h2>
IDE-Version: μVision V5.26.2.0
Copyright (C) 2018 ARM Ltd and ARM Germany GmbH. All rights reserved.
License Information: 11 11, 111, LIC=9WSKC-7QHN9-CXSU6-DKSJT-HKEDN-NYBA8
 
Tool Versions:
Toolchain:       MDK-ARM Plus  Version: 5.26.2.0
Toolchain Path:  E:\keil5\ARM\ARMCC\Bin
C Compiler:      Armcc.exe V5.06 update 6 (build 750)
Assembler:       Armasm.exe V5.06 update 6 (build 750)
Linker/Locator:  ArmLink.exe V5.06 update 6 (build 750)
Library Manager: ArmAr.exe V5.06 update 6 (build 750)
Hex Converter:   FromElf.exe V5.06 update 6 (build 750)
CPU DLL:         SARMCM3.DLL V5.26.2.0
Dialog DLL:      DARMCM1.DLL V1.19.1.0
Target DLL:      STLink\ST-LINKIII-KEIL_SWO.dll V3.0.5.0
Dialog DLL:      TARMCM1.DLL V1.14.0.0
 
<h2>Project:</h2>
H:\飞毛腿\第一事业部\STM32\code\battery_module\project\STM32G031_PRO\MDK-ARM\STM32G031_PRO.uvprojx
Project File Date:  03/10/2022

<h2>Output:</h2>
*** Using Compiler 'V5.06 update 6 (build 750)', folder: 'E:\keil5\ARM\ARMCC\Bin'
Rebuild target 'STM32G031_PRO'
assembling startup_stm32g031xx.s...
compiling stm32g0xx_ll_adc.c...
compiling stm32g0xx_hal_adc_ex.c...
compiling stm32g0xx_hal_msp.c...
compiling stm32g0xx_ll_rcc.c...
compiling stm32g0xx_hal_adc.c...
compiling stm32g0xx_hal_rcc.c...
compiling stm32g0xx_it.c...
compiling main.c...
../Core/Src/main.c(47): warning:  #188-D: enumerated type mixed with another type
  		PC6Out(x);		 
../Core/Src/main.c: 1 warning, 0 errors
compiling stm32g0xx_ll_dma.c...
compiling stm32g0xx_hal_rcc_ex.c...
compiling stm32g0xx_hal_flash.c...
compiling stm32g0xx_hal_gpio.c...
compiling stm32g0xx_hal_flash_ex.c...
compiling stm32g0xx_hal_dma_ex.c...
compiling stm32g0xx_hal_pwr_ex.c...
compiling stm32g0xx_hal_dma.c...
compiling stm32g0xx_hal_pwr.c...
compiling stm32g0xx_hal_cortex.c...
compiling stm32g0xx_hal_i2c_ex.c...
compiling stm32g0xx_hal.c...
compiling stm32g0xx_hal_exti.c...
compiling stm32g0xx_hal_iwdg.c...
compiling stm32g0xx_hal_i2c.c...
compiling stm32g0xx_hal_tim.c...
compiling system_stm32g0xx.c...
compiling stm32g0xx_hal_uart.c...
compiling stm32g0xx_hal_tim_ex.c...
compiling stm32g0xx_hal_uart_ex.c...
compiling app.c...
..\Src\App\app.c(13): warning:  #177-D: variable "apptim_dly"  was declared but never referenced
      static u32_tim_dly_t apptim_dly, reset_dly;	
..\Src\App\app.c(13): warning:  #177-D: variable "reset_dly"  was declared but never referenced
      static u32_tim_dly_t apptim_dly, reset_dly;	
..\Src\App\app.c(14): warning:  #177-D: variable "x"  was declared but never referenced
  	static u8 x;
..\Src\App\app.c: 3 warnings, 0 errors
compiling bsp.c...
compiling gauge_pro.c...
..\Src\App\gauge_pro.c(47): warning:  #940-D: missing return statement at end of non-void function "GAUGE_DataUpdate" 
  }
..\Src\App\gauge_pro.c: 1 warning, 0 errors
compiling adc.c...
compiling timer.c...
compiling usart.c...
compiling gpio.c...
compiling flash.c...
compiling iwdg.c...
compiling iic_slave.c...
compiling iic_master.c...
..\Src\Bsp\iic_master.h(6): warning:  #47-D: incompatible redefinition of macro "READ_SDA"  (declared at line 11 of "..\Src\Bsp\SMBus.h")
  #define     READ_SDA    PAin(12)
..\Src\Bsp\iic_master.c: 1 warning, 0 errors
compiling cir_handle.c...
..\Src\Tool\cir_handle.c(70): warning:  #188-D: enumerated type mixed with another type
  				PC6Out(x);
..\Src\Tool\cir_handle.c(76): warning:  #940-D: missing return statement at end of non-void function "circ_usart1_rx_data_handle" 
  }
..\Src\Tool\cir_handle.c: 2 warnings, 0 errors
compiling crc.c...
compiling SMBus.c...
..\Src\Bsp\SMBus.c(275): warning:  #223-D: function "CRC8" declared implicitly
  	crc = CRC8(Crcbuff,3);
..\Src\Bsp\SMBus.c(384): warning:  #223-D: function "CRC8" declared implicitly
  		crc = CRC8(Crcbuff,6);
..\Src\Bsp\SMBus.c(392): warning:  #223-D: function "CRC8" declared implicitly
  		crc = CRC8(Crcbuff,8);	
..\Src\Bsp\SMBus.c: 3 warnings, 0 errors
compiling CircularBuf.c...
linking...
Program Size: Code=14452 RO-data=344 RW-data=52 ZI-data=1780  
FromELF: creating hex file...
"STM32G031_PRO\STM32G031_PRO.axf" - 0 Error(s), 11 Warning(s).

<h2>Software Packages used:</h2>

Package Vendor: ARM
                http://www.keil.com/pack/ARM.CMSIS.5.4.0.pack
                ARM.CMSIS.5.4.0
                CMSIS (Cortex Microcontroller Software Interface Standard)
   * Component: CORE Version: 5.1.2

Package Vendor: Keil
                http://www.keil.com/pack/Keil.STM32G0xx_DFP.1.4.0.pack
                Keil.STM32G0xx_DFP.1.4.0
                STMicroelectronics STM32G0 Series Device Support

<h2>Collection of Component include folders:</h2>
  .\RTE\_STM32G031_PRO
  E:\keil5\ARM\PACK\ARM\CMSIS\5.4.0\CMSIS\Core\Include
  E:\keil5\ARM\PACK\Keil\STM32G0xx_DFP\1.4.0\Drivers\CMSIS\Device\ST\STM32G0xx\Include

<h2>Collection of Component Files used:</h2>

   * Component: ARM::CMSIS:CORE:5.1.2
Build Time Elapsed:  00:00:29
</pre>
</body>
</html>
