Component: ARM Compiler 5.06 update 6 (build 750) Tool: armlink [4d35ed]

==============================================================================

Section Cross References

    startup_stm32g031xx.o(RESET) refers to startup_stm32g031xx.o(STACK) for __initial_sp
    startup_stm32g031xx.o(RESET) refers to startup_stm32g031xx.o(.text) for Reset_Handler
    startup_stm32g031xx.o(RESET) refers to stm32g0xx_it.o(i.NMI_Handler) for NMI_Handler
    startup_stm32g031xx.o(RESET) refers to stm32g0xx_it.o(i.HardFault_Handler) for HardFault_Handler
    startup_stm32g031xx.o(RESET) refers to stm32g0xx_it.o(i.SVC_Handler) for SVC_Handler
    startup_stm32g031xx.o(RESET) refers to stm32g0xx_it.o(i.PendSV_Handler) for PendSV_Handler
    startup_stm32g031xx.o(RESET) refers to stm32g0xx_it.o(i.SysTick_Handler) for SysTick_Handler
    startup_stm32g031xx.o(RESET) refers to gpio.o(i.EXTI4_15_IRQHandler) for EXTI4_15_IRQHandler
    startup_stm32g031xx.o(RESET) refers to timer.o(i.TIM3_IRQHandler) for TIM3_IRQHandler
    startup_stm32g031xx.o(RESET) refers to iic_slave.o(i.I2C1_IRQHandler) for I2C1_IRQHandler
    startup_stm32g031xx.o(RESET) refers to iic_slave.o(i.I2C2_IRQHandler) for I2C2_IRQHandler
    startup_stm32g031xx.o(RESET) refers to usart.o(i.USART1_IRQHandler) for USART1_IRQHandler
    startup_stm32g031xx.o(RESET) refers to usart.o(i.USART2_IRQHandler) for USART2_IRQHandler
    startup_stm32g031xx.o(.text) refers to system_stm32g0xx.o(i.SystemInit) for SystemInit
    startup_stm32g031xx.o(.text) refers to entry.o(.ARM.Collect$$$$00000000) for __main
    main.o(i.main) refers to app.o(i.APP_Init) for APP_Init
    main.o(i.main) refers to app.o(i.APP_PollingTask) for APP_PollingTask
    main.o(i.main) refers to timer.o(i.TMR0_Delay) for TMR0_Delay
    main.o(i.main) refers to stm32g0xx_hal_gpio.o(i.HAL_GPIO_WritePin) for HAL_GPIO_WritePin
    main.o(i.main) refers to printf2.o(i.__0printf$2) for __2printf
    main.o(i.main) refers to main.o(.data) for .data
    stm32g0xx_it.o(i.SysTick_Handler) refers to stm32g0xx_hal.o(i.HAL_IncTick) for HAL_IncTick
    stm32g0xx_hal_adc.o(i.ADC_ConversionStop) refers to stm32g0xx_hal_adc.o(i.LL_ADC_REG_IsConversionOngoing) for LL_ADC_REG_IsConversionOngoing
    stm32g0xx_hal_adc.o(i.ADC_ConversionStop) refers to stm32g0xx_hal.o(i.HAL_GetTick) for HAL_GetTick
    stm32g0xx_hal_adc.o(i.ADC_DMAConvCplt) refers to stm32g0xx_hal_adc.o(i.LL_ADC_REG_IsTriggerSourceSWStart) for LL_ADC_REG_IsTriggerSourceSWStart
    stm32g0xx_hal_adc.o(i.ADC_DMAConvCplt) refers to stm32g0xx_hal_adc.o(i.HAL_ADC_ErrorCallback) for HAL_ADC_ErrorCallback
    stm32g0xx_hal_adc.o(i.ADC_DMAConvCplt) refers to stm32g0xx_hal_adc.o(i.LL_ADC_REG_IsConversionOngoing) for LL_ADC_REG_IsConversionOngoing
    stm32g0xx_hal_adc.o(i.ADC_DMAConvCplt) refers to stm32g0xx_hal_adc.o(i.HAL_ADC_ConvCpltCallback) for HAL_ADC_ConvCpltCallback
    stm32g0xx_hal_adc.o(i.ADC_DMAError) refers to stm32g0xx_hal_adc.o(i.HAL_ADC_ErrorCallback) for HAL_ADC_ErrorCallback
    stm32g0xx_hal_adc.o(i.ADC_DMAHalfConvCplt) refers to stm32g0xx_hal_adc.o(i.HAL_ADC_ConvHalfCpltCallback) for HAL_ADC_ConvHalfCpltCallback
    stm32g0xx_hal_adc.o(i.ADC_Disable) refers to stm32g0xx_hal_adc.o(i.LL_ADC_IsEnabled) for LL_ADC_IsEnabled
    stm32g0xx_hal_adc.o(i.ADC_Disable) refers to stm32g0xx_hal.o(i.HAL_GetTick) for HAL_GetTick
    stm32g0xx_hal_adc.o(i.ADC_Enable) refers to stm32g0xx_hal_adc.o(i.LL_ADC_IsEnabled) for LL_ADC_IsEnabled
    stm32g0xx_hal_adc.o(i.ADC_Enable) refers to uidiv.o(.text) for __aeabi_uidivmod
    stm32g0xx_hal_adc.o(i.ADC_Enable) refers to stm32g0xx_hal.o(i.HAL_GetTick) for HAL_GetTick
    stm32g0xx_hal_adc.o(i.ADC_Enable) refers to system_stm32g0xx.o(.data) for SystemCoreClock
    stm32g0xx_hal_adc.o(i.HAL_ADC_AnalogWDGConfig) refers to stm32g0xx_hal_adc.o(i.LL_ADC_REG_IsConversionOngoing) for LL_ADC_REG_IsConversionOngoing
    stm32g0xx_hal_adc.o(i.HAL_ADC_AnalogWDGConfig) refers to stm32g0xx_hal_adc.o(i.LL_ADC_SetAnalogWDMonitChannels) for LL_ADC_SetAnalogWDMonitChannels
    stm32g0xx_hal_adc.o(i.HAL_ADC_ConfigChannel) refers to stm32g0xx_hal_adc.o(i.LL_ADC_REG_IsConversionOngoing) for LL_ADC_REG_IsConversionOngoing
    stm32g0xx_hal_adc.o(i.HAL_ADC_ConfigChannel) refers to stm32g0xx_hal_adc.o(i.LL_ADC_SetCommonPathInternalCh) for LL_ADC_SetCommonPathInternalCh
    stm32g0xx_hal_adc.o(i.HAL_ADC_ConfigChannel) refers to uidiv.o(.text) for __aeabi_uidivmod
    stm32g0xx_hal_adc.o(i.HAL_ADC_ConfigChannel) refers to system_stm32g0xx.o(.data) for SystemCoreClock
    stm32g0xx_hal_adc.o(i.HAL_ADC_DeInit) refers to stm32g0xx_hal_adc.o(i.ADC_ConversionStop) for ADC_ConversionStop
    stm32g0xx_hal_adc.o(i.HAL_ADC_DeInit) refers to stm32g0xx_hal_adc.o(i.ADC_Disable) for ADC_Disable
    stm32g0xx_hal_adc.o(i.HAL_ADC_DeInit) refers to adc.o(i.HAL_ADC_MspDeInit) for HAL_ADC_MspDeInit
    stm32g0xx_hal_adc.o(i.HAL_ADC_IRQHandler) refers to stm32g0xx_hal_adc_ex.o(i.HAL_ADCEx_EndOfSamplingCallback) for HAL_ADCEx_EndOfSamplingCallback
[...]
    ../clib/microlib/printf/printf.c         0x00000000   Number         0  printf7.o ABSOLUTE
    ../clib/microlib/printf/printf.c         0x00000000   Number         0  printf8.o ABSOLUTE
    ../clib/microlib/printf/printf.c         0x00000000   Number         0  printf5.o ABSOLUTE
    ../clib/microlib/printf/printf.c         0x00000000   Number         0  printfb.o ABSOLUTE
    ../clib/microlib/printf/printf.c         0x00000000   Number         0  printf0.o ABSOLUTE
    ../clib/microlib/printf/stubs.s          0x00000000   Number         0  stubs.o ABSOLUTE
    ../clib/microlib/stdio/streams.c         0x00000000   Number         0  stdout.o ABSOLUTE
    ../clib/microlib/string/memset.c         0x00000000   Number         0  memseta.o ABSOLUTE
    ../clib/microlib/stubs.s                 0x00000000   Number         0  iusefp.o ABSOLUTE
    ../fplib/microlib/d2f.c                  0x00000000   Number         0  d2f.o ABSOLUTE
    ../fplib/microlib/fpadd.c                0x00000000   Number         0  dadd.o ABSOLUTE
    ../fplib/microlib/fpdiv.c                0x00000000   Number         0  ddiv.o ABSOLUTE
    ../fplib/microlib/fpepilogue.c           0x00000000   Number         0  fepilogue.o ABSOLUTE
    ../fplib/microlib/fpepilogue.c           0x00000000   Number         0  depilogue.o ABSOLUTE
    ../fplib/microlib/fpfix.c                0x00000000   Number         0  dfixul.o ABSOLUTE
    ../fplib/microlib/fpflt.c                0x00000000   Number         0  dfltui.o ABSOLUTE
    ../fplib/microlib/fpmul.c                0x00000000   Number         0  dmul.o ABSOLUTE
    ..\Core\Src\main.c                       0x00000000   Number         0  main.o ABSOLUTE
    ..\Core\Src\stm32g0xx_hal_msp.c          0x00000000   Number         0  stm32g0xx_hal_msp.o ABSOLUTE
    ..\Core\Src\stm32g0xx_it.c               0x00000000   Number         0  stm32g0xx_it.o ABSOLUTE
    ..\Core\Src\system_stm32g0xx.c           0x00000000   Number         0  system_stm32g0xx.o ABSOLUTE
    ..\Drivers\STM32G0xx_HAL_Driver\Src\stm32g0xx_hal.c 0x00000000   Number         0  stm32g0xx_hal.o ABSOLUTE
    ..\Drivers\STM32G0xx_HAL_Driver\Src\stm32g0xx_hal_adc.c 0x00000000   Number         0  stm32g0xx_hal_adc.o ABSOLUTE
    ..\Drivers\STM32G0xx_HAL_Driver\Src\stm32g0xx_hal_adc_ex.c 0x00000000   Number         0  stm32g0xx_hal_adc_ex.o ABSOLUTE
    ..\Drivers\STM32G0xx_HAL_Driver\Src\stm32g0xx_hal_cortex.c 0x00000000   Number         0  stm32g0xx_hal_cortex.o ABSOLUTE
    ..\Drivers\STM32G0xx_HAL_Driver\Src\stm32g0xx_hal_dma.c 0x00000000   Number         0  stm32g0xx_hal_dma.o ABSOLUTE
    ..\Drivers\STM32G0xx_HAL_Driver\Src\stm32g0xx_hal_dma_ex.c 0x00000000   Number         0  stm32g0xx_hal_dma_ex.o ABSOLUTE
    ..\Drivers\STM32G0xx_HAL_Driver\Src\stm32g0xx_hal_exti.c 0x00000000   Number         0  stm32g0xx_hal_exti.o ABSOLUTE
    ..\Drivers\STM32G0xx_HAL_Driver\Src\stm32g0xx_hal_flash.c 0x00000000   Number         0  stm32g0xx_hal_flash.o ABSOLUTE
    ..\Drivers\STM32G0xx_HAL_Driver\Src\stm32g0xx_hal_flash_ex.c 0x00000000   Number         0  stm32g0xx_hal_flash_ex.o ABSOLUTE
    ..\Drivers\STM32G0xx_HAL_Driver\Src\stm32g0xx_hal_gpio.c 0x00000000   Number         0  stm32g0xx_hal_gpio.o ABSOLUTE
    ..\Drivers\STM32G0xx_HAL_Driver\Src\stm32g0xx_hal_i2c.c 0x00000000   Number         0  stm32g0xx_hal_i2c.o ABSOLUTE
    ..\Drivers\STM32G0xx_HAL_Driver\Src\stm32g0xx_hal_i2c_ex.c 0x00000000   Number         0  stm32g0xx_hal_i2c_ex.o ABSOLUTE
    ..\Drivers\STM32G0xx_HAL_Driver\Src\stm32g0xx_hal_iwdg.c 0x00000000   Number         0  stm32g0xx_hal_iwdg.o ABSOLUTE
    ..\Drivers\STM32G0xx_HAL_Driver\Src\stm32g0xx_hal_pwr.c 0x00000000   Number         0  stm32g0xx_hal_pwr.o ABSOLUTE
    ..\Drivers\STM32G0xx_HAL_Driver\Src\stm32g0xx_hal_pwr_ex.c 0x00000000   Number         0  stm32g0xx_hal_pwr_ex.o ABSOLUTE
    ..\Drivers\STM32G0xx_HAL_Driver\Src\stm32g0xx_hal_rcc.c 0x00000000   Number         0  stm32g0xx_hal_rcc.o ABSOLUTE
    ..\Drivers\STM32G0xx_HAL_Driver\Src\stm32g0xx_hal_rcc_ex.c 0x00000000   Number         0  stm32g0xx_hal_rcc_ex.o ABSOLUTE
    ..\Drivers\STM32G0xx_HAL_Driver\Src\stm32g0xx_hal_tim.c 0x00000000   Number         0  stm32g0xx_hal_tim.o ABSOLUTE
    ..\Drivers\STM32G0xx_HAL_Driver\Src\stm32g0xx_hal_tim_ex.c 0x00000000   Number         0  stm32g0xx_hal_tim_ex.o ABSOLUTE
    ..\Drivers\STM32G0xx_HAL_Driver\Src\stm32g0xx_hal_uart.c 0x00000000   Number         0  stm32g0xx_hal_uart.o ABSOLUTE
    ..\Drivers\STM32G0xx_HAL_Driver\Src\stm32g0xx_hal_uart_ex.c 0x00000000   Number         0  stm32g0xx_hal_uart_ex.o ABSOLUTE
    ..\Src\App\app.c                         0x00000000   Number         0  app.o ABSOLUTE
    ..\Src\App\gauge_pro.c                   0x00000000   Number         0  gauge_pro.o ABSOLUTE
    ..\Src\Bsp\SMBus.c                       0x00000000   Number         0  smbus.o ABSOLUTE
    ..\Src\Bsp\adc.c                         0x00000000   Number         0  adc.o ABSOLUTE
    ..\Src\Bsp\bsp.c                         0x00000000   Number         0  bsp.o ABSOLUTE
    ..\Src\Bsp\crc.c                         0x00000000   Number         0  crc.o ABSOLUTE
    ..\Src\Bsp\flash.c                       0x00000000   Number         0  flash.o ABSOLUTE
    ..\Src\Bsp\gpio.c                        0x00000000   Number         0  gpio.o ABSOLUTE
    ..\Src\Bsp\iic_master.c                  0x00000000   Number         0  iic_master.o ABSOLUTE
    ..\Src\Bsp\iic_slave.c                   0x00000000   Number         0  iic_slave.o ABSOLUTE
    ..\Src\Bsp\iwdg.c                        0x00000000   Number         0  iwdg.o ABSOLUTE
    ..\Src\Bsp\timer.c                       0x00000000   Number         0  timer.o ABSOLUTE
    ..\Src\Bsp\usart.c                       0x00000000   Number         0  usart.o ABSOLUTE
    ..\Src\Tool\CircularBuf.c                0x00000000   Number         0  circularbuf.o ABSOLUTE
    ..\Src\Tool\cir_handle.c                 0x00000000   Number         0  cir_handle.o ABSOLUTE
    ..\\Src\\App\\app.c                      0x00000000   Number         0  app.o ABSOLUTE
    ..\\Src\\App\\gauge_pro.c                0x00000000   Number         0  gauge_pro.o ABSOLUTE
    ..\\Src\\Bsp\\SMBus.c                    0x00000000   Number         0  smbus.o ABSOLUTE
    ..\\Src\\Bsp\\adc.c                      0x00000000   Number         0  adc.o ABSOLUTE
    ..\\Src\\Bsp\\bsp.c                      0x00000000   Number         0  bsp.o ABSOLUTE
    ..\\Src\\Bsp\\crc.c                      0x00000000   Number         0  crc.o ABSOLUTE
    ..\\Src\\Bsp\\flash.c                    0x00000000   Number         0  flash.o ABSOLUTE
    ..\\Src\\Bsp\\gpio.c                     0x00000000   Number         0  gpio.o ABSOLUTE
    ..\\Src\\Bsp\\iic_master.c               0x00000000   Number         0  iic_master.o ABSOLUTE
    ..\\Src\\Bsp\\iic_slave.c                0x00000000   Number         0  iic_slave.o ABSOLUTE
    ..\\Src\\Bsp\\iwdg.c                     0x00000000   Number         0  iwdg.o ABSOLUTE
    ..\\Src\\Bsp\\timer.c                    0x00000000   Number         0  timer.o ABSOLUTE
    ..\\Src\\Bsp\\usart.c                    0x00000000   Number         0  usart.o ABSOLUTE
    ..\\Src\\Tool\\CircularBuf.c             0x00000000   Number         0  circularbuf.o ABSOLUTE
    ..\\Src\\Tool\\cir_handle.c              0x00000000   Number         0  cir_handle.o ABSOLUTE
    cdrcmple.s                               0x00000000   Number         0  cdrcmple.o ABSOLUTE
    dc.s                                     0x00000000   Number         0  dc.o ABSOLUTE
    handlers.s                               0x00000000   Number         0  handlers.o ABSOLUTE
    init.s                                   0x00000000   Number         0  init.o ABSOLUTE
    startup_stm32g031xx.s                    0x00000000   Number         0  startup_stm32g031xx.o ABSOLUTE
    RESET                                    0x08000000   Section      192  startup_stm32g031xx.o(RESET)
    .ARM.Collect$$$$00000000                 0x080000c0   Section        0  entry.o(.ARM.Collect$$$$00000000)
    .ARM.Collect$$$$00000001                 0x080000c0   Section        4  entry2.o(.ARM.Collect$$$$00000001)
    .ARM.Collect$$$$00000004                 0x080000c4   Section        4  entry5.o(.ARM.Collect$$$$00000004)
    .ARM.Collect$$$$00000008                 0x080000c8   Section        0  entry7b.o(.ARM.Collect$$$$00000008)
    .ARM.Collect$$$$0000000A                 0x080000c8   Section        0  entry8b.o(.ARM.Collect$$$$0000000A)
    .ARM.Collect$$$$0000000B                 0x080000c8   Section        8  entry9a.o(.ARM.Collect$$$$0000000B)
    .ARM.Collect$$$$0000000D                 0x080000d0   Section        0  entry10a.o(.ARM.Collect$$$$0000000D)
    .ARM.Collect$$$$0000000F                 0x080000d0   Section        0  entry11a.o(.ARM.Collect$$$$0000000F)
    .ARM.Collect$$$$00002712                 0x080000d0   Section        4  entry2.o(.ARM.Collect$$$$00002712)
    __lit__00000000                          0x080000d0   Data           4  entry2.o(.ARM.Collect$$$$00002712)
    .emb_text                                0x080000d4   Section        6  flash.o(.emb_text)
    .text                                    0x080000dc   Section       28  startup_stm32g031xx.o(.text)
    .text                                    0x080000f8   Section        0  uidiv.o(.text)
    .text                                    0x08000124   Section        0  uldiv.o(.text)
    .text                                    0x08000184   Section        0  memseta.o(.text)
    .text                                    0x080001a8   Section        0  llshl.o(.text)
    .text                                    0x080001c8   Section        0  llushr.o(.text)
    .text                                    0x080001ec   Section       36  init.o(.text)
    i.ADC_ConversionStop                     0x08000210   Section        0  stm32g0xx_hal_adc.o(i.ADC_ConversionStop)
    i.ADC_DeInit                             0x0800026c   Section        0  adc.o(i.ADC_DeInit)
    i.ADC_Disable                            0x08000294   Section        0  stm32g0xx_hal_adc.o(i.ADC_Disable)
    i.APP_Init                               0x08000310   Section        0  app.o(i.APP_Init)
    i.APP_ParamInit                          0x08000320   Section        0  app.o(i.APP_ParamInit)
    i.APP_ParamLoad                          0x0800032c   Section        0  app.o(i.APP_ParamLoad)
    i.APP_PollingTask                        0x0800032e   Section        0  app.o(i.APP_PollingTask)
    i.BSP_Init                               0x0800033e   Section        0  bsp.o(i.BSP_Init)
    i.CRC8                                   0x0800036c   Section        0  crc.o(i.CRC8)
    i.EXTI4_15_IRQHandler                    0x080003a4   Section        0  gpio.o(i.EXTI4_15_IRQHandler)
    i.Error_Handler                          0x080003ae   Section        0  bsp.o(i.Error_Handler)
    i.GAUGE_CommTask                         0x080003b4   Section        0  gauge_pro.o(i.GAUGE_CommTask)
    i.GAUGE_DataUpdate                       0x080003d0   Section        0  gauge_pro.o(i.GAUGE_DataUpdate)
    GAUGE_DataUpdate                         0x080003d1   Thumb Code    34  gauge_pro.o(i.GAUGE_DataUpdate)
    i.Gauge_Init                             0x080003f8   Section        0  gauge_pro.o(i.Gauge_Init)
    i.GetDataFrmCircBuf                      0x08000408   Section        0  circularbuf.o(i.GetDataFrmCircBuf)
    i.HAL_ADC_DeInit                         0x08000444   Section        0  stm32g0xx_hal_adc.o(i.HAL_ADC_DeInit)
    i.HAL_ADC_MspDeInit                      0x080004f4   Section        0  adc.o(i.HAL_ADC_MspDeInit)
    i.HAL_DMA_Abort                          0x08000520   Section        0  stm32g0xx_hal_dma.o(i.HAL_DMA_Abort)
    i.HAL_DMA_Abort_IT                       0x08000598   Section        0  stm32g0xx_hal_dma.o(i.HAL_DMA_Abort_IT)
    i.HAL_DMA_GetState                       0x08000614   Section        0  stm32g0xx_hal_dma.o(i.HAL_DMA_GetState)
    i.HAL_DeInit                             0x0800061c   Section        0  stm32g0xx_hal.o(i.HAL_DeInit)
    i.HAL_GPIO_DeInit                        0x08000644   Section        0  stm32g0xx_hal_gpio.o(i.HAL_GPIO_DeInit)
    i.HAL_GPIO_EXTI_Falling_Callback         0x08000710   Section        0  stm32g0xx_hal_gpio.o(i.HAL_GPIO_EXTI_Falling_Callback)
    i.HAL_GPIO_EXTI_IRQHandler               0x08000714   Section        0  stm32g0xx_hal_gpio.o(i.HAL_GPIO_EXTI_IRQHandler)
    i.HAL_GPIO_EXTI_Rising_Callback          0x0800073c   Section        0  stm32g0xx_hal_gpio.o(i.HAL_GPIO_EXTI_Rising_Callback)
    i.HAL_GPIO_Init                          0x08000740   Section        0  stm32g0xx_hal_gpio.o(i.HAL_GPIO_Init)
    i.HAL_GPIO_ReadPin                       0x08000880   Section        0  stm32g0xx_hal_gpio.o(i.HAL_GPIO_ReadPin)
    i.HAL_GPIO_WritePin                      0x0800088e   Section        0  stm32g0xx_hal_gpio.o(i.HAL_GPIO_WritePin)
    i.HAL_GetTick                            0x0800089c   Section        0  stm32g0xx_hal.o(i.HAL_GetTick)
    i.HAL_I2CEx_ConfigAnalogFilter           0x080008a8   Section        0  stm32g0xx_hal_i2c_ex.o(i.HAL_I2CEx_ConfigAnalogFilter)
    i.HAL_I2CEx_ConfigDigitalFilter          0x080008f6   Section        0  stm32g0xx_hal_i2c_ex.o(i.HAL_I2CEx_ConfigDigitalFilter)
    i.HAL_I2C_AbortCpltCallback              0x08000942   Section        0  stm32g0xx_hal_i2c.o(i.HAL_I2C_AbortCpltCallback)
    i.HAL_I2C_AddrCallback                   0x08000944   Section        0  stm32g0xx_hal_i2c.o(i.HAL_I2C_AddrCallback)
    i.HAL_I2C_DeInit                         0x08000946   Section        0  stm32g0xx_hal_i2c.o(i.HAL_I2C_DeInit)
    i.HAL_I2C_ER_IRQHandler                  0x08000978   Section        0  stm32g0xx_hal_i2c.o(i.HAL_I2C_ER_IRQHandler)
    i.HAL_I2C_EV_IRQHandler                  0x080009d6   Section        0  stm32g0xx_hal_i2c.o(i.HAL_I2C_EV_IRQHandler)
    i.HAL_I2C_ErrorCallback                  0x080009e6   Section        0  stm32g0xx_hal_i2c.o(i.HAL_I2C_ErrorCallback)
    i.HAL_I2C_Init                           0x080009e8   Section        0  stm32g0xx_hal_i2c.o(i.HAL_I2C_Init)
    i.HAL_I2C_ListenCpltCallback             0x08000aa4   Section        0  stm32g0xx_hal_i2c.o(i.HAL_I2C_ListenCpltCallback)
    i.HAL_I2C_MspDeInit                      0x08000aa8   Section        0  iic_slave.o(i.HAL_I2C_MspDeInit)
    i.HAL_I2C_MspInit                        0x08000b1c   Section        0  iic_slave.o(i.HAL_I2C_MspInit)
    i.HAL_I2C_SlaveRxCpltCallback            0x08000be0   Section        0  stm32g0xx_hal_i2c.o(i.HAL_I2C_SlaveRxCpltCallback)
    i.HAL_I2C_SlaveTxCpltCallback            0x08000be2   Section        0  stm32g0xx_hal_i2c.o(i.HAL_I2C_SlaveTxCpltCallback)
    i.HAL_IWDG_Init                          0x08000be4   Section        0  stm32g0xx_hal_iwdg.o(i.HAL_IWDG_Init)
    i.HAL_IWDG_Refresh                       0x08000c48   Section        0  stm32g0xx_hal_iwdg.o(i.HAL_IWDG_Refresh)
    i.HAL_IncTick                            0x08000c58   Section        0  stm32g0xx_hal.o(i.HAL_IncTick)
    i.HAL_Init                               0x08000c68   Section        0  stm32g0xx_hal.o(i.HAL_Init)
    i.HAL_InitTick                           0x08000c90   Section        0  stm32g0xx_hal.o(i.HAL_InitTick)
    i.HAL_MspDeInit                          0x08000ce0   Section        0  stm32g0xx_hal.o(i.HAL_MspDeInit)
    i.HAL_MspInit                            0x08000ce4   Section        0  stm32g0xx_hal_msp.o(i.HAL_MspInit)
    i.HAL_NVIC_DisableIRQ                    0x08000d10   Section        0  stm32g0xx_hal_cortex.o(i.HAL_NVIC_DisableIRQ)
    i.HAL_NVIC_EnableIRQ                     0x08000d30   Section        0  stm32g0xx_hal_cortex.o(i.HAL_NVIC_EnableIRQ)
    i.HAL_NVIC_SetPriority                   0x08000d48   Section        0  stm32g0xx_hal_cortex.o(i.HAL_NVIC_SetPriority)
    i.HAL_PWREx_ControlVoltageScaling        0x08000d50   Section        0  stm32g0xx_hal_pwr_ex.o(i.HAL_PWREx_ControlVoltageScaling)
    i.HAL_RCCEx_PeriphCLKConfig              0x08000d9c   Section        0  stm32g0xx_hal_rcc_ex.o(i.HAL_RCCEx_PeriphCLKConfig)
    i.HAL_RCC_ClockConfig                    0x08000f6c   Section        0  stm32g0xx_hal_rcc.o(i.HAL_RCC_ClockConfig)
    i.HAL_RCC_DeInit                         0x080010e0   Section        0  stm32g0xx_hal_rcc.o(i.HAL_RCC_DeInit)
    i.HAL_RCC_GetHCLKFreq                    0x08001190   Section        0  stm32g0xx_hal_rcc.o(i.HAL_RCC_GetHCLKFreq)
    i.HAL_RCC_GetPCLK1Freq                   0x0800119c   Section        0  stm32g0xx_hal_rcc.o(i.HAL_RCC_GetPCLK1Freq)
    i.HAL_RCC_GetSysClockFreq                0x080011c4   Section        0  stm32g0xx_hal_rcc.o(i.HAL_RCC_GetSysClockFreq)
    i.HAL_RCC_OscConfig                      0x08001260   Section        0  stm32g0xx_hal_rcc.o(i.HAL_RCC_OscConfig)
    i.HAL_SYSTICK_Config                     0x0800169c   Section        0  stm32g0xx_hal_cortex.o(i.HAL_SYSTICK_Config)
    i.HAL_TIMEx_Break2Callback               0x080016cc   Section        0  stm32g0xx_hal_tim_ex.o(i.HAL_TIMEx_Break2Callback)
    i.HAL_TIMEx_BreakCallback                0x080016ce   Section        0  stm32g0xx_hal_tim_ex.o(i.HAL_TIMEx_BreakCallback)
    i.HAL_TIMEx_CommutCallback               0x080016d0   Section        0  stm32g0xx_hal_tim_ex.o(i.HAL_TIMEx_CommutCallback)
    i.HAL_TIMEx_MasterConfigSynchronization  0x080016d4   Section        0  stm32g0xx_hal_tim_ex.o(i.HAL_TIMEx_MasterConfigSynchronization)
    i.HAL_TIM_Base_DeInit                    0x0800173c   Section        0  stm32g0xx_hal_tim.o(i.HAL_TIM_Base_DeInit)
    i.HAL_TIM_Base_Init                      0x08001790   Section        0  stm32g0xx_hal_tim.o(i.HAL_TIM_Base_Init)
    i.HAL_TIM_Base_MspDeInit                 0x080017e0   Section        0  timer.o(i.HAL_TIM_Base_MspDeInit)
    i.HAL_TIM_Base_MspInit                   0x08001804   Section        0  timer.o(i.HAL_TIM_Base_MspInit)
    i.HAL_TIM_Base_Start_IT                  0x08001838   Section        0  stm32g0xx_hal_tim.o(i.HAL_TIM_Base_Start_IT)
    i.HAL_TIM_Base_Stop_IT                   0x08001898   Section        0  stm32g0xx_hal_tim.o(i.HAL_TIM_Base_Stop_IT)
    i.HAL_TIM_ConfigClockSource              0x080018cc   Section        0  stm32g0xx_hal_tim.o(i.HAL_TIM_ConfigClockSource)
    i.HAL_TIM_IC_CaptureCallback             0x080019b0   Section        0  stm32g0xx_hal_tim.o(i.HAL_TIM_IC_CaptureCallback)
    i.HAL_TIM_IRQHandler                     0x080019b4   Section        0  stm32g0xx_hal_tim.o(i.HAL_TIM_IRQHandler)
    i.HAL_TIM_OC_DelayElapsedCallback        0x08001b40   Section        0  stm32g0xx_hal_tim.o(i.HAL_TIM_OC_DelayElapsedCallback)
    i.HAL_TIM_PWM_PulseFinishedCallback      0x08001b42   Section        0  stm32g0xx_hal_tim.o(i.HAL_TIM_PWM_PulseFinishedCallback)
    i.HAL_TIM_PeriodElapsedCallback          0x08001b44   Section        0  stm32g0xx_hal_tim.o(i.HAL_TIM_PeriodElapsedCallback)
    i.HAL_TIM_TriggerCallback                0x08001b46   Section        0  stm32g0xx_hal_tim.o(i.HAL_TIM_TriggerCallback)
    i.HAL_UARTEx_RxEventCallback             0x08001b48   Section        0  stm32g0xx_hal_uart.o(i.HAL_UARTEx_RxEventCallback)
    i.HAL_UARTEx_RxFifoFullCallback          0x08001b4a   Section        0  stm32g0xx_hal_uart_ex.o(i.HAL_UARTEx_RxFifoFullCallback)
    i.HAL_UARTEx_SetRxFifoThreshold          0x08001b4c   Section        0  stm32g0xx_hal_uart_ex.o(i.HAL_UARTEx_SetRxFifoThreshold)
    i.HAL_UARTEx_TxFifoEmptyCallback         0x08001b94   Section        0  stm32g0xx_hal_uart_ex.o(i.HAL_UARTEx_TxFifoEmptyCallback)
    i.HAL_UARTEx_WakeupCallback              0x08001b96   Section        0  stm32g0xx_hal_uart_ex.o(i.HAL_UARTEx_WakeupCallback)
    i.HAL_UART_DeInit                        0x08001b98   Section        0  stm32g0xx_hal_uart.o(i.HAL_UART_DeInit)
    i.HAL_UART_ErrorCallback                 0x08001bd8   Section        0  stm32g0xx_hal_uart.o(i.HAL_UART_ErrorCallback)
    i.HAL_UART_IRQHandler                    0x08001bdc   Section        0  stm32g0xx_hal_uart.o(i.HAL_UART_IRQHandler)
    i.HAL_UART_Init                          0x08001e48   Section        0  stm32g0xx_hal_uart.o(i.HAL_UART_Init)
    i.HAL_UART_MspDeInit                     0x08001ebc   Section        0  usart.o(i.HAL_UART_MspDeInit)
    i.HAL_UART_MspInit                       0x08001f14   Section        0  usart.o(i.HAL_UART_MspInit)
    i.HAL_UART_Transmit                      0x08001fd4   Section        0  stm32g0xx_hal_uart.o(i.HAL_UART_Transmit)
    i.HAL_UART_TxCpltCallback                0x080020c2   Section        0  stm32g0xx_hal_uart.o(i.HAL_UART_TxCpltCallback)
    i.HardFault_Handler                      0x080020c4   Section        0  stm32g0xx_it.o(i.HardFault_Handler)
    i.I2C1_ER_IRQHandler                     0x080020c8   Section        0  iic_slave.o(i.I2C1_ER_IRQHandler)
    i.I2C1_EV_IRQHandler                     0x080020fc   Section        0  iic_slave.o(i.I2C1_EV_IRQHandler)
    i.I2C1_IRQHandler                        0x08002208   Section        0  iic_slave.o(i.I2C1_IRQHandler)
    i.I2C2_IRQHandler                        0x08002234   Section        0  iic_slave.o(i.I2C2_IRQHandler)
    i.I2C_DMAAbort                           0x08002258   Section        0  stm32g0xx_hal_i2c.o(i.I2C_DMAAbort)
    I2C_DMAAbort                             0x08002259   Thumb Code    28  stm32g0xx_hal_i2c.o(i.I2C_DMAAbort)
    i.I2C_Disable_IRQ                        0x08002274   Section        0  stm32g0xx_hal_i2c.o(i.I2C_Disable_IRQ)
    I2C_Disable_IRQ                          0x08002275   Thumb Code    86  stm32g0xx_hal_i2c.o(i.I2C_Disable_IRQ)
    i.I2C_Flush_TXDR                         0x080022ca   Section        0  stm32g0xx_hal_i2c.o(i.I2C_Flush_TXDR)
    I2C_Flush_TXDR                           0x080022cb   Thumb Code    34  stm32g0xx_hal_i2c.o(i.I2C_Flush_TXDR)
    i.I2C_ITAddrCplt                         0x080022ec   Section        0  stm32g0xx_hal_i2c.o(i.I2C_ITAddrCplt)
    I2C_ITAddrCplt                           0x080022ed   Thumb Code   158  stm32g0xx_hal_i2c.o(i.I2C_ITAddrCplt)
    i.I2C_ITError                            0x0800238c   Section        0  stm32g0xx_hal_i2c.o(i.I2C_ITError)
    I2C_ITError                              0x0800238d   Thumb Code   236  stm32g0xx_hal_i2c.o(i.I2C_ITError)
    i.I2C_ITListenCplt                       0x08002488   Section        0  stm32g0xx_hal_i2c.o(i.I2C_ITListenCplt)
    I2C_ITListenCplt                         0x08002489   Thumb Code    92  stm32g0xx_hal_i2c.o(i.I2C_ITListenCplt)
    i.I2C_ITSlaveCplt                        0x080024ec   Section        0  stm32g0xx_hal_i2c.o(i.I2C_ITSlaveCplt)
    I2C_ITSlaveCplt                          0x080024ed   Thumb Code   314  stm32g0xx_hal_i2c.o(i.I2C_ITSlaveCplt)
    i.I2C_ITSlaveSeqCplt                     0x08002634   Section        0  stm32g0xx_hal_i2c.o(i.I2C_ITSlaveSeqCplt)
    I2C_ITSlaveSeqCplt                       0x08002635   Thumb Code   110  stm32g0xx_hal_i2c.o(i.I2C_ITSlaveSeqCplt)
    i.I2C_Slave_ISR_IT                       0x080026a4   Section        0  stm32g0xx_hal_i2c.o(i.I2C_Slave_ISR_IT)
    I2C_Slave_ISR_IT                         0x080026a5   Thumb Code   306  stm32g0xx_hal_i2c.o(i.I2C_Slave_ISR_IT)
    i.I2C_TreatErrorCallback                 0x080027e0   Section        0  stm32g0xx_hal_i2c.o(i.I2C_TreatErrorCallback)
    I2C_TreatErrorCallback                   0x080027e1   Thumb Code    38  stm32g0xx_hal_i2c.o(i.I2C_TreatErrorCallback)
    i.IIC_DeInit                             0x08002808   Section        0  iic_slave.o(i.IIC_DeInit)
    i.IWDG_Feed                              0x08002874   Section        0  iwdg.o(i.IWDG_Feed)
    i.LL_ADC_IsEnabled                       0x08002884   Section        0  stm32g0xx_hal_adc.o(i.LL_ADC_IsEnabled)
    LL_ADC_IsEnabled                         0x08002885   Thumb Code     8  stm32g0xx_hal_adc.o(i.LL_ADC_IsEnabled)
    i.LL_ADC_REG_IsConversionOngoing         0x0800288c   Section        0  stm32g0xx_hal_adc.o(i.LL_ADC_REG_IsConversionOngoing)
    LL_ADC_REG_IsConversionOngoing           0x0800288d   Thumb Code     8  stm32g0xx_hal_adc.o(i.LL_ADC_REG_IsConversionOngoing)
    i.MX_GPIO_Init                           0x08002894   Section        0  gpio.o(i.MX_GPIO_Init)
    i.MX_I2C1_Init                           0x08002920   Section        0  iic_slave.o(i.MX_I2C1_Init)
    i.MX_I2C2_Init                           0x080029a8   Section        0  iic_slave.o(i.MX_I2C2_Init)
    i.MX_IWDG_Init                           0x08002a00   Section        0  iwdg.o(i.MX_IWDG_Init)
    i.MX_TIM3_Init                           0x08002a34   Section        0  timer.o(i.MX_TIM3_Init)
    i.MX_USART1_UART_Init                    0x08002aac   Section        0  usart.o(i.MX_USART1_UART_Init)
    i.MX_USART2_UART_Init                    0x08002b08   Section        0  usart.o(i.MX_USART2_UART_Init)
    i.NMI_Handler                            0x08002b44   Section        0  stm32g0xx_it.o(i.NMI_Handler)
    i.PendSV_Handler                         0x08002b46   Section        0  stm32g0xx_it.o(i.PendSV_Handler)
    i.PutData2CircBuf                        0x08002b48   Section        0  circularbuf.o(i.PutData2CircBuf)
    i.ReadDataFromCircBuf                    0x08002b94   Section        0  circularbuf.o(i.ReadDataFromCircBuf)
    i.ReadDataFromCircBuf2                   0x08002bb8   Section        0  circularbuf.o(i.ReadDataFromCircBuf2)
    i.Read_bq40z50_data                      0x08002bc0   Section        0  smbus.o(i.Read_bq40z50_data)
    i.SMB_ACK                                0x08002c50   Section        0  smbus.o(i.SMB_ACK)
    i.SMB_HostReadByte                       0x08002cae   Section        0  smbus.o(i.SMB_HostReadByte)
    i.SMB_HostWriteByte                      0x08002d2a   Section        0  smbus.o(i.SMB_HostWriteByte)
    i.SMB_Start                              0x08002d96   Section        0  smbus.o(i.SMB_Start)
    i.SMB_Stop                               0x08002dd6   Section        0  smbus.o(i.SMB_Stop)
    i.SMB_Wait_Ack                           0x08002e1c   Section        0  smbus.o(i.SMB_Wait_Ack)
    i.SMBus_Init                             0x08002e98   Section        0  smbus.o(i.SMBus_Init)
    i.SVC_Handler                            0x08002ee0   Section        0  stm32g0xx_it.o(i.SVC_Handler)
    i.SysTick_Handler                        0x08002ee2   Section        0  stm32g0xx_it.o(i.SysTick_Handler)
    i.SystemClock_Config                     0x08002eec   Section        0  bsp.o(i.SystemClock_Config)
    i.SystemInit                             0x08002f70   Section        0  system_stm32g0xx.o(i.SystemInit)
    i.TIM3_IRQHandler                        0x08002f80   Section        0  timer.o(i.TIM3_IRQHandler)
    i.TIM_Base_SetConfig                     0x08002f9c   Section        0  stm32g0xx_hal_tim.o(i.TIM_Base_SetConfig)
    i.TIM_DeInit                             0x08003020   Section        0  timer.o(i.TIM_DeInit)
    i.TIM_ETR_SetConfig                      0x08003048   Section        0  stm32g0xx_hal_tim.o(i.TIM_ETR_SetConfig)
    i.TIM_ITRx_SetConfig                     0x08003060   Section        0  stm32g0xx_hal_tim.o(i.TIM_ITRx_SetConfig)
    TIM_ITRx_SetConfig                       0x08003061   Thumb Code    16  stm32g0xx_hal_tim.o(i.TIM_ITRx_SetConfig)
    i.TIM_TI1_ConfigInputStage               0x08003074   Section        0  stm32g0xx_hal_tim.o(i.TIM_TI1_ConfigInputStage)
    TIM_TI1_ConfigInputStage                 0x08003075   Thumb Code    34  stm32g0xx_hal_tim.o(i.TIM_TI1_ConfigInputStage)
    i.TIM_TI2_ConfigInputStage               0x08003096   Section        0  stm32g0xx_hal_tim.o(i.TIM_TI2_ConfigInputStage)
    TIM_TI2_ConfigInputStage                 0x08003097   Thumb Code    38  stm32g0xx_hal_tim.o(i.TIM_TI2_ConfigInputStage)
    i.TMR0_Delay                             0x080030bc   Section        0  timer.o(i.TMR0_Delay)
    i.UARTEx_SetNbDataToProcess              0x080030ec   Section        0  stm32g0xx_hal_uart_ex.o(i.UARTEx_SetNbDataToProcess)
    UARTEx_SetNbDataToProcess                0x080030ed   Thumb Code    82  stm32g0xx_hal_uart_ex.o(i.UARTEx_SetNbDataToProcess)
    i.UART_AdvFeatureConfig                  0x08003150   Section        0  stm32g0xx_hal_uart.o(i.UART_AdvFeatureConfig)
    i.UART_CheckIdleState                    0x0800321c   Section        0  stm32g0xx_hal_uart.o(i.UART_CheckIdleState)
    i.UART_DMAAbortOnError                   0x08003284   Section        0  stm32g0xx_hal_uart.o(i.UART_DMAAbortOnError)
    UART_DMAAbortOnError                     0x08003285   Thumb Code    20  stm32g0xx_hal_uart.o(i.UART_DMAAbortOnError)
    i.UART_DeInit                            0x08003298   Section        0  usart.o(i.UART_DeInit)
    i.UART_EndRxTransfer                     0x080032f0   Section        0  stm32g0xx_hal_uart.o(i.UART_EndRxTransfer)
    UART_EndRxTransfer                       0x080032f1   Thumb Code    52  stm32g0xx_hal_uart.o(i.UART_EndRxTransfer)
    i.UART_EndTransmit_IT                    0x08003328   Section        0  stm32g0xx_hal_uart.o(i.UART_EndTransmit_IT)
    UART_EndTransmit_IT                      0x08003329   Thumb Code    28  stm32g0xx_hal_uart.o(i.UART_EndTransmit_IT)
    i.UART_SetConfig                         0x08003344   Section        0  stm32g0xx_hal_uart.o(i.UART_SetConfig)
    i.UART_WaitOnFlagUntilTimeout            0x080035a0   Section        0  stm32g0xx_hal_uart.o(i.UART_WaitOnFlagUntilTimeout)
    i.USART1_IRQHandler                      0x08003644   Section        0  usart.o(i.USART1_IRQHandler)
    i.USART2_IRQHandler                      0x08003668   Section        0  usart.o(i.USART2_IRQHandler)
    i.__0printf$2                            0x08003678   Section        0  printf2.o(i.__0printf$2)
    i.__NVIC_SetPriority                     0x08003698   Section        0  stm32g0xx_hal_cortex.o(i.__NVIC_SetPriority)
    __NVIC_SetPriority                       0x08003699   Thumb Code    60  stm32g0xx_hal_cortex.o(i.__NVIC_SetPriority)
    i.__scatterload_copy                     0x080036dc   Section       14  handlers.o(i.__scatterload_copy)
    i.__scatterload_null                     0x080036ea   Section        2  handlers.o(i.__scatterload_null)
    i.__scatterload_zeroinit                 0x080036ec   Section       14  handlers.o(i.__scatterload_zeroinit)
    i._printf_core                           0x080036fa   Section        0  printf2.o(i._printf_core)
    _printf_core                             0x080036fb   Thumb Code   210  printf2.o(i._printf_core)
    i.cir_handle_init                        0x080037cc   Section        0  cir_handle.o(i.cir_handle_init)
    i.circ_usart1_rx_data_handle             0x080037ec   Section        0  cir_handle.o(i.circ_usart1_rx_data_handle)
    circ_usart1_rx_data_handle               0x080037ed   Thumb Code   188  cir_handle.o(i.circ_usart1_rx_data_handle)
    i.delay_ms                               0x080038c8   Section        0  bsp.o(i.delay_ms)
    i.delay_us                               0x080038e4   Section        0  bsp.o(i.delay_us)
    i.fputc                                  0x0800391c   Section        0  usart.o(i.fputc)
    i.isEmpty                                0x08003938   Section        0  circularbuf.o(i.isEmpty)
    i.isFull                                 0x08003950   Section        0  circularbuf.o(i.isFull)
    i.jump_application                       0x08003978   Section        0  flash.o(i.jump_application)
    i.main                                   0x080039b4   Section        0  main.o(i.main)
    i.read_data_from_circ_buf                0x08003a08   Section        0  circularbuf.o(i.read_data_from_circ_buf)
    i.usart1_rx_handle                       0x08003a42   Section        0  cir_handle.o(i.usart1_rx_handle)
    i.usart1_rx_irq                          0x08003a50   Section        0  cir_handle.o(i.usart1_rx_irq)
    .constdata                               0x08003a60   Section       24  stm32g0xx_hal_uart.o(.constdata)
    .constdata                               0x08003a78   Section       64  system_stm32g0xx.o(.constdata)
    .constdata                               0x08003ab8   Section       32  system_stm32g0xx.o(.constdata)
    .data                                    0x20000000   Section        1  main.o(.data)
    x                                        0x20000000   Data           1  main.o(.data)
    .data                                    0x20000004   Section       12  stm32g0xx_hal.o(.data)
    .data                                    0x20000010   Section        4  system_stm32g0xx.o(.data)
    .data                                    0x20000014   Section        4  gauge_pro.o(.data)
    dlyGaugeData                             0x20000014   Data           4  gauge_pro.o(.data)
    .data                                    0x20000018   Section        4  bsp.o(.data)
    fac_us                                   0x20000018   Data           4  bsp.o(.data)
    .data                                    0x2000001c   Section        4  timer.o(.data)
    .data                                    0x20000020   Section       12  iic_slave.o(.data)
    .data                                    0x2000002c   Section        1  cir_handle.o(.data)
    x                                        0x2000002c   Data           1  cir_handle.o(.data)
    .data                                    0x20000030   Section        4  stdout.o(.data)
    .bss                                     0x20000034   Section       32  gauge_pro.o(.bss)
    .bss                                     0x20000054   Section      100  adc.o(.bss)
    .bss                                     0x200000b8   Section       16  iwdg.o(.bss)
    .bss                                     0x200000c8   Section       76  timer.o(.bss)
    .bss                                     0x20000114   Section      288  usart.o(.bss)
    .bss                                     0x20000234   Section      162  iic_slave.o(.bss)
    .bss                                     0x200002d6   Section      156  cir_handle.o(.bss)
    STACK                                    0x20000378   Section     1024  startup_stm32g031xx.o(STACK)

    Global Symbols

    Symbol Name                              Value     Ov Type        Size  Object(Section)

    BuildAttributes$$THM_ISAv3M$S$PE$A:L22$X:L11$S22$IEEE1$IW$USESV6$~STKCKD$USESV7$~SHL$OTIME$ROPI$EBA8$MICROLIB$REQ8$PRES8$EABIv2 0x00000000   Number         0  anon$$obj.o ABSOLUTE
    __ARM_use_no_argv                        0x00000000   Number         0  main.o ABSOLUTE
    _printf_a                                0x00000000   Number         0  stubs.o ABSOLUTE
    _printf_c                                0x00000000   Number         0  stubs.o ABSOLUTE
    _printf_charcount                        0x00000000   Number         0  stubs.o ABSOLUTE
    _printf_d                                0x00000000   Number         0  stubs.o ABSOLUTE
    _printf_e                                0x00000000   Number         0  stubs.o ABSOLUTE
    _printf_f                                0x00000000   Number         0  stubs.o ABSOLUTE
    _printf_flags                            0x00000000   Number         0  stubs.o ABSOLUTE
    _printf_fp_dec                           0x00000000   Number         0  stubs.o ABSOLUTE
    _printf_fp_hex                           0x00000000   Number         0  stubs.o ABSOLUTE
    _printf_g                                0x00000000   Number         0  stubs.o ABSOLUTE
    _printf_i                                0x00000000   Number         0  stubs.o ABSOLUTE
    _printf_int_dec                          0x00000000   Number         0  stubs.o ABSOLUTE
    _printf_l                                0x00000000   Number         0  stubs.o ABSOLUTE
    _printf_lc                               0x00000000   Number         0  stubs.o ABSOLUTE
    _printf_ll                               0x00000000   Number         0  stubs.o ABSOLUTE
    _printf_lld                              0x00000000   Number         0  stubs.o ABSOLUTE
    _printf_lli                              0x00000000   Number         0  stubs.o ABSOLUTE
    _printf_llo                              0x00000000   Number         0  stubs.o ABSOLUTE
    _printf_llu                              0x00000000   Number         0  stubs.o ABSOLUTE
    _printf_llx                              0x00000000   Number         0  stubs.o ABSOLUTE
    _printf_longlong_dec                     0x00000000   Number         0  stubs.o ABSOLUTE
    _printf_longlong_hex                     0x00000000   Number         0  stubs.o ABSOLUTE
    _printf_longlong_oct                     0x00000000   Number         0  stubs.o ABSOLUTE
    _printf_ls                               0x00000000   Number         0  stubs.o ABSOLUTE
    _printf_mbtowc                           0x00000000   Number         0  stubs.o ABSOLUTE
    _printf_n                                0x00000000   Number         0  stubs.o ABSOLUTE
    _printf_o                                0x00000000   Number         0  stubs.o ABSOLUTE
    _printf_p                                0x00000000   Number         0  stubs.o ABSOLUTE
    _printf_percent                          0x00000000   Number         0  stubs.o ABSOLUTE
    _printf_pre_padding                      0x00000000   Number         0  stubs.o ABSOLUTE
    _printf_return_value                     0x00000000   Number         0  stubs.o ABSOLUTE
    _printf_s                                0x00000000   Number         0  stubs.o ABSOLUTE
    _printf_sizespec                         0x00000000   Number         0  stubs.o ABSOLUTE
    _printf_str                              0x00000000   Number         0  stubs.o ABSOLUTE
    _printf_truncate_signed                  0x00000000   Number         0  stubs.o ABSOLUTE
    _printf_truncate_unsigned                0x00000000   Number         0  stubs.o ABSOLUTE
    _printf_u                                0x00000000   Number         0  stubs.o ABSOLUTE
    _printf_wc                               0x00000000   Number         0  stubs.o ABSOLUTE
    _printf_wctomb                           0x00000000   Number         0  stubs.o ABSOLUTE
    _printf_widthprec                        0x00000000   Number         0  stubs.o ABSOLUTE
    _printf_x                                0x00000000   Number         0  stubs.o ABSOLUTE
    __cpp_initialize__aeabi_                  - Undefined Weak Reference
    __cxa_finalize                            - Undefined Weak Reference
    __decompress                              - Undefined Weak Reference
    _clock_init                               - Undefined Weak Reference
    _microlib_exit                            - Undefined Weak Reference
    __Vectors_Size                           0x000000c0   Number         0  startup_stm32g031xx.o ABSOLUTE
    __Vectors                                0x08000000   Data           4  startup_stm32g031xx.o(RESET)
    __Vectors_End                            0x080000c0   Data           0  startup_stm32g031xx.o(RESET)
    __main                                   0x080000c1   Thumb Code     0  entry.o(.ARM.Collect$$$$00000000)
    _main_stk                                0x080000c1   Thumb Code     0  entry2.o(.ARM.Collect$$$$00000001)
    _main_scatterload                        0x080000c5   Thumb Code     0  entry5.o(.ARM.Collect$$$$00000004)
    __main_after_scatterload                 0x080000c9   Thumb Code     0  entry5.o(.ARM.Collect$$$$00000004)
    _main_clock                              0x080000c9   Thumb Code     0  entry7b.o(.ARM.Collect$$$$00000008)
    _main_cpp_init                           0x080000c9   Thumb Code     0  entry8b.o(.ARM.Collect$$$$0000000A)
    _main_init                               0x080000c9   Thumb Code     0  entry9a.o(.ARM.Collect$$$$0000000B)
    __rt_final_cpp                           0x080000d1   Thumb Code     0  entry10a.o(.ARM.Collect$$$$0000000D)
    __rt_final_exit                          0x080000d1   Thumb Code     0  entry11a.o(.ARM.Collect$$$$0000000F)
    MSR_MSP                                  0x080000d5   Thumb Code     6  flash.o(.emb_text)
    Reset_Handler                            0x080000dd   Thumb Code     8  startup_stm32g031xx.o(.text)
    ADC1_IRQHandler                          0x080000ef   Thumb Code     0  startup_stm32g031xx.o(.text)
    DMA1_Ch4_5_DMAMUX1_OVR_IRQHandler        0x080000ef   Thumb Code     0  startup_stm32g031xx.o(.text)
    DMA1_Channel1_IRQHandler                 0x080000ef   Thumb Code     0  startup_stm32g031xx.o(.text)
    DMA1_Channel2_3_IRQHandler               0x080000ef   Thumb Code     0  startup_stm32g031xx.o(.text)
    EXTI0_1_IRQHandler                       0x080000ef   Thumb Code     0  startup_stm32g031xx.o(.text)
    EXTI2_3_IRQHandler                       0x080000ef   Thumb Code     0  startup_stm32g031xx.o(.text)
    FLASH_IRQHandler                         0x080000ef   Thumb Code     0  startup_stm32g031xx.o(.text)
    LPTIM1_IRQHandler                        0x080000ef   Thumb Code     0  startup_stm32g031xx.o(.text)
    LPTIM2_IRQHandler                        0x080000ef   Thumb Code     0  startup_stm32g031xx.o(.text)
    LPUART1_IRQHandler                       0x080000ef   Thumb Code     0  startup_stm32g031xx.o(.text)
    PVD_IRQHandler                           0x080000ef   Thumb Code     0  startup_stm32g031xx.o(.text)
    RCC_IRQHandler                           0x080000ef   Thumb Code     0  startup_stm32g031xx.o(.text)
    RTC_TAMP_IRQHandler                      0x080000ef   Thumb Code     0  startup_stm32g031xx.o(.text)
    SPI1_IRQHandler                          0x080000ef   Thumb Code     0  startup_stm32g031xx.o(.text)
    SPI2_IRQHandler                          0x080000ef   Thumb Code     0  startup_stm32g031xx.o(.text)
    TIM14_IRQHandler                         0x080000ef   Thumb Code     0  startup_stm32g031xx.o(.text)
    TIM16_IRQHandler                         0x080000ef   Thumb Code     0  startup_stm32g031xx.o(.text)
    TIM17_IRQHandler                         0x080000ef   Thumb Code     0  startup_stm32g031xx.o(.text)
    TIM1_BRK_UP_TRG_COM_IRQHandler           0x080000ef   Thumb Code     0  startup_stm32g031xx.o(.text)
    TIM1_CC_IRQHandler                       0x080000ef   Thumb Code     0  startup_stm32g031xx.o(.text)
    TIM2_IRQHandler                          0x080000ef   Thumb Code     0  startup_stm32g031xx.o(.text)
    WWDG_IRQHandler                          0x080000ef   Thumb Code     0  startup_stm32g031xx.o(.text)
    __aeabi_uidiv                            0x080000f9   Thumb Code     0  uidiv.o(.text)
    __aeabi_uidivmod                         0x080000f9   Thumb Code    44  uidiv.o(.text)
    __aeabi_uldivmod                         0x08000125   Thumb Code    96  uldiv.o(.text)
    __aeabi_memset                           0x08000185   Thumb Code    14  memseta.o(.text)
    __aeabi_memset4                          0x08000185   Thumb Code     0  memseta.o(.text)
    __aeabi_memset8                          0x08000185   Thumb Code     0  memseta.o(.text)
    __aeabi_memclr                           0x08000193   Thumb Code     4  memseta.o(.text)
    __aeabi_memclr4                          0x08000193   Thumb Code     0  memseta.o(.text)
    __aeabi_memclr8                          0x08000193   Thumb Code     0  memseta.o(.text)
    _memset$wrapper                          0x08000197   Thumb Code    18  memseta.o(.text)
    __aeabi_llsl                             0x080001a9   Thumb Code    32  llshl.o(.text)
    _ll_shift_l                              0x080001a9   Thumb Code     0  llshl.o(.text)
    __aeabi_llsr                             0x080001c9   Thumb Code    34  llushr.o(.text)
    _ll_ushift_r                             0x080001c9   Thumb Code     0  llushr.o(.text)
    __scatterload                            0x080001ed   Thumb Code    28  init.o(.text)
    __scatterload_rt2                        0x080001ed   Thumb Code     0  init.o(.text)
    ADC_ConversionStop                       0x08000211   Thumb Code    86  stm32g0xx_hal_adc.o(i.ADC_ConversionStop)
    ADC_DeInit                               0x0800026d   Thumb Code    32  adc.o(i.ADC_DeInit)
    ADC_Disable                              0x08000295   Thumb Code   118  stm32g0xx_hal_adc.o(i.ADC_Disable)
    APP_Init                                 0x08000311   Thumb Code    16  app.o(i.APP_Init)
    APP_ParamInit                            0x08000321   Thumb Code    12  app.o(i.APP_ParamInit)
    APP_ParamLoad                            0x0800032d   Thumb Code     2  app.o(i.APP_ParamLoad)
    APP_PollingTask                          0x0800032f   Thumb Code    16  app.o(i.APP_PollingTask)
    BSP_Init                                 0x0800033f   Thumb Code    46  bsp.o(i.BSP_Init)
    CRC8                                     0x0800036d   Thumb Code    56  crc.o(i.CRC8)
    EXTI4_15_IRQHandler                      0x080003a5   Thumb Code    10  gpio.o(i.EXTI4_15_IRQHandler)
    Error_Handler                            0x080003af   Thumb Code     4  bsp.o(i.Error_Handler)
    GAUGE_CommTask                           0x080003b5   Thumb Code    22  gauge_pro.o(i.GAUGE_CommTask)
    Gauge_Init                               0x080003f9   Thumb Code    12  gauge_pro.o(i.Gauge_Init)
    GetDataFrmCircBuf                        0x08000409   Thumb Code    58  circularbuf.o(i.GetDataFrmCircBuf)
    HAL_ADC_DeInit                           0x08000445   Thumb Code   156  stm32g0xx_hal_adc.o(i.HAL_ADC_DeInit)
    HAL_ADC_MspDeInit                        0x080004f5   Thumb Code    34  adc.o(i.HAL_ADC_MspDeInit)
    HAL_DMA_Abort                            0x08000521   Thumb Code   116  stm32g0xx_hal_dma.o(i.HAL_DMA_Abort)
    HAL_DMA_Abort_IT                         0x08000599   Thumb Code   118  stm32g0xx_hal_dma.o(i.HAL_DMA_Abort_IT)
    HAL_DMA_GetState                         0x08000615   Thumb Code     6  stm32g0xx_hal_dma.o(i.HAL_DMA_GetState)
    HAL_DeInit                               0x0800061d   Thumb Code    34  stm32g0xx_hal.o(i.HAL_DeInit)
    HAL_GPIO_DeInit                          0x08000645   Thumb Code   188  stm32g0xx_hal_gpio.o(i.HAL_GPIO_DeInit)
    HAL_GPIO_EXTI_Falling_Callback           0x08000711   Thumb Code     2  stm32g0xx_hal_gpio.o(i.HAL_GPIO_EXTI_Falling_Callback)
    HAL_GPIO_EXTI_IRQHandler                 0x08000715   Thumb Code    36  stm32g0xx_hal_gpio.o(i.HAL_GPIO_EXTI_IRQHandler)
    HAL_GPIO_EXTI_Rising_Callback            0x0800073d   Thumb Code     2  stm32g0xx_hal_gpio.o(i.HAL_GPIO_EXTI_Rising_Callback)
    HAL_GPIO_Init                            0x08000741   Thumb Code   302  stm32g0xx_hal_gpio.o(i.HAL_GPIO_Init)
    HAL_GPIO_ReadPin                         0x08000881   Thumb Code    14  stm32g0xx_hal_gpio.o(i.HAL_GPIO_ReadPin)
    HAL_GPIO_WritePin                        0x0800088f   Thumb Code    12  stm32g0xx_hal_gpio.o(i.HAL_GPIO_WritePin)
    HAL_GetTick                              0x0800089d   Thumb Code     6  stm32g0xx_hal.o(i.HAL_GetTick)
    HAL_I2CEx_ConfigAnalogFilter             0x080008a9   Thumb Code    78  stm32g0xx_hal_i2c_ex.o(i.HAL_I2CEx_ConfigAnalogFilter)
    HAL_I2CEx_ConfigDigitalFilter            0x080008f7   Thumb Code    76  stm32g0xx_hal_i2c_ex.o(i.HAL_I2CEx_ConfigDigitalFilter)
    HAL_I2C_AbortCpltCallback                0x08000943   Thumb Code     2  stm32g0xx_hal_i2c.o(i.HAL_I2C_AbortCpltCallback)
    HAL_I2C_AddrCallback                     0x08000945   Thumb Code     2  stm32g0xx_hal_i2c.o(i.HAL_I2C_AddrCallback)
    HAL_I2C_DeInit                           0x08000947   Thumb Code    50  stm32g0xx_hal_i2c.o(i.HAL_I2C_DeInit)
    HAL_I2C_ER_IRQHandler                    0x08000979   Thumb Code    94  stm32g0xx_hal_i2c.o(i.HAL_I2C_ER_IRQHandler)
    HAL_I2C_EV_IRQHandler                    0x080009d7   Thumb Code    16  stm32g0xx_hal_i2c.o(i.HAL_I2C_EV_IRQHandler)
    HAL_I2C_ErrorCallback                    0x080009e7   Thumb Code     2  stm32g0xx_hal_i2c.o(i.HAL_I2C_ErrorCallback)
    HAL_I2C_Init                             0x080009e9   Thumb Code   184  stm32g0xx_hal_i2c.o(i.HAL_I2C_Init)
    HAL_I2C_ListenCpltCallback               0x08000aa5   Thumb Code     2  stm32g0xx_hal_i2c.o(i.HAL_I2C_ListenCpltCallback)
    HAL_I2C_MspDeInit                        0x08000aa9   Thumb Code   100  iic_slave.o(i.HAL_I2C_MspDeInit)
    HAL_I2C_MspInit                          0x08000b1d   Thumb Code   178  iic_slave.o(i.HAL_I2C_MspInit)
    HAL_I2C_SlaveRxCpltCallback              0x08000be1   Thumb Code     2  stm32g0xx_hal_i2c.o(i.HAL_I2C_SlaveRxCpltCallback)
    HAL_I2C_SlaveTxCpltCallback              0x08000be3   Thumb Code     2  stm32g0xx_hal_i2c.o(i.HAL_I2C_SlaveTxCpltCallback)
    HAL_IWDG_Init                            0x08000be5   Thumb Code    88  stm32g0xx_hal_iwdg.o(i.HAL_IWDG_Init)
    HAL_IWDG_Refresh                         0x08000c49   Thumb Code    10  stm32g0xx_hal_iwdg.o(i.HAL_IWDG_Refresh)
    HAL_IncTick                              0x08000c59   Thumb Code    12  stm32g0xx_hal.o(i.HAL_IncTick)
    HAL_Init                                 0x08000c69   Thumb Code    36  stm32g0xx_hal.o(i.HAL_Init)
    HAL_InitTick                             0x08000c91   Thumb Code    72  stm32g0xx_hal.o(i.HAL_InitTick)
    HAL_MspDeInit                            0x08000ce1   Thumb Code     2  stm32g0xx_hal.o(i.HAL_MspDeInit)
    HAL_MspInit                              0x08000ce5   Thumb Code    38  stm32g0xx_hal_msp.o(i.HAL_MspInit)
    HAL_NVIC_DisableIRQ                      0x08000d11   Thumb Code    26  stm32g0xx_hal_cortex.o(i.HAL_NVIC_DisableIRQ)
    HAL_NVIC_EnableIRQ                       0x08000d31   Thumb Code    18  stm32g0xx_hal_cortex.o(i.HAL_NVIC_EnableIRQ)
    HAL_NVIC_SetPriority                     0x08000d49   Thumb Code     8  stm32g0xx_hal_cortex.o(i.HAL_NVIC_SetPriority)
    HAL_PWREx_ControlVoltageScaling          0x08000d51   Thumb Code    62  stm32g0xx_hal_pwr_ex.o(i.HAL_PWREx_ControlVoltageScaling)
    HAL_RCCEx_PeriphCLKConfig                0x08000d9d   Thumb Code   452  stm32g0xx_hal_rcc_ex.o(i.HAL_RCCEx_PeriphCLKConfig)
    HAL_RCC_ClockConfig                      0x08000f6d   Thumb Code   348  stm32g0xx_hal_rcc.o(i.HAL_RCC_ClockConfig)
    HAL_RCC_DeInit                           0x080010e1   Thumb Code   154  stm32g0xx_hal_rcc.o(i.HAL_RCC_DeInit)
    HAL_RCC_GetHCLKFreq                      0x08001191   Thumb Code     6  stm32g0xx_hal_rcc.o(i.HAL_RCC_GetHCLKFreq)
    HAL_RCC_GetPCLK1Freq                     0x0800119d   Thumb Code    32  stm32g0xx_hal_rcc.o(i.HAL_RCC_GetPCLK1Freq)
    HAL_RCC_GetSysClockFreq                  0x080011c5   Thumb Code   148  stm32g0xx_hal_rcc.o(i.HAL_RCC_GetSysClockFreq)
    HAL_RCC_OscConfig                        0x08001261   Thumb Code  1082  stm32g0xx_hal_rcc.o(i.HAL_RCC_OscConfig)
    HAL_SYSTICK_Config                       0x0800169d   Thumb Code    38  stm32g0xx_hal_cortex.o(i.HAL_SYSTICK_Config)
    HAL_TIMEx_Break2Callback                 0x080016cd   Thumb Code     2  stm32g0xx_hal_tim_ex.o(i.HAL_TIMEx_Break2Callback)
    HAL_TIMEx_BreakCallback                  0x080016cf   Thumb Code     2  stm32g0xx_hal_tim_ex.o(i.HAL_TIMEx_BreakCallback)
    HAL_TIMEx_CommutCallback                 0x080016d1   Thumb Code     2  stm32g0xx_hal_tim_ex.o(i.HAL_TIMEx_CommutCallback)
    HAL_TIMEx_MasterConfigSynchronization    0x080016d5   Thumb Code    96  stm32g0xx_hal_tim_ex.o(i.HAL_TIMEx_MasterConfigSynchronization)
    HAL_TIM_Base_DeInit                      0x0800173d   Thumb Code    78  stm32g0xx_hal_tim.o(i.HAL_TIM_Base_DeInit)
    HAL_TIM_Base_Init                        0x08001791   Thumb Code    78  stm32g0xx_hal_tim.o(i.HAL_TIM_Base_Init)
    HAL_TIM_Base_MspDeInit                   0x080017e1   Thumb Code    28  timer.o(i.HAL_TIM_Base_MspDeInit)
    HAL_TIM_Base_MspInit                     0x08001805   Thumb Code    44  timer.o(i.HAL_TIM_Base_MspInit)
    HAL_TIM_Base_Start_IT                    0x08001839   Thumb Code    82  stm32g0xx_hal_tim.o(i.HAL_TIM_Base_Start_IT)
    HAL_TIM_Base_Stop_IT                     0x08001899   Thumb Code    46  stm32g0xx_hal_tim.o(i.HAL_TIM_Base_Stop_IT)
    HAL_TIM_ConfigClockSource                0x080018cd   Thumb Code   222  stm32g0xx_hal_tim.o(i.HAL_TIM_ConfigClockSource)
    HAL_TIM_IC_CaptureCallback               0x080019b1   Thumb Code     2  stm32g0xx_hal_tim.o(i.HAL_TIM_IC_CaptureCallback)
    HAL_TIM_IRQHandler                       0x080019b5   Thumb Code   390  stm32g0xx_hal_tim.o(i.HAL_TIM_IRQHandler)
    HAL_TIM_OC_DelayElapsedCallback          0x08001b41   Thumb Code     2  stm32g0xx_hal_tim.o(i.HAL_TIM_OC_DelayElapsedCallback)
    HAL_TIM_PWM_PulseFinishedCallback        0x08001b43   Thumb Code     2  stm32g0xx_hal_tim.o(i.HAL_TIM_PWM_PulseFinishedCallback)
    HAL_TIM_PeriodElapsedCallback            0x08001b45   Thumb Code     2  stm32g0xx_hal_tim.o(i.HAL_TIM_PeriodElapsedCallback)
    HAL_TIM_TriggerCallback                  0x08001b47   Thumb Code     2  stm32g0xx_hal_tim.o(i.HAL_TIM_TriggerCallback)
    HAL_UARTEx_RxEventCallback               0x08001b49   Thumb Code     2  stm32g0xx_hal_uart.o(i.HAL_UARTEx_RxEventCallback)
    HAL_UARTEx_RxFifoFullCallback            0x08001b4b   Thumb Code     2  stm32g0xx_hal_uart_ex.o(i.HAL_UARTEx_RxFifoFullCallback)
    HAL_UARTEx_SetRxFifoThreshold            0x08001b4d   Thumb Code    72  stm32g0xx_hal_uart_ex.o(i.HAL_UARTEx_SetRxFifoThreshold)
    HAL_UARTEx_TxFifoEmptyCallback           0x08001b95   Thumb Code     2  stm32g0xx_hal_uart_ex.o(i.HAL_UARTEx_TxFifoEmptyCallback)
    HAL_UARTEx_WakeupCallback                0x08001b97   Thumb Code     2  stm32g0xx_hal_uart_ex.o(i.HAL_UARTEx_WakeupCallback)
    HAL_UART_DeInit                          0x08001b99   Thumb Code    64  stm32g0xx_hal_uart.o(i.HAL_UART_DeInit)
    HAL_UART_ErrorCallback                   0x08001bd9   Thumb Code     2  stm32g0xx_hal_uart.o(i.HAL_UART_ErrorCallback)
    HAL_UART_IRQHandler                      0x08001bdd   Thumb Code   602  stm32g0xx_hal_uart.o(i.HAL_UART_IRQHandler)
    HAL_UART_Init                            0x08001e49   Thumb Code   114  stm32g0xx_hal_uart.o(i.HAL_UART_Init)
    HAL_UART_MspDeInit                       0x08001ebd   Thumb Code    76  usart.o(i.HAL_UART_MspDeInit)
    HAL_UART_MspInit                         0x08001f15   Thumb Code   176  usart.o(i.HAL_UART_MspInit)
    HAL_UART_Transmit                        0x08001fd5   Thumb Code   238  stm32g0xx_hal_uart.o(i.HAL_UART_Transmit)
    HAL_UART_TxCpltCallback                  0x080020c3   Thumb Code     2  stm32g0xx_hal_uart.o(i.HAL_UART_TxCpltCallback)
    HardFault_Handler                        0x080020c5   Thumb Code     2  stm32g0xx_it.o(i.HardFault_Handler)
    I2C1_ER_IRQHandler                       0x080020c9   Thumb Code    46  iic_slave.o(i.I2C1_ER_IRQHandler)
    I2C1_EV_IRQHandler                       0x080020fd   Thumb Code   256  iic_slave.o(i.I2C1_EV_IRQHandler)
    I2C1_IRQHandler                          0x08002209   Thumb Code    38  iic_slave.o(i.I2C1_IRQHandler)
    I2C2_IRQHandler                          0x08002235   Thumb Code    30  iic_slave.o(i.I2C2_IRQHandler)
    IIC_DeInit                               0x08002809   Thumb Code    96  iic_slave.o(i.IIC_DeInit)
    IWDG_Feed                                0x08002875   Thumb Code    10  iwdg.o(i.IWDG_Feed)
    MX_GPIO_Init                             0x08002895   Thumb Code   126  gpio.o(i.MX_GPIO_Init)
    MX_I2C1_Init                             0x08002921   Thumb Code   120  iic_slave.o(i.MX_I2C1_Init)
    MX_I2C2_Init                             0x080029a9   Thumb Code    76  iic_slave.o(i.MX_I2C2_Init)
    MX_IWDG_Init                             0x08002a01   Thumb Code    34  iwdg.o(i.MX_IWDG_Init)
    MX_TIM3_Init                             0x08002a35   Thumb Code   106  timer.o(i.MX_TIM3_Init)
    MX_USART1_UART_Init                      0x08002aad   Thumb Code    78  usart.o(i.MX_USART1_UART_Init)
    MX_USART2_UART_Init                      0x08002b09   Thumb Code    50  usart.o(i.MX_USART2_UART_Init)
    NMI_Handler                              0x08002b45   Thumb Code     2  stm32g0xx_it.o(i.NMI_Handler)
    PendSV_Handler                           0x08002b47   Thumb Code     2  stm32g0xx_it.o(i.PendSV_Handler)
    PutData2CircBuf                          0x08002b49   Thumb Code    54  circularbuf.o(i.PutData2CircBuf)
    ReadDataFromCircBuf                      0x08002b95   Thumb Code    36  circularbuf.o(i.ReadDataFromCircBuf)
    ReadDataFromCircBuf2                     0x08002bb9   Thumb Code     8  circularbuf.o(i.ReadDataFromCircBuf2)
    Read_bq40z50_data                        0x08002bc1   Thumb Code   140  smbus.o(i.Read_bq40z50_data)
    SMB_ACK                                  0x08002c51   Thumb Code    94  smbus.o(i.SMB_ACK)
    SMB_HostReadByte                         0x08002caf   Thumb Code   124  smbus.o(i.SMB_HostReadByte)
    SMB_HostWriteByte                        0x08002d2b   Thumb Code   108  smbus.o(i.SMB_HostWriteByte)
    SMB_Start                                0x08002d97   Thumb Code    64  smbus.o(i.SMB_Start)
    SMB_Stop                                 0x08002dd7   Thumb Code    70  smbus.o(i.SMB_Stop)
    SMB_Wait_Ack                             0x08002e1d   Thumb Code    94  smbus.o(i.SMB_Wait_Ack)
    SMBus_Init                               0x08002e99   Thumb Code    68  smbus.o(i.SMBus_Init)
    SVC_Handler                              0x08002ee1   Thumb Code     2  stm32g0xx_it.o(i.SVC_Handler)
    SysTick_Handler                          0x08002ee3   Thumb Code     8  stm32g0xx_it.o(i.SysTick_Handler)
    SystemClock_Config                       0x08002eed   Thumb Code   128  bsp.o(i.SystemClock_Config)
    SystemInit                               0x08002f71   Thumb Code    10  system_stm32g0xx.o(i.SystemInit)
    TIM3_IRQHandler                          0x08002f81   Thumb Code    18  timer.o(i.TIM3_IRQHandler)
    TIM_Base_SetConfig                       0x08002f9d   Thumb Code   112  stm32g0xx_hal_tim.o(i.TIM_Base_SetConfig)
    TIM_DeInit                               0x08003021   Thumb Code    32  timer.o(i.TIM_DeInit)
    TIM_ETR_SetConfig                        0x08003049   Thumb Code    22  stm32g0xx_hal_tim.o(i.TIM_ETR_SetConfig)
    TMR0_Delay                               0x080030bd   Thumb Code    44  timer.o(i.TMR0_Delay)
    UART_AdvFeatureConfig                    0x08003151   Thumb Code   202  stm32g0xx_hal_uart.o(i.UART_AdvFeatureConfig)
    UART_CheckIdleState                      0x0800321d   Thumb Code    98  stm32g0xx_hal_uart.o(i.UART_CheckIdleState)
    UART_DeInit                              0x08003299   Thumb Code    78  usart.o(i.UART_DeInit)
    UART_SetConfig                           0x08003345   Thumb Code   562  stm32g0xx_hal_uart.o(i.UART_SetConfig)
    UART_WaitOnFlagUntilTimeout              0x080035a1   Thumb Code   162  stm32g0xx_hal_uart.o(i.UART_WaitOnFlagUntilTimeout)
    USART1_IRQHandler                        0x08003645   Thumb Code    28  usart.o(i.USART1_IRQHandler)
    USART2_IRQHandler                        0x08003669   Thumb Code    10  usart.o(i.USART2_IRQHandler)
    __0printf$2                              0x08003679   Thumb Code    24  printf2.o(i.__0printf$2)
    __1printf$2                              0x08003679   Thumb Code     0  printf2.o(i.__0printf$2)
    __2printf                                0x08003679   Thumb Code     0  printf2.o(i.__0printf$2)
    __scatterload_copy                       0x080036dd   Thumb Code    14  handlers.o(i.__scatterload_copy)
    __scatterload_null                       0x080036eb   Thumb Code     2  handlers.o(i.__scatterload_null)
    __scatterload_zeroinit                   0x080036ed   Thumb Code    14  handlers.o(i.__scatterload_zeroinit)
    cir_handle_init                          0x080037cd   Thumb Code    26  cir_handle.o(i.cir_handle_init)
    delay_ms                                 0x080038c9   Thumb Code    26  bsp.o(i.delay_ms)
    delay_us                                 0x080038e5   Thumb Code    48  bsp.o(i.delay_us)
    fputc                                    0x0800391d   Thumb Code    18  usart.o(i.fputc)
    isEmpty                                  0x08003939   Thumb Code    24  circularbuf.o(i.isEmpty)
    isFull                                   0x08003951   Thumb Code    38  circularbuf.o(i.isFull)
    jump_application                         0x08003979   Thumb Code    54  flash.o(i.jump_application)
    main                                     0x080039b5   Thumb Code    58  main.o(i.main)
    read_data_from_circ_buf                  0x08003a09   Thumb Code    58  circularbuf.o(i.read_data_from_circ_buf)
    usart1_rx_handle                         0x08003a43   Thumb Code    14  cir_handle.o(i.usart1_rx_handle)
    usart1_rx_irq                            0x08003a51   Thumb Code    12  cir_handle.o(i.usart1_rx_irq)
    UARTPrescTable                           0x08003a60   Data          24  stm32g0xx_hal_uart.o(.constdata)
    AHBPrescTable                            0x08003a78   Data          64  system_stm32g0xx.o(.constdata)
    APBPrescTable                            0x08003ab8   Data          32  system_stm32g0xx.o(.constdata)
    Region$$Table$$Base                      0x08003ad8   Number         0  anon$$obj.o(Region$$Table)
    Region$$Table$$Limit                     0x08003af8   Number         0  anon$$obj.o(Region$$Table)
    uwTickFreq                               0x20000004   Data           1  stm32g0xx_hal.o(.data)
    uwTickPrio                               0x20000008   Data           4  stm32g0xx_hal.o(.data)
    uwTick                                   0x2000000c   Data           4  stm32g0xx_hal.o(.data)
    SystemCoreClock                          0x20000010   Data           4  system_stm32g0xx.o(.data)
    g_Tim0Period50ms                         0x2000001c   Data           4  timer.o(.data)
    I2CFirstByteFlag                         0x20000020   Data           1  iic_slave.o(.data)
    i2c_regtemp                              0x20000021   Data           1  iic_slave.o(.data)
    I2C_DEVICE_REGADDRESS                    0x20000022   Data           1  iic_slave.o(.data)
    I2C_DEVICE_REGOFFSET                     0x20000023   Data           1  iic_slave.o(.data)
    u32I2C_DeviceFlag                        0x20000024   Data           4  iic_slave.o(.data)
    u32ISR1_reg                              0x20000028   Data           4  iic_slave.o(.data)
    __stdout                                 0x20000030   Data           4  stdout.o(.data)
    gt_gauge_info                            0x20000034   Data          32  gauge_pro.o(.bss)
    hadc1                                    0x20000054   Data         100  adc.o(.bss)
    hiwdg                                    0x200000b8   Data          16  iwdg.o(.bss)
    htim3                                    0x200000c8   Data          76  timer.o(.bss)
    huart1                                   0x20000114   Data         144  usart.o(.bss)
    huart2                                   0x200001a4   Data         144  usart.o(.bss)
    hi2c1                                    0x20000234   Data          76  iic_slave.o(.bss)
    hi2c2                                    0x20000280   Data          76  iic_slave.o(.bss)
    I2C_REG_TEST                             0x200002cc   Data          10  iic_slave.o(.bss)
    gt_rx_circ_buf                           0x200002d6   Data         156  cir_handle.o(.bss)
    __initial_sp                             0x20000778   Data           0  startup_stm32g031xx.o(STACK)



==============================================================================

Memory Map of the image

  Image Entry point : 0x080000c1

  Load Region LR_IROM1 (Base: 0x08000000, Size: 0x00003b2c, Max: 0x00010000, ABSOLUTE)

    Execution Region ER_IROM1 (Exec base: 0x08000000, Load base: 0x08000000, Size: 0x00003af8, Max: 0x00010000, ABSOLUTE)

    Exec Addr    Load Addr    Size         Type   Attr      Idx    E Section Name        Object

    0x08000000   0x08000000   0x000000c0   Data   RO            3    RESET               startup_stm32g031xx.o
    0x080000c0   0x080000c0   0x00000000   Code   RO         4820  * .ARM.Collect$$$$00000000  mc_p.l(entry.o)
    0x080000c0   0x080000c0   0x00000004   Code   RO         5096    .ARM.Collect$$$$00000001  mc_p.l(entry2.o)
    0x080000c4   0x080000c4   0x00000004   Code   RO         5099    .ARM.Collect$$$$00000004  mc_p.l(entry5.o)
    0x080000c8   0x080000c8   0x00000000   Code   RO         5101    .ARM.Collect$$$$00000008  mc_p.l(entry7b.o)
    0x080000c8   0x080000c8   0x00000000   Code   RO         5103    .ARM.Collect$$$$0000000A  mc_p.l(entry8b.o)
    0x080000c8   0x080000c8   0x00000008   Code   RO         5104    .ARM.Collect$$$$0000000B  mc_p.l(entry9a.o)
    0x080000d0   0x080000d0   0x00000000   Code   RO         5106    .ARM.Collect$$$$0000000D  mc_p.l(entry10a.o)
    0x080000d0   0x080000d0   0x00000000   Code   RO         5108    .ARM.Collect$$$$0000000F  mc_p.l(entry11a.o)
    0x080000d0   0x080000d0   0x00000004   Code   RO         5097    .ARM.Collect$$$$00002712  mc_p.l(entry2.o)
    0x080000d4   0x080000d4   0x00000006   Code   RO         4364    .emb_text           flash.o
    0x080000da   0x080000da   0x00000002   PAD
    0x080000dc   0x080000dc   0x0000001c   Code   RO            4    .text               startup_stm32g031xx.o
    0x080000f8   0x080000f8   0x0000002c   Code   RO         4823    .text               mc_p.l(uidiv.o)
    0x08000124   0x08000124   0x00000060   Code   RO         4825    .text               mc_p.l(uldiv.o)
    0x08000184   0x08000184   0x00000024   Code   RO         4827    .text               mc_p.l(memseta.o)
    0x080001a8   0x080001a8   0x00000020   Code   RO         5111    .text               mc_p.l(llshl.o)
    0x080001c8   0x080001c8   0x00000022   Code   RO         5113    .text               mc_p.l(llushr.o)
    0x080001ea   0x080001ea   0x00000002   PAD
    0x080001ec   0x080001ec   0x00000024   Code   RO         5130    .text               mc_p.l(init.o)
    0x08000210   0x08000210   0x0000005c   Code   RO          272    i.ADC_ConversionStop  stm32g0xx_hal_adc.o
    0x0800026c   0x0800026c   0x00000028   Code   RO         4080    i.ADC_DeInit        adc.o
    0x08000294   0x08000294   0x0000007c   Code   RO          276    i.ADC_Disable       stm32g0xx_hal_adc.o
    0x08000310   0x08000310   0x00000010   Code   RO         3958    i.APP_Init          app.o
    0x08000320   0x08000320   0x0000000c   Code   RO         3959    i.APP_ParamInit     app.o
    0x0800032c   0x0800032c   0x00000002   Code   RO         3960    i.APP_ParamLoad     app.o
    0x0800032e   0x0800032e   0x00000010   Code   RO         3961    i.APP_PollingTask   app.o
    0x0800033e   0x0800033e   0x0000002e   Code   RO         4034    i.BSP_Init          bsp.o
    0x0800036c   0x0800036c   0x00000038   Code   RO         4799    i.CRC8              crc.o
    0x080003a4   0x080003a4   0x0000000a   Code   RO         4152    i.EXTI4_15_IRQHandler  gpio.o
    0x080003ae   0x080003ae   0x00000004   Code   RO         4035    i.Error_Handler     bsp.o
    0x080003b2   0x080003b2   0x00000002   PAD
    0x080003b4   0x080003b4   0x0000001c   Code   RO         3996    i.GAUGE_CommTask    gauge_pro.o
    0x080003d0   0x080003d0   0x00000028   Code   RO         3997    i.GAUGE_DataUpdate  gauge_pro.o
    0x080003f8   0x080003f8   0x00000010   Code   RO         3998    i.Gauge_Init        gauge_pro.o
    0x08000408   0x08000408   0x0000003a   Code   RO         4657    i.GetDataFrmCircBuf  circularbuf.o
    0x08000442   0x08000442   0x00000002   PAD
    0x08000444   0x08000444   0x000000b0   Code   RO          282    i.HAL_ADC_DeInit    stm32g0xx_hal_adc.o
    0x080004f4   0x080004f4   0x0000002c   Code   RO         4084    i.HAL_ADC_MspDeInit  adc.o
    0x08000520   0x08000520   0x00000078   Code   RO         1022    i.HAL_DMA_Abort     stm32g0xx_hal_dma.o
    0x08000598   0x08000598   0x0000007c   Code   RO         1023    i.HAL_DMA_Abort_IT  stm32g0xx_hal_dma.o
    0x08000614   0x08000614   0x00000006   Code   RO         1026    i.HAL_DMA_GetState  stm32g0xx_hal_dma.o
    0x0800061a   0x0800061a   0x00000002   PAD
    0x0800061c   0x0800061c   0x00000028   Code   RO         1547    i.HAL_DeInit        stm32g0xx_hal.o
    0x08000644   0x08000644   0x000000cc   Code   RO          951    i.HAL_GPIO_DeInit   stm32g0xx_hal_gpio.o
    0x08000710   0x08000710   0x00000002   Code   RO          952    i.HAL_GPIO_EXTI_Falling_Callback  stm32g0xx_hal_gpio.o
    0x08000712   0x08000712   0x00000002   PAD
    0x08000714   0x08000714   0x00000028   Code   RO          953    i.HAL_GPIO_EXTI_IRQHandler  stm32g0xx_hal_gpio.o
    0x0800073c   0x0800073c   0x00000002   Code   RO          954    i.HAL_GPIO_EXTI_Rising_Callback  stm32g0xx_hal_gpio.o
    0x0800073e   0x0800073e   0x00000002   PAD
    0x08000740   0x08000740   0x00000140   Code   RO          955    i.HAL_GPIO_Init     stm32g0xx_hal_gpio.o
    0x08000880   0x08000880   0x0000000e   Code   RO          957    i.HAL_GPIO_ReadPin  stm32g0xx_hal_gpio.o
    0x0800088e   0x0800088e   0x0000000c   Code   RO          959    i.HAL_GPIO_WritePin  stm32g0xx_hal_gpio.o
    0x0800089a   0x0800089a   0x00000002   PAD
    0x0800089c   0x0800089c   0x0000000c   Code   RO         1552    i.HAL_GetTick       stm32g0xx_hal.o
    0x080008a8   0x080008a8   0x0000004e   Code   RO         2293    i.HAL_I2CEx_ConfigAnalogFilter  stm32g0xx_hal_i2c_ex.o
    0x080008f6   0x080008f6   0x0000004c   Code   RO         2294    i.HAL_I2CEx_ConfigDigitalFilter  stm32g0xx_hal_i2c_ex.o
    0x08000942   0x08000942   0x00000002   Code   RO         1835    i.HAL_I2C_AbortCpltCallback  stm32g0xx_hal_i2c.o
    0x08000944   0x08000944   0x00000002   Code   RO         1836    i.HAL_I2C_AddrCallback  stm32g0xx_hal_i2c.o
    0x08000946   0x08000946   0x00000032   Code   RO         1837    i.HAL_I2C_DeInit    stm32g0xx_hal_i2c.o
    0x08000978   0x08000978   0x0000005e   Code   RO         1839    i.HAL_I2C_ER_IRQHandler  stm32g0xx_hal_i2c.o
    0x080009d6   0x080009d6   0x00000010   Code   RO         1840    i.HAL_I2C_EV_IRQHandler  stm32g0xx_hal_i2c.o
    0x080009e6   0x080009e6   0x00000002   Code   RO         1842    i.HAL_I2C_ErrorCallback  stm32g0xx_hal_i2c.o
    0x080009e8   0x080009e8   0x000000bc   Code   RO         1846    i.HAL_I2C_Init      stm32g0xx_hal_i2c.o
    0x08000aa4   0x08000aa4   0x00000002   Code   RO         1848    i.HAL_I2C_ListenCpltCallback  stm32g0xx_hal_i2c.o
    0x08000aa6   0x08000aa6   0x00000002   PAD
    0x08000aa8   0x08000aa8   0x00000074   Code   RO         4422    i.HAL_I2C_MspDeInit  iic_slave.o
    0x08000b1c   0x08000b1c   0x000000c4   Code   RO         4423    i.HAL_I2C_MspInit   iic_slave.o
    0x08000be0   0x08000be0   0x00000002   Code   RO         1872    i.HAL_I2C_SlaveRxCpltCallback  stm32g0xx_hal_i2c.o
    0x08000be2   0x08000be2   0x00000002   Code   RO         1873    i.HAL_I2C_SlaveTxCpltCallback  stm32g0xx_hal_i2c.o
    0x08000be4   0x08000be4   0x00000064   Code   RO         2343    i.HAL_IWDG_Init     stm32g0xx_hal_iwdg.o
    0x08000c48   0x08000c48   0x00000010   Code   RO         2344    i.HAL_IWDG_Refresh  stm32g0xx_hal_iwdg.o
    0x08000c58   0x08000c58   0x00000010   Code   RO         1558    i.HAL_IncTick       stm32g0xx_hal.o
    0x08000c68   0x08000c68   0x00000028   Code   RO         1559    i.HAL_Init          stm32g0xx_hal.o
    0x08000c90   0x08000c90   0x00000050   Code   RO         1560    i.HAL_InitTick      stm32g0xx_hal.o
    0x08000ce0   0x08000ce0   0x00000002   Code   RO         1561    i.HAL_MspDeInit     stm32g0xx_hal.o
    0x08000ce2   0x08000ce2   0x00000002   PAD
    0x08000ce4   0x08000ce4   0x0000002c   Code   RO          252    i.HAL_MspInit       stm32g0xx_hal_msp.o
    0x08000d10   0x08000d10   0x00000020   Code   RO         1435    i.HAL_NVIC_DisableIRQ  stm32g0xx_hal_cortex.o
    0x08000d30   0x08000d30   0x00000018   Code   RO         1436    i.HAL_NVIC_EnableIRQ  stm32g0xx_hal_cortex.o
    0x08000d48   0x08000d48   0x00000008   Code   RO         1440    i.HAL_NVIC_SetPriority  stm32g0xx_hal_cortex.o
    0x08000d50   0x08000d50   0x0000004c   Code   RO         1256    i.HAL_PWREx_ControlVoltageScaling  stm32g0xx_hal_pwr_ex.o
    0x08000d9c   0x08000d9c   0x000001d0   Code   RO          663    i.HAL_RCCEx_PeriphCLKConfig  stm32g0xx_hal_rcc_ex.o
    0x08000f6c   0x08000f6c   0x00000174   Code   RO          553    i.HAL_RCC_ClockConfig  stm32g0xx_hal_rcc.o
    0x080010e0   0x080010e0   0x000000b0   Code   RO          554    i.HAL_RCC_DeInit    stm32g0xx_hal_rcc.o
    0x08001190   0x08001190   0x0000000c   Code   RO          559    i.HAL_RCC_GetHCLKFreq  stm32g0xx_hal_rcc.o
    0x0800119c   0x0800119c   0x00000028   Code   RO          561    i.HAL_RCC_GetPCLK1Freq  stm32g0xx_hal_rcc.o
    0x080011c4   0x080011c4   0x0000009c   Code   RO          562    i.HAL_RCC_GetSysClockFreq  stm32g0xx_hal_rcc.o
    0x08001260   0x08001260   0x0000043a   Code   RO          566    i.HAL_RCC_OscConfig  stm32g0xx_hal_rcc.o
    0x0800169a   0x0800169a   0x00000002   PAD
    0x0800169c   0x0800169c   0x00000030   Code   RO         1444    i.HAL_SYSTICK_Config  stm32g0xx_hal_cortex.o
    0x080016cc   0x080016cc   0x00000002   Code   RO         3092    i.HAL_TIMEx_Break2Callback  stm32g0xx_hal_tim_ex.o
    0x080016ce   0x080016ce   0x00000002   Code   RO         3093    i.HAL_TIMEx_BreakCallback  stm32g0xx_hal_tim_ex.o
    0x080016d0   0x080016d0   0x00000002   Code   RO         3094    i.HAL_TIMEx_CommutCallback  stm32g0xx_hal_tim_ex.o
    0x080016d2   0x080016d2   0x00000002   PAD
    0x080016d4   0x080016d4   0x00000068   Code   RO         3115    i.HAL_TIMEx_MasterConfigSynchronization  stm32g0xx_hal_tim_ex.o
    0x0800173c   0x0800173c   0x00000054   Code   RO         2369    i.HAL_TIM_Base_DeInit  stm32g0xx_hal_tim.o
    0x08001790   0x08001790   0x0000004e   Code   RO         2371    i.HAL_TIM_Base_Init  stm32g0xx_hal_tim.o
    0x080017de   0x080017de   0x00000002   PAD
    0x080017e0   0x080017e0   0x00000024   Code   RO         4226    i.HAL_TIM_Base_MspDeInit  timer.o
    0x08001804   0x08001804   0x00000034   Code   RO         4227    i.HAL_TIM_Base_MspInit  timer.o
    0x08001838   0x08001838   0x00000060   Code   RO         2376    i.HAL_TIM_Base_Start_IT  stm32g0xx_hal_tim.o
    0x08001898   0x08001898   0x00000034   Code   RO         2379    i.HAL_TIM_Base_Stop_IT  stm32g0xx_hal_tim.o
    0x080018cc   0x080018cc   0x000000e4   Code   RO         2380    i.HAL_TIM_ConfigClockSource  stm32g0xx_hal_tim.o
    0x080019b0   0x080019b0   0x00000002   Code   RO         2405    i.HAL_TIM_IC_CaptureCallback  stm32g0xx_hal_tim.o
    0x080019b2   0x080019b2   0x00000002   PAD
    0x080019b4   0x080019b4   0x0000018c   Code   RO         2419    i.HAL_TIM_IRQHandler  stm32g0xx_hal_tim.o
    0x08001b40   0x08001b40   0x00000002   Code   RO         2422    i.HAL_TIM_OC_DelayElapsedCallback  stm32g0xx_hal_tim.o
    0x08001b42   0x08001b42   0x00000002   Code   RO         2449    i.HAL_TIM_PWM_PulseFinishedCallback  stm32g0xx_hal_tim.o
    0x08001b44   0x08001b44   0x00000002   Code   RO         2457    i.HAL_TIM_PeriodElapsedCallback  stm32g0xx_hal_tim.o
    0x08001b46   0x08001b46   0x00000002   Code   RO         2462    i.HAL_TIM_TriggerCallback  stm32g0xx_hal_tim.o
    0x08001b48   0x08001b48   0x00000002   Code   RO         3400    i.HAL_UARTEx_RxEventCallback  stm32g0xx_hal_uart.o
    0x08001b4a   0x08001b4a   0x00000002   Code   RO         3819    i.HAL_UARTEx_RxFifoFullCallback  stm32g0xx_hal_uart_ex.o
    0x08001b4c   0x08001b4c   0x00000048   Code   RO         3820    i.HAL_UARTEx_SetRxFifoThreshold  stm32g0xx_hal_uart_ex.o
    0x08001b94   0x08001b94   0x00000002   Code   RO         3823    i.HAL_UARTEx_TxFifoEmptyCallback  stm32g0xx_hal_uart_ex.o
    0x08001b96   0x08001b96   0x00000002   Code   RO         3824    i.HAL_UARTEx_WakeupCallback  stm32g0xx_hal_uart_ex.o
    0x08001b98   0x08001b98   0x00000040   Code   RO         3413    i.HAL_UART_DeInit   stm32g0xx_hal_uart.o
    0x08001bd8   0x08001bd8   0x00000002   Code   RO         3416    i.HAL_UART_ErrorCallback  stm32g0xx_hal_uart.o
    0x08001bda   0x08001bda   0x00000002   PAD
    0x08001bdc   0x08001bdc   0x0000026c   Code   RO         3419    i.HAL_UART_IRQHandler  stm32g0xx_hal_uart.o
    0x08001e48   0x08001e48   0x00000072   Code   RO         3420    i.HAL_UART_Init     stm32g0xx_hal_uart.o
    0x08001eba   0x08001eba   0x00000002   PAD
    0x08001ebc   0x08001ebc   0x00000058   Code   RO         4286    i.HAL_UART_MspDeInit  usart.o
    0x08001f14   0x08001f14   0x000000c0   Code   RO         4287    i.HAL_UART_MspInit  usart.o
    0x08001fd4   0x08001fd4   0x000000ee   Code   RO         3429    i.HAL_UART_Transmit  stm32g0xx_hal_uart.o
    0x080020c2   0x080020c2   0x00000002   Code   RO         3432    i.HAL_UART_TxCpltCallback  stm32g0xx_hal_uart.o
    0x080020c4   0x080020c4   0x00000002   Code   RO          208    i.HardFault_Handler  stm32g0xx_it.o
    0x080020c6   0x080020c6   0x00000002   PAD
    0x080020c8   0x080020c8   0x00000034   Code   RO         4424    i.I2C1_ER_IRQHandler  iic_slave.o
    0x080020fc   0x080020fc   0x0000010c   Code   RO         4425    i.I2C1_EV_IRQHandler  iic_slave.o
    0x08002208   0x08002208   0x0000002c   Code   RO         4426    i.I2C1_IRQHandler   iic_slave.o
    0x08002234   0x08002234   0x00000024   Code   RO         4427    i.I2C2_IRQHandler   iic_slave.o
    0x08002258   0x08002258   0x0000001c   Code   RO         1885    i.I2C_DMAAbort      stm32g0xx_hal_i2c.o
    0x08002274   0x08002274   0x00000056   Code   RO         1891    i.I2C_Disable_IRQ   stm32g0xx_hal_i2c.o
    0x080022ca   0x080022ca   0x00000022   Code   RO         1893    i.I2C_Flush_TXDR    stm32g0xx_hal_i2c.o
    0x080022ec   0x080022ec   0x0000009e   Code   RO         1894    i.I2C_ITAddrCplt    stm32g0xx_hal_i2c.o
    0x0800238a   0x0800238a   0x00000002   PAD
    0x0800238c   0x0800238c   0x000000fc   Code   RO         1895    i.I2C_ITError       stm32g0xx_hal_i2c.o
    0x08002488   0x08002488   0x00000064   Code   RO         1896    i.I2C_ITListenCplt  stm32g0xx_hal_i2c.o
    0x080024ec   0x080024ec   0x00000148   Code   RO         1899    i.I2C_ITSlaveCplt   stm32g0xx_hal_i2c.o
    0x08002634   0x08002634   0x0000006e   Code   RO         1900    i.I2C_ITSlaveSeqCplt  stm32g0xx_hal_i2c.o
    0x080026a2   0x080026a2   0x00000002   PAD
    0x080026a4   0x080026a4   0x0000013c   Code   RO         1907    i.I2C_Slave_ISR_IT  stm32g0xx_hal_i2c.o
    0x080027e0   0x080027e0   0x00000026   Code   RO         1909    i.I2C_TreatErrorCallback  stm32g0xx_hal_i2c.o
    0x08002806   0x08002806   0x00000002   PAD
    0x08002808   0x08002808   0x0000006c   Code   RO         4428    i.IIC_DeInit        iic_slave.o
    0x08002874   0x08002874   0x00000010   Code   RO         4197    i.IWDG_Feed         iwdg.o
    0x08002884   0x08002884   0x00000008   Code   RO          300    i.LL_ADC_IsEnabled  stm32g0xx_hal_adc.o
    0x0800288c   0x0800288c   0x00000008   Code   RO          301    i.LL_ADC_REG_IsConversionOngoing  stm32g0xx_hal_adc.o
    0x08002894   0x08002894   0x0000008c   Code   RO         4153    i.MX_GPIO_Init      gpio.o
    0x08002920   0x08002920   0x00000088   Code   RO         4429    i.MX_I2C1_Init      iic_slave.o
    0x080029a8   0x080029a8   0x00000058   Code   RO         4430    i.MX_I2C2_Init      iic_slave.o
    0x08002a00   0x08002a00   0x00000034   Code   RO         4198    i.MX_IWDG_Init      iwdg.o
    0x08002a34   0x08002a34   0x00000078   Code   RO         4228    i.MX_TIM3_Init      timer.o
    0x08002aac   0x08002aac   0x0000005c   Code   RO         4289    i.MX_USART1_UART_Init  usart.o
    0x08002b08   0x08002b08   0x0000003c   Code   RO         4290    i.MX_USART2_UART_Init  usart.o
    0x08002b44   0x08002b44   0x00000002   Code   RO          209    i.NMI_Handler       stm32g0xx_it.o
    0x08002b46   0x08002b46   0x00000002   Code   RO          210    i.PendSV_Handler    stm32g0xx_it.o
    0x08002b48   0x08002b48   0x0000004c   Code   RO         4660    i.PutData2CircBuf   circularbuf.o
    0x08002b94   0x08002b94   0x00000024   Code   RO         4662    i.ReadDataFromCircBuf  circularbuf.o
    0x08002bb8   0x08002bb8   0x00000008   Code   RO         4663    i.ReadDataFromCircBuf2  circularbuf.o
    0x08002bc0   0x08002bc0   0x00000090   Code   RO         4583    i.Read_bq40z50_data  smbus.o
    0x08002c50   0x08002c50   0x0000005e   Code   RO         4584    i.SMB_ACK           smbus.o
    0x08002cae   0x08002cae   0x0000007c   Code   RO         4586    i.SMB_HostReadByte  smbus.o
    0x08002d2a   0x08002d2a   0x0000006c   Code   RO         4587    i.SMB_HostWriteByte  smbus.o
    0x08002d96   0x08002d96   0x00000040   Code   RO         4588    i.SMB_Start         smbus.o
    0x08002dd6   0x08002dd6   0x00000046   Code   RO         4589    i.SMB_Stop          smbus.o
    0x08002e1c   0x08002e1c   0x0000007c   Code   RO         4590    i.SMB_Wait_Ack      smbus.o
    0x08002e98   0x08002e98   0x00000048   Code   RO         4591    i.SMBus_Init        smbus.o
    0x08002ee0   0x08002ee0   0x00000002   Code   RO          211    i.SVC_Handler       stm32g0xx_it.o
    0x08002ee2   0x08002ee2   0x00000008   Code   RO          212    i.SysTick_Handler   stm32g0xx_it.o
    0x08002eea   0x08002eea   0x00000002   PAD
    0x08002eec   0x08002eec   0x00000084   Code   RO         4036    i.SystemClock_Config  bsp.o
    0x08002f70   0x08002f70   0x00000010   Code   RO         3925    i.SystemInit        system_stm32g0xx.o
    0x08002f80   0x08002f80   0x0000001c   Code   RO         4229    i.TIM3_IRQHandler   timer.o
    0x08002f9c   0x08002f9c   0x00000084   Code   RO         2464    i.TIM_Base_SetConfig  stm32g0xx_hal_tim.o
    0x08003020   0x08003020   0x00000028   Code   RO         4230    i.TIM_DeInit        timer.o
    0x08003048   0x08003048   0x00000016   Code   RO         2475    i.TIM_ETR_SetConfig  stm32g0xx_hal_tim.o
    0x0800305e   0x0800305e   0x00000002   PAD
    0x08003060   0x08003060   0x00000014   Code   RO         2476    i.TIM_ITRx_SetConfig  stm32g0xx_hal_tim.o
    0x08003074   0x08003074   0x00000022   Code   RO         2484    i.TIM_TI1_ConfigInputStage  stm32g0xx_hal_tim.o
    0x08003096   0x08003096   0x00000026   Code   RO         2486    i.TIM_TI2_ConfigInputStage  stm32g0xx_hal_tim.o
    0x080030bc   0x080030bc   0x00000030   Code   RO         4231    i.TMR0_Delay        timer.o
    0x080030ec   0x080030ec   0x00000064   Code   RO         3825    i.UARTEx_SetNbDataToProcess  stm32g0xx_hal_uart_ex.o
    0x08003150   0x08003150   0x000000ca   Code   RO         3434    i.UART_AdvFeatureConfig  stm32g0xx_hal_uart.o
    0x0800321a   0x0800321a   0x00000002   PAD
    0x0800321c   0x0800321c   0x00000068   Code   RO         3435    i.UART_CheckIdleState  stm32g0xx_hal_uart.o
    0x08003284   0x08003284   0x00000014   Code   RO         3436    i.UART_DMAAbortOnError  stm32g0xx_hal_uart.o
    0x08003298   0x08003298   0x00000058   Code   RO         4291    i.UART_DeInit       usart.o
    0x080032f0   0x080032f0   0x00000038   Code   RO         3446    i.UART_EndRxTransfer  stm32g0xx_hal_uart.o
    0x08003328   0x08003328   0x0000001c   Code   RO         3447    i.UART_EndTransmit_IT  stm32g0xx_hal_uart.o
    0x08003344   0x08003344   0x0000025c   Code   RO         3453    i.UART_SetConfig    stm32g0xx_hal_uart.o
    0x080035a0   0x080035a0   0x000000a2   Code   RO         3460    i.UART_WaitOnFlagUntilTimeout  stm32g0xx_hal_uart.o
    0x08003642   0x08003642   0x00000002   PAD
    0x08003644   0x08003644   0x00000024   Code   RO         4292    i.USART1_IRQHandler  usart.o
    0x08003668   0x08003668   0x00000010   Code   RO         4293    i.USART2_IRQHandler  usart.o
    0x08003678   0x08003678   0x00000020   Code   RO         4896    i.__0printf$2       mc_p.l(printf2.o)
    0x08003698   0x08003698   0x00000044   Code   RO         1446    i.__NVIC_SetPriority  stm32g0xx_hal_cortex.o
    0x080036dc   0x080036dc   0x0000000e   Code   RO         5136    i.__scatterload_copy  mc_p.l(handlers.o)
    0x080036ea   0x080036ea   0x00000002   Code   RO         5137    i.__scatterload_null  mc_p.l(handlers.o)
    0x080036ec   0x080036ec   0x0000000e   Code   RO         5138    i.__scatterload_zeroinit  mc_p.l(handlers.o)
    0x080036fa   0x080036fa   0x000000d2   Code   RO         4903    i._printf_core      mc_p.l(printf2.o)
    0x080037cc   0x080037cc   0x00000020   Code   RO         4757    i.cir_handle_init   cir_handle.o
    0x080037ec   0x080037ec   0x000000dc   Code   RO         4758    i.circ_usart1_rx_data_handle  cir_handle.o
    0x080038c8   0x080038c8   0x0000001a   Code   RO         4037    i.delay_ms          bsp.o
    0x080038e2   0x080038e2   0x00000002   PAD
    0x080038e4   0x080038e4   0x00000038   Code   RO         4038    i.delay_us          bsp.o
    0x0800391c   0x0800391c   0x0000001c   Code   RO         4294    i.fputc             usart.o
    0x08003938   0x08003938   0x00000018   Code   RO         4666    i.isEmpty           circularbuf.o
    0x08003950   0x08003950   0x00000026   Code   RO         4667    i.isFull            circularbuf.o
    0x08003976   0x08003976   0x00000002   PAD
    0x08003978   0x08003978   0x0000003c   Code   RO         4368    i.jump_application  flash.o
    0x080039b4   0x080039b4   0x00000054   Code   RO           12    i.main              main.o
    0x08003a08   0x08003a08   0x0000003a   Code   RO         4669    i.read_data_from_circ_buf  circularbuf.o
    0x08003a42   0x08003a42   0x0000000e   Code   RO         4759    i.usart1_rx_handle  cir_handle.o
    0x08003a50   0x08003a50   0x00000010   Code   RO         4760    i.usart1_rx_irq     cir_handle.o
    0x08003a60   0x08003a60   0x00000018   Data   RO         3461    .constdata          stm32g0xx_hal_uart.o
    0x08003a78   0x08003a78   0x00000040   Data   RO         3926    .constdata          system_stm32g0xx.o
    0x08003ab8   0x08003ab8   0x00000020   Data   RO         3927    .constdata          system_stm32g0xx.o
    0x08003ad8   0x08003ad8   0x00000020   Data   RO         5134    Region$$Table       anon$$obj.o


    Execution Region RW_IRAM1 (Exec base: 0x20000000, Load base: 0x08003af8, Size: 0x00000778, Max: 0x00002000, ABSOLUTE)

    Exec Addr    Load Addr    Size         Type   Attr      Idx    E Section Name        Object

    0x20000000   0x08003af8   0x00000001   Data   RW           13    .data               main.o
    0x20000001   0x08003af9   0x00000003   PAD
    0x20000004   0x08003afc   0x0000000c   Data   RW         1577    .data               stm32g0xx_hal.o
    0x20000010   0x08003b08   0x00000004   Data   RW         3928    .data               system_stm32g0xx.o
    0x20000014   0x08003b0c   0x00000004   Data   RW         4000    .data               gauge_pro.o
    0x20000018   0x08003b10   0x00000004   Data   RW         4039    .data               bsp.o
    0x2000001c   0x08003b14   0x00000004   Data   RW         4234    .data               timer.o
    0x20000020   0x08003b18   0x0000000c   Data   RW         4433    .data               iic_slave.o
    0x2000002c   0x08003b24   0x00000001   Data   RW         4763    .data               cir_handle.o
    0x2000002d   0x08003b25   0x00000003   PAD
    0x20000030   0x08003b28   0x00000004   Data   RW         5110    .data               mc_p.l(stdout.o)
    0x20000034        -       0x00000020   Zero   RW         3999    .bss                gauge_pro.o
    0x20000054        -       0x00000064   Zero   RW         4087    .bss                adc.o
    0x200000b8        -       0x00000010   Zero   RW         4199    .bss                iwdg.o
    0x200000c8        -       0x0000004c   Zero   RW         4233    .bss                timer.o
    0x20000114        -       0x00000120   Zero   RW         4296    .bss                usart.o
    0x20000234        -       0x000000a2   Zero   RW         4431    .bss                iic_slave.o
    0x200002d6        -       0x0000009c   Zero   RW         4762    .bss                cir_handle.o
    0x20000372   0x08003b2c   0x00000006   PAD
    0x20000378        -       0x00000400   Zero   RW            1    STACK               startup_stm32g031xx.o


==============================================================================

Image component sizes


      Code (inc. data)   RO Data    RW Data    ZI Data      Debug   Object Name

        84         18          0          0        100       1521   adc.o
        46          0          0          0          0       1829   app.o
       264         12          0          4          0       2950   bsp.o
       282         42          0          1        156       3118   cir_handle.o
       298         22          0          0          0       5732   circularbuf.o
        56          0          0          0          0        943   crc.o
        66          6          0          0          0        951   flash.o
        84         16          0          4         32       3334   gauge_pro.o
       150         14          0          0          0       1453   gpio.o
      1044        104          0         12        162       6394   iic_slave.o
        68         24          0          0         16       1163   iwdg.o
        84         26          0          1          0     443156   main.o
       800         38          0          0          0       5400   smbus.o
        28          8        192          0       1024        644   startup_stm32g031xx.o
       190         28          0         12          0      18346   stm32g0xx_hal.o
       408         32          0          0          0      36428   stm32g0xx_hal_adc.o
       180         30          0          0          0      12935   stm32g0xx_hal_cortex.o
       250         10          0          0          0       2410   stm32g0xx_hal_dma.o
       594         38          0          0          0       5685   stm32g0xx_hal_gpio.o
      1810         52          0          0          0      16044   stm32g0xx_hal_i2c.o
       154          0          0          0          0       2071   stm32g0xx_hal_i2c_ex.o
       116         18          0          0          0       1823   stm32g0xx_hal_iwdg.o
        44          6          0          0          0        870   stm32g0xx_hal_msp.o
        76         14          0          0          0        778   stm32g0xx_hal_pwr_ex.o
      1838        104          0          0          0      24998   stm32g0xx_hal_rcc.o
       464         12          0          0          0       1752   stm32g0xx_hal_rcc_ex.o
      1190         62          0          0          0      11460   stm32g0xx_hal_tim.o
       110          8          0          0          0       3116   stm32g0xx_hal_tim_ex.o
      2218         70         24          0          0      31482   stm32g0xx_hal_uart.o
       178         18          0          0          0       3881   stm32g0xx_hal_uart_ex.o
        16          0          0          0          0       2247   stm32g0xx_it.o
        16          6         96          4          0       1207   system_stm32g0xx.o
       324         52          0          4         76       3952   timer.o
       600         86          0          0        288       5068   usart.o

    ----------------------------------------------------------------------
     14180        976        344         48       1860     665141   Object Totals
         0          0         32          0          0          0   (incl. Generated)
        50          0          0          6          6          0   (incl. Padding)

    ----------------------------------------------------------------------

      Code (inc. data)   RO Data    RW Data    ZI Data      Debug   Library Member Name

         0          0          0          0          0          0   entry.o
         0          0          0          0          0          0   entry10a.o
         0          0          0          0          0          0   entry11a.o
         8          4          0          0          0          0   entry2.o
         4          0          0          0          0          0   entry5.o
         0          0          0          0          0          0   entry7b.o
         0          0          0          0          0          0   entry8b.o
         8          4          0          0          0          0   entry9a.o
        30          0          0          0          0          0   handlers.o
        36          8          0          0          0         68   init.o
        32          0          0          0          0         68   llshl.o
        34          0          0          0          0         68   llushr.o
        36          0          0          0          0        100   memseta.o
       242          8          0          0          0        168   printf2.o
         0          0          0          4          0          0   stdout.o
        44          0          0          0          0         72   uidiv.o
        96          0          0          0          0         84   uldiv.o

    ----------------------------------------------------------------------
       572         24          0          4          0        628   Library Totals
         2          0          0          0          0          0   (incl. Padding)

    ----------------------------------------------------------------------

      Code (inc. data)   RO Data    RW Data    ZI Data      Debug   Library Name

       570         24          0          4          0        628   mc_p.l

    ----------------------------------------------------------------------
       572         24          0          4          0        628   Library Totals

    ----------------------------------------------------------------------

==============================================================================


      Code (inc. data)   RO Data    RW Data    ZI Data      Debug   

     14752       1000        344         52       1860     658477   Grand Totals
     14752       1000        344         52       1860     658477   ELF Image Totals
     14752       1000        344         52          0          0   ROM Totals

==============================================================================

    Total RO  Size (Code + RO Data)                15096 (  14.74kB)
    Total RW  Size (RW Data + ZI Data)              1912 (   1.87kB)
    Total ROM Size (Code + RO Data + RW Data)      15148 (  14.79kB)

==============================================================================

