Component: ARM Compiler 5.06 update 6 (build 750) Tool: armlink [4d35ed]

==============================================================================

Section Cross References

    startup_stm32g031xx.o(RESET) refers to startup_stm32g031xx.o(STACK) for __initial_sp
    startup_stm32g031xx.o(RESET) refers to startup_stm32g031xx.o(.text) for Reset_Handler
    startup_stm32g031xx.o(RESET) refers to stm32g0xx_it.o(i.NMI_Handler) for NMI_Handler
    startup_stm32g031xx.o(RESET) refers to stm32g0xx_it.o(i.HardFault_Handler) for HardFault_Handler
    startup_stm32g031xx.o(RESET) refers to stm32g0xx_it.o(i.SVC_Handler) for SVC_Handler
    startup_stm32g031xx.o(RESET) refers to stm32g0xx_it.o(i.PendSV_Handler) for PendSV_Handler
    startup_stm32g031xx.o(RESET) refers to stm32g0xx_it.o(i.SysTick_Handler) for SysTick_Handler
    startup_stm32g031xx.o(RESET) refers to gpio.o(i.EXTI4_15_IRQHandler) for EXTI4_15_IRQHandler
    startup_stm32g031xx.o(RESET) refers to timer.o(i.TIM3_IRQHandler) for TIM3_IRQHandler
    startup_stm32g031xx.o(RESET) refers to usart.o(i.USART1_IRQHandler) for USART1_IRQHandler
    startup_stm32g031xx.o(RESET) refers to usart.o(i.USART2_IRQHandler) for USART2_IRQHandler
    startup_stm32g031xx.o(.text) refers to system_stm32g0xx.o(i.SystemInit) for SystemInit
    startup_stm32g031xx.o(.text) refers to entry.o(.ARM.Collect$$$$00000000) for __main
    main.o(i.main) refers to app.o(i.APP_Init) for APP_Init
    main.o(i.main) refers to app.o(i.APP_PollingTask) for APP_PollingTask
    stm32g0xx_it.o(i.SysTick_Handler) refers to stm32g0xx_hal.o(i.HAL_IncTick) for HAL_IncTick
    stm32g0xx_hal_rcc.o(i.HAL_RCC_ClockConfig) refers to stm32g0xx_hal.o(i.HAL_GetTick) for HAL_GetTick
    stm32g0xx_hal_rcc.o(i.HAL_RCC_ClockConfig) refers to stm32g0xx_hal_rcc.o(i.HAL_RCC_GetSysClockFreq) for HAL_RCC_GetSysClockFreq
    stm32g0xx_hal_rcc.o(i.HAL_RCC_ClockConfig) refers to stm32g0xx_hal.o(i.HAL_InitTick) for HAL_InitTick
    stm32g0xx_hal_rcc.o(i.HAL_RCC_ClockConfig) refers to system_stm32g0xx.o(.constdata) for AHBPrescTable
    stm32g0xx_hal_rcc.o(i.HAL_RCC_ClockConfig) refers to system_stm32g0xx.o(.data) for SystemCoreClock
    stm32g0xx_hal_rcc.o(i.HAL_RCC_ClockConfig) refers to stm32g0xx_hal.o(.data) for uwTickPrio
    stm32g0xx_hal_rcc.o(i.HAL_RCC_DeInit) refers to stm32g0xx_hal.o(i.HAL_GetTick) for HAL_GetTick
    stm32g0xx_hal_rcc.o(i.HAL_RCC_DeInit) refers to stm32g0xx_hal.o(i.HAL_InitTick) for HAL_InitTick
    stm32g0xx_hal_rcc.o(i.HAL_RCC_DeInit) refers to system_stm32g0xx.o(.data) for SystemCoreClock
    stm32g0xx_hal_rcc.o(i.HAL_RCC_DeInit) refers to stm32g0xx_hal.o(.data) for uwTickPrio
    stm32g0xx_hal_rcc.o(i.HAL_RCC_GetHCLKFreq) refers to system_stm32g0xx.o(.data) for SystemCoreClock
    stm32g0xx_hal_rcc.o(i.HAL_RCC_GetPCLK1Freq) refers to stm32g0xx_hal_rcc.o(i.HAL_RCC_GetHCLKFreq) for HAL_RCC_GetHCLKFreq
    stm32g0xx_hal_rcc.o(i.HAL_RCC_GetPCLK1Freq) refers to system_stm32g0xx.o(.constdata) for APBPrescTable
    stm32g0xx_hal_rcc.o(i.HAL_RCC_GetSysClockFreq) refers to uidiv.o(.text) for __aeabi_uidivmod
    stm32g0xx_hal_rcc.o(i.HAL_RCC_MCOConfig) refers to stm32g0xx_hal_gpio.o(i.HAL_GPIO_Init) for HAL_GPIO_Init
    stm32g0xx_hal_rcc.o(i.HAL_RCC_NMI_IRQHandler) refers to stm32g0xx_hal_rcc.o(i.HAL_RCC_CSSCallback) for HAL_RCC_CSSCallback
    stm32g0xx_hal_rcc.o(i.HAL_RCC_NMI_IRQHandler) refers to stm32g0xx_hal_rcc.o(i.HAL_RCC_LSECSSCallback) for HAL_RCC_LSECSSCallback
    stm32g0xx_hal_rcc.o(i.HAL_RCC_OscConfig) refers to stm32g0xx_hal.o(i.HAL_GetTick) for HAL_GetTick
    stm32g0xx_hal_rcc.o(i.HAL_RCC_OscConfig) refers to uidiv.o(.text) for __aeabi_uidivmod
    stm32g0xx_hal_rcc.o(i.HAL_RCC_OscConfig) refers to stm32g0xx_hal.o(i.HAL_InitTick) for HAL_InitTick
    stm32g0xx_hal_rcc.o(i.HAL_RCC_OscConfig) refers to system_stm32g0xx.o(.data) for SystemCoreClock
    stm32g0xx_hal_rcc.o(i.HAL_RCC_OscConfig) refers to stm32g0xx_hal.o(.data) for uwTickPrio
    stm32g0xx_hal_rcc_ex.o(i.HAL_RCCEx_DisableLSCO) refers to stm32g0xx_hal_pwr.o(i.HAL_PWR_EnableBkUpAccess) for HAL_PWR_EnableBkUpAccess
    stm32g0xx_hal_rcc_ex.o(i.HAL_RCCEx_DisableLSCO) refers to stm32g0xx_hal_pwr.o(i.HAL_PWR_DisableBkUpAccess) for HAL_PWR_DisableBkUpAccess
    stm32g0xx_hal_rcc_ex.o(i.HAL_RCCEx_EnableLSCO) refers to stm32g0xx_hal_gpio.o(i.HAL_GPIO_Init) for HAL_GPIO_Init
    stm32g0xx_hal_rcc_ex.o(i.HAL_RCCEx_EnableLSCO) refers to stm32g0xx_hal_pwr.o(i.HAL_PWR_EnableBkUpAccess) for HAL_PWR_EnableBkUpAccess
    stm32g0xx_hal_rcc_ex.o(i.HAL_RCCEx_EnableLSCO) refers to stm32g0xx_hal_pwr.o(i.HAL_PWR_DisableBkUpAccess) for HAL_PWR_DisableBkUpAccess
    stm32g0xx_hal_rcc_ex.o(i.HAL_RCCEx_GetPeriphCLKFreq) refers to uidiv.o(.text) for __aeabi_uidivmod
    stm32g0xx_hal_rcc_ex.o(i.HAL_RCCEx_GetPeriphCLKFreq) refers to stm32g0xx_hal_rcc.o(i.HAL_RCC_GetPCLK1Freq) for HAL_RCC_GetPCLK1Freq
    stm32g0xx_hal_rcc_ex.o(i.HAL_RCCEx_GetPeriphCLKFreq) refers to stm32g0xx_hal_rcc.o(i.HAL_RCC_GetSysClockFreq) for HAL_RCC_GetSysClockFreq
[...]
    Removing stm32g0xx_hal_uart.o(i.HAL_LIN_Init), (174 bytes).
    Removing stm32g0xx_hal_uart.o(i.HAL_LIN_SendBreak), (62 bytes).
    Removing stm32g0xx_hal_uart.o(i.HAL_MultiProcessor_DisableMuteMode), (60 bytes).
    Removing stm32g0xx_hal_uart.o(i.HAL_MultiProcessor_EnableMuteMode), (60 bytes).
    Removing stm32g0xx_hal_uart.o(i.HAL_MultiProcessor_EnterMuteMode), (14 bytes).
    Removing stm32g0xx_hal_uart.o(i.HAL_MultiProcessor_Init), (164 bytes).
    Removing stm32g0xx_hal_uart.o(i.HAL_UART_Abort), (256 bytes).
    Removing stm32g0xx_hal_uart.o(i.HAL_UART_AbortCpltCallback), (2 bytes).
    Removing stm32g0xx_hal_uart.o(i.HAL_UART_AbortReceive), (156 bytes).
    Removing stm32g0xx_hal_uart.o(i.HAL_UART_AbortReceiveCpltCallback), (2 bytes).
    Removing stm32g0xx_hal_uart.o(i.HAL_UART_AbortReceive_IT), (192 bytes).
    Removing stm32g0xx_hal_uart.o(i.HAL_UART_AbortTransmit), (132 bytes).
    Removing stm32g0xx_hal_uart.o(i.HAL_UART_AbortTransmitCpltCallback), (2 bytes).
    Removing stm32g0xx_hal_uart.o(i.HAL_UART_AbortTransmit_IT), (160 bytes).
    Removing stm32g0xx_hal_uart.o(i.HAL_UART_Abort_IT), (312 bytes).
    Removing stm32g0xx_hal_uart.o(i.HAL_UART_DMAPause), (126 bytes).
    Removing stm32g0xx_hal_uart.o(i.HAL_UART_DMAResume), (110 bytes).
    Removing stm32g0xx_hal_uart.o(i.HAL_UART_DMAStop), (152 bytes).
    Removing stm32g0xx_hal_uart.o(i.HAL_UART_DisableReceiverTimeout), (92 bytes).
    Removing stm32g0xx_hal_uart.o(i.HAL_UART_EnableReceiverTimeout), (92 bytes).
    Removing stm32g0xx_hal_uart.o(i.HAL_UART_GetError), (8 bytes).
    Removing stm32g0xx_hal_uart.o(i.HAL_UART_GetState), (16 bytes).
    Removing stm32g0xx_hal_uart.o(i.HAL_UART_MspDeInit), (2 bytes).
    Removing stm32g0xx_hal_uart.o(i.HAL_UART_MspInit), (2 bytes).
    Removing stm32g0xx_hal_uart.o(i.HAL_UART_Receive), (364 bytes).
    Removing stm32g0xx_hal_uart.o(i.HAL_UART_Receive_DMA), (98 bytes).
    Removing stm32g0xx_hal_uart.o(i.HAL_UART_ReceiverTimeout_Config), (28 bytes).
    Removing stm32g0xx_hal_uart.o(i.HAL_UART_RxHalfCpltCallback), (2 bytes).
    Removing stm32g0xx_hal_uart.o(i.HAL_UART_Transmit_DMA), (224 bytes).
    Removing stm32g0xx_hal_uart.o(i.HAL_UART_Transmit_IT), (232 bytes).
    Removing stm32g0xx_hal_uart.o(i.HAL_UART_TxHalfCpltCallback), (2 bytes).
    Removing stm32g0xx_hal_uart.o(i.UART_DMAError), (90 bytes).
    Removing stm32g0xx_hal_uart.o(i.UART_DMAReceiveCplt), (112 bytes).
    Removing stm32g0xx_hal_uart.o(i.UART_DMARxAbortCallback), (84 bytes).
    Removing stm32g0xx_hal_uart.o(i.UART_DMARxHalfCplt), (34 bytes).
    Removing stm32g0xx_hal_uart.o(i.UART_DMARxOnlyAbortCallback), (48 bytes).
    Removing stm32g0xx_hal_uart.o(i.UART_DMATransmitCplt), (58 bytes).
    Removing stm32g0xx_hal_uart.o(i.UART_DMATxAbortCallback), (94 bytes).
    Removing stm32g0xx_hal_uart.o(i.UART_DMATxHalfCplt), (14 bytes).
    Removing stm32g0xx_hal_uart.o(i.UART_DMATxOnlyAbortCallback), (48 bytes).
    Removing stm32g0xx_hal_uart.o(i.UART_EndTxTransfer), (34 bytes).
    Removing stm32g0xx_hal_uart.o(i.UART_Start_Receive_DMA), (168 bytes).
    Removing stm32g0xx_hal_uart.o(i.UART_TxISR_16BIT), (74 bytes).
    Removing stm32g0xx_hal_uart.o(i.UART_TxISR_16BIT_FIFOEN), (106 bytes).
    Removing stm32g0xx_hal_uart.o(i.UART_TxISR_8BIT), (70 bytes).
    Removing stm32g0xx_hal_uart.o(i.UART_TxISR_8BIT_FIFOEN), (100 bytes).
    Removing stm32g0xx_hal_uart_ex.o(.rev16_text), (4 bytes).
    Removing stm32g0xx_hal_uart_ex.o(.revsh_text), (4 bytes).
    Removing stm32g0xx_hal_uart_ex.o(i.HAL_MultiProcessorEx_AddressLength_Set), (66 bytes).
    Removing stm32g0xx_hal_uart_ex.o(i.HAL_RS485Ex_Init), (160 bytes).
    Removing stm32g0xx_hal_uart_ex.o(i.HAL_UARTEx_DisableFifoMode), (84 bytes).
    Removing stm32g0xx_hal_uart_ex.o(i.HAL_UARTEx_DisableStopMode), (50 bytes).
    Removing stm32g0xx_hal_uart_ex.o(i.HAL_UARTEx_EnableFifoMode), (86 bytes).
    Removing stm32g0xx_hal_uart_ex.o(i.HAL_UARTEx_EnableStopMode), (50 bytes).
    Removing stm32g0xx_hal_uart_ex.o(i.HAL_UARTEx_ReceiveToIdle), (448 bytes).
    Removing stm32g0xx_hal_uart_ex.o(i.HAL_UARTEx_ReceiveToIdle_DMA), (134 bytes).
    Removing stm32g0xx_hal_uart_ex.o(i.HAL_UARTEx_ReceiveToIdle_IT), (134 bytes).
    Removing stm32g0xx_hal_uart_ex.o(i.HAL_UARTEx_SetTxFifoThreshold), (94 bytes).
    Removing stm32g0xx_hal_uart_ex.o(i.HAL_UARTEx_StopModeWakeUpSourceConfig), (152 bytes).
    Removing stm32g0xx_hal_uart_ex.o(i.UARTEx_Wakeup_AddressConfig), (42 bytes).
    Removing stm32g0xx_hal_uart_ex.o(.constdata), (5 bytes).
    Removing stm32g0xx_hal_dma.o(.rev16_text), (4 bytes).
    Removing stm32g0xx_hal_dma.o(.revsh_text), (4 bytes).
    Removing stm32g0xx_hal_dma.o(i.DMA_CalcDMAMUXChannelBaseAndMask), (52 bytes).
    Removing stm32g0xx_hal_dma.o(i.DMA_CalcDMAMUXRequestGenBaseAndMask), (40 bytes).
    Removing stm32g0xx_hal_dma.o(i.DMA_SetConfig), (76 bytes).
    Removing stm32g0xx_hal_dma.o(i.HAL_DMA_DeInit), (160 bytes).
    Removing stm32g0xx_hal_dma.o(i.HAL_DMA_GetError), (6 bytes).
    Removing stm32g0xx_hal_dma.o(i.HAL_DMA_GetState), (8 bytes).
    Removing stm32g0xx_hal_dma.o(i.HAL_DMA_IRQHandler), (288 bytes).
    Removing stm32g0xx_hal_dma.o(i.HAL_DMA_Init), (192 bytes).
    Removing stm32g0xx_hal_dma.o(i.HAL_DMA_PollForTransfer), (356 bytes).
    Removing stm32g0xx_hal_dma.o(i.HAL_DMA_RegisterCallback), (92 bytes).
    Removing stm32g0xx_hal_dma.o(i.HAL_DMA_Start), (114 bytes).
    Removing stm32g0xx_hal_dma.o(i.HAL_DMA_Start_IT), (204 bytes).
    Removing stm32g0xx_hal_dma.o(i.HAL_DMA_UnRegisterCallback), (108 bytes).
    Removing stm32g0xx_hal_dma.o(.constdata), (5 bytes).
    Removing stm32g0xx_hal_dma_ex.o(.rev16_text), (4 bytes).
    Removing stm32g0xx_hal_dma_ex.o(.revsh_text), (4 bytes).
    Removing stm32g0xx_hal_dma_ex.o(i.HAL_DMAEx_ConfigMuxRequestGenerator), (104 bytes).
    Removing stm32g0xx_hal_dma_ex.o(i.HAL_DMAEx_ConfigMuxSync), (94 bytes).
    Removing stm32g0xx_hal_dma_ex.o(i.HAL_DMAEx_DisableMuxRequestGenerator), (38 bytes).
    Removing stm32g0xx_hal_dma_ex.o(i.HAL_DMAEx_EnableMuxRequestGenerator), (38 bytes).
    Removing stm32g0xx_hal_dma_ex.o(i.HAL_DMAEx_MUX_IRQHandler), (120 bytes).
    Removing stm32g0xx_hal_dma_ex.o(.constdata), (5 bytes).
    Removing system_stm32g0xx.o(.rev16_text), (4 bytes).
    Removing system_stm32g0xx.o(.revsh_text), (4 bytes).
    Removing system_stm32g0xx.o(i.SystemCoreClockUpdate), (236 bytes).
    Removing app.o(.rev16_text), (4 bytes).
    Removing app.o(.revsh_text), (4 bytes).
    Removing app.o(.constdata), (5 bytes).
    Removing iap.o(.rev16_text), (4 bytes).
    Removing iap.o(.revsh_text), (4 bytes).
    Removing iap.o(i.BufferCmp), (36 bytes).
    Removing iap.o(.constdata), (5 bytes).
    Removing combin_pack.o(.rev16_text), (4 bytes).
    Removing combin_pack.o(.revsh_text), (4 bytes).
    Removing combin_pack.o(i.CRC_Check), (38 bytes).
    Removing combin_pack.o(i.Get_CrcValue), (14 bytes).
    Removing combin_pack.o(.constdata), (5 bytes).
    Removing bsp.o(.rev16_text), (4 bytes).
    Removing bsp.o(.revsh_text), (4 bytes).
    Removing bsp.o(.constdata), (5 bytes).
    Removing gpio.o(.rev16_text), (4 bytes).
    Removing gpio.o(.revsh_text), (4 bytes).
    Removing gpio.o(.constdata), (5 bytes).
    Removing iwdg.o(.rev16_text), (4 bytes).
    Removing iwdg.o(.revsh_text), (4 bytes).
    Removing iwdg.o(.constdata), (5 bytes).
    Removing timer.o(.rev16_text), (4 bytes).
    Removing timer.o(.revsh_text), (4 bytes).
    Removing timer.o(i.TMR0_ResetCount), (12 bytes).
    Removing timer.o(.constdata), (5 bytes).
    Removing usart.o(.rev16_text), (4 bytes).
    Removing usart.o(.revsh_text), (4 bytes).
    Removing usart.o(i.usart2_tx), (36 bytes).
    Removing usart.o(.constdata), (5 bytes).
    Removing flash.o(.rev16_text), (4 bytes).
    Removing flash.o(.revsh_text), (4 bytes).
    Removing flash.o(i.STMFLASH_Read), (34 bytes).
    Removing flash.o(i.STMFLASH_ReadWord), (6 bytes).
    Removing flash.o(.constdata), (5 bytes).
    Removing dadd.o(.text), (356 bytes).
    Removing dmul.o(.text), (208 bytes).
    Removing ddiv.o(.text), (240 bytes).
    Removing dfixul.o(.text), (64 bytes).
    Removing cdrcmple.o(.text), (40 bytes).
    Removing depilogue.o(.text), (190 bytes).
    Removing stm32g0xx_hal_pwr_ex.o(i.__ARM_common_switch8), (28 bytes).
    Removing depilogue.o(i.__ARM_clz), (46 bytes).

451 unused section(s) (total 39963 bytes) removed from the image.

==============================================================================

Image Symbol Table

    Local Symbols

    Symbol Name                              Value     Ov Type        Size  Object(Section)

    ../Core/Src/main.c                       0x00000000   Number         0  main.o ABSOLUTE
    ../Core/Src/stm32g0xx_hal_msp.c          0x00000000   Number         0  stm32g0xx_hal_msp.o ABSOLUTE
    ../Core/Src/stm32g0xx_it.c               0x00000000   Number         0  stm32g0xx_it.o ABSOLUTE
    ../Core/Src/system_stm32g0xx.c           0x00000000   Number         0  system_stm32g0xx.o ABSOLUTE
    ../Drivers/STM32G0xx_HAL_Driver/Src/stm32g0xx_hal.c 0x00000000   Number         0  stm32g0xx_hal.o ABSOLUTE
    ../Drivers/STM32G0xx_HAL_Driver/Src/stm32g0xx_hal_cortex.c 0x00000000   Number         0  stm32g0xx_hal_cortex.o ABSOLUTE
    ../Drivers/STM32G0xx_HAL_Driver/Src/stm32g0xx_hal_flash.c 0x00000000   Number         0  stm32g0xx_hal_flash.o ABSOLUTE
    ../Drivers/STM32G0xx_HAL_Driver/Src/stm32g0xx_hal_flash_ex.c 0x00000000   Number         0  stm32g0xx_hal_flash_ex.o ABSOLUTE
    ../Drivers/STM32G0xx_HAL_Driver/Src/stm32g0xx_hal_gpio.c 0x00000000   Number         0  stm32g0xx_hal_gpio.o ABSOLUTE
    ../Drivers/STM32G0xx_HAL_Driver/Src/stm32g0xx_hal_iwdg.c 0x00000000   Number         0  stm32g0xx_hal_iwdg.o ABSOLUTE
    ../Drivers/STM32G0xx_HAL_Driver/Src/stm32g0xx_hal_pwr.c 0x00000000   Number         0  stm32g0xx_hal_pwr.o ABSOLUTE
    ../Drivers/STM32G0xx_HAL_Driver/Src/stm32g0xx_hal_pwr_ex.c 0x00000000   Number         0  stm32g0xx_hal_pwr_ex.o ABSOLUTE
    ../Drivers/STM32G0xx_HAL_Driver/Src/stm32g0xx_hal_rcc.c 0x00000000   Number         0  stm32g0xx_hal_rcc.o ABSOLUTE
    ../Drivers/STM32G0xx_HAL_Driver/Src/stm32g0xx_hal_rcc_ex.c 0x00000000   Number         0  stm32g0xx_hal_rcc_ex.o ABSOLUTE
    ../Drivers/STM32G0xx_HAL_Driver/Src/stm32g0xx_hal_tim.c 0x00000000   Number         0  stm32g0xx_hal_tim.o ABSOLUTE
    ../Drivers/STM32G0xx_HAL_Driver/Src/stm32g0xx_hal_tim_ex.c 0x00000000   Number         0  stm32g0xx_hal_tim_ex.o ABSOLUTE
    ../Drivers/STM32G0xx_HAL_Driver/Src/stm32g0xx_hal_uart.c 0x00000000   Number         0  stm32g0xx_hal_uart.o ABSOLUTE
    ../Drivers/STM32G0xx_HAL_Driver/Src/stm32g0xx_hal_uart_ex.c 0x00000000   Number         0  stm32g0xx_hal_uart_ex.o ABSOLUTE
    ../Drivers/STM32G0xx_HAL_Driver/Src/stm32g0xx_ll_rcc.c 0x00000000   Number         0  stm32g0xx_ll_rcc.o ABSOLUTE
    ../clib/microlib/division.c              0x00000000   Number         0  uidiv.o ABSOLUTE
    ../clib/microlib/division.c              0x00000000   Number         0  idiv.o ABSOLUTE
    ../clib/microlib/division.c              0x00000000   Number         0  uldiv.o ABSOLUTE
    ../clib/microlib/init/entry.s            0x00000000   Number         0  entry8b.o ABSOLUTE
    ../clib/microlib/init/entry.s            0x00000000   Number         0  entry.o ABSOLUTE
    ../clib/microlib/init/entry.s            0x00000000   Number         0  entry11a.o ABSOLUTE
    ../clib/microlib/init/entry.s            0x00000000   Number         0  entry11b.o ABSOLUTE
    ../clib/microlib/init/entry.s            0x00000000   Number         0  entry5.o ABSOLUTE
    ../clib/microlib/init/entry.s            0x00000000   Number         0  entry7a.o ABSOLUTE
    ../clib/microlib/init/entry.s            0x00000000   Number         0  entry9a.o ABSOLUTE
    ../clib/microlib/init/entry.s            0x00000000   Number         0  entry2.o ABSOLUTE
    ../clib/microlib/init/entry.s            0x00000000   Number         0  entry9b.o ABSOLUTE
    ../clib/microlib/init/entry.s            0x00000000   Number         0  entry7b.o ABSOLUTE
    ../clib/microlib/init/entry.s            0x00000000   Number         0  entry8a.o ABSOLUTE
    ../clib/microlib/init/entry.s            0x00000000   Number         0  entry10a.o ABSOLUTE
    ../clib/microlib/init/entry.s            0x00000000   Number         0  entry10b.o ABSOLUTE
    ../clib/microlib/longlong.c              0x00000000   Number         0  llmul.o ABSOLUTE
    ../clib/microlib/longlong.c              0x00000000   Number         0  llsshr.o ABSOLUTE
    ../clib/microlib/longlong.c              0x00000000   Number         0  llshl.o ABSOLUTE
    ../clib/microlib/longlong.c              0x00000000   Number         0  llushr.o ABSOLUTE
    ../clib/microlib/printf/printf.c         0x00000000   Number         0  printfb.o ABSOLUTE
    ../clib/microlib/printf/printf.c         0x00000000   Number         0  printf0.o ABSOLUTE
    ../clib/microlib/printf/printf.c         0x00000000   Number         0  printf1.o ABSOLUTE
    ../clib/microlib/printf/printf.c         0x00000000   Number         0  printfa.o ABSOLUTE
    ../clib/microlib/printf/printf.c         0x00000000   Number         0  printf8.o ABSOLUTE
    ../clib/microlib/printf/printf.c         0x00000000   Number         0  printf7.o ABSOLUTE
    ../clib/microlib/printf/printf.c         0x00000000   Number         0  printf4.o ABSOLUTE
    ../clib/microlib/printf/printf.c         0x00000000   Number         0  printf6.o ABSOLUTE
    ../clib/microlib/printf/printf.c         0x00000000   Number         0  printf5.o ABSOLUTE
    ../clib/microlib/printf/printf.c         0x00000000   Number         0  printf3.o ABSOLUTE
    ../clib/microlib/printf/printf.c         0x00000000   Number         0  printf2.o ABSOLUTE
    ../clib/microlib/printf/stubs.s          0x00000000   Number         0  stubs.o ABSOLUTE
    ../clib/microlib/stdio/streams.c         0x00000000   Number         0  stdout.o ABSOLUTE
    ../clib/microlib/string/memset.c         0x00000000   Number         0  memseta.o ABSOLUTE
    ../clib/microlib/stubs.s                 0x00000000   Number         0  iusefp.o ABSOLUTE
    ../fplib/microlib/fpadd.c                0x00000000   Number         0  dadd.o ABSOLUTE
    ../fplib/microlib/fpdiv.c                0x00000000   Number         0  ddiv.o ABSOLUTE
    ../fplib/microlib/fpepilogue.c           0x00000000   Number         0  depilogue.o ABSOLUTE
    ../fplib/microlib/fpfix.c                0x00000000   Number         0  dfixul.o ABSOLUTE
    ../fplib/microlib/fpmul.c                0x00000000   Number         0  dmul.o ABSOLUTE
    ..\Core\Src\main.c                       0x00000000   Number         0  main.o ABSOLUTE
    ..\Core\Src\stm32g0xx_hal_msp.c          0x00000000   Number         0  stm32g0xx_hal_msp.o ABSOLUTE
    ..\Core\Src\stm32g0xx_it.c               0x00000000   Number         0  stm32g0xx_it.o ABSOLUTE
    ..\Core\Src\system_stm32g0xx.c           0x00000000   Number         0  system_stm32g0xx.o ABSOLUTE
    ..\Drivers\STM32G0xx_HAL_Driver\Src\stm32g0xx_hal.c 0x00000000   Number         0  stm32g0xx_hal.o ABSOLUTE
    ..\Drivers\STM32G0xx_HAL_Driver\Src\stm32g0xx_hal_cortex.c 0x00000000   Number         0  stm32g0xx_hal_cortex.o ABSOLUTE
    ..\Drivers\STM32G0xx_HAL_Driver\Src\stm32g0xx_hal_dma.c 0x00000000   Number         0  stm32g0xx_hal_dma.o ABSOLUTE
    ..\Drivers\STM32G0xx_HAL_Driver\Src\stm32g0xx_hal_dma_ex.c 0x00000000   Number         0  stm32g0xx_hal_dma_ex.o ABSOLUTE
    ..\Drivers\STM32G0xx_HAL_Driver\Src\stm32g0xx_hal_flash.c 0x00000000   Number         0  stm32g0xx_hal_flash.o ABSOLUTE
    ..\Drivers\STM32G0xx_HAL_Driver\Src\stm32g0xx_hal_flash_ex.c 0x00000000   Number         0  stm32g0xx_hal_flash_ex.o ABSOLUTE
    ..\Drivers\STM32G0xx_HAL_Driver\Src\stm32g0xx_hal_gpio.c 0x00000000   Number         0  stm32g0xx_hal_gpio.o ABSOLUTE
    ..\Drivers\STM32G0xx_HAL_Driver\Src\stm32g0xx_hal_iwdg.c 0x00000000   Number         0  stm32g0xx_hal_iwdg.o ABSOLUTE
    ..\Drivers\STM32G0xx_HAL_Driver\Src\stm32g0xx_hal_pwr.c 0x00000000   Number         0  stm32g0xx_hal_pwr.o ABSOLUTE
    ..\Drivers\STM32G0xx_HAL_Driver\Src\stm32g0xx_hal_pwr_ex.c 0x00000000   Number         0  stm32g0xx_hal_pwr_ex.o ABSOLUTE
    ..\Drivers\STM32G0xx_HAL_Driver\Src\stm32g0xx_hal_rcc.c 0x00000000   Number         0  stm32g0xx_hal_rcc.o ABSOLUTE
    ..\Drivers\STM32G0xx_HAL_Driver\Src\stm32g0xx_hal_rcc_ex.c 0x00000000   Number         0  stm32g0xx_hal_rcc_ex.o ABSOLUTE
    ..\Drivers\STM32G0xx_HAL_Driver\Src\stm32g0xx_hal_tim.c 0x00000000   Number         0  stm32g0xx_hal_tim.o ABSOLUTE
    ..\Drivers\STM32G0xx_HAL_Driver\Src\stm32g0xx_hal_tim_ex.c 0x00000000   Number         0  stm32g0xx_hal_tim_ex.o ABSOLUTE
    ..\Drivers\STM32G0xx_HAL_Driver\Src\stm32g0xx_hal_uart.c 0x00000000   Number         0  stm32g0xx_hal_uart.o ABSOLUTE
    ..\Drivers\STM32G0xx_HAL_Driver\Src\stm32g0xx_hal_uart_ex.c 0x00000000   Number         0  stm32g0xx_hal_uart_ex.o ABSOLUTE
    ..\Src\App\app.c                         0x00000000   Number         0  app.o ABSOLUTE
    ..\Src\App\combin_pack.c                 0x00000000   Number         0  combin_pack.o ABSOLUTE
    ..\Src\App\iap.c                         0x00000000   Number         0  iap.o ABSOLUTE
    ..\Src\Bsp\bsp.c                         0x00000000   Number         0  bsp.o ABSOLUTE
    ..\Src\Bsp\flash.c                       0x00000000   Number         0  flash.o ABSOLUTE
    ..\Src\Bsp\gpio.c                        0x00000000   Number         0  gpio.o ABSOLUTE
    ..\Src\Bsp\iwdg.c                        0x00000000   Number         0  iwdg.o ABSOLUTE
    ..\Src\Bsp\timer.c                       0x00000000   Number         0  timer.o ABSOLUTE
    ..\Src\Bsp\usart.c                       0x00000000   Number         0  usart.o ABSOLUTE
    ..\\Drivers\\STM32G0xx_HAL_Driver\\Src\\stm32g0xx_hal_dma.c 0x00000000   Number         0  stm32g0xx_hal_dma.o ABSOLUTE
    ..\\Drivers\\STM32G0xx_HAL_Driver\\Src\\stm32g0xx_hal_dma_ex.c 0x00000000   Number         0  stm32g0xx_hal_dma_ex.o ABSOLUTE
    ..\\Src\\App\\app.c                      0x00000000   Number         0  app.o ABSOLUTE
    ..\\Src\\App\\combin_pack.c              0x00000000   Number         0  combin_pack.o ABSOLUTE
    ..\\Src\\App\\iap.c                      0x00000000   Number         0  iap.o ABSOLUTE
    ..\\Src\\Bsp\\bsp.c                      0x00000000   Number         0  bsp.o ABSOLUTE
    ..\\Src\\Bsp\\flash.c                    0x00000000   Number         0  flash.o ABSOLUTE
    ..\\Src\\Bsp\\gpio.c                     0x00000000   Number         0  gpio.o ABSOLUTE
    ..\\Src\\Bsp\\iwdg.c                     0x00000000   Number         0  iwdg.o ABSOLUTE
    ..\\Src\\Bsp\\timer.c                    0x00000000   Number         0  timer.o ABSOLUTE
    ..\\Src\\Bsp\\usart.c                    0x00000000   Number         0  usart.o ABSOLUTE
    cdrcmple.s                               0x00000000   Number         0  cdrcmple.o ABSOLUTE
    dc.s                                     0x00000000   Number         0  dc.o ABSOLUTE
    handlers.s                               0x00000000   Number         0  handlers.o ABSOLUTE
    init.s                                   0x00000000   Number         0  init.o ABSOLUTE
    startup_stm32g031xx.s                    0x00000000   Number         0  startup_stm32g031xx.o ABSOLUTE
    RESET                                    0x08000000   Section      192  startup_stm32g031xx.o(RESET)
    .ARM.Collect$$$$00000000                 0x080000c0   Section        0  entry.o(.ARM.Collect$$$$00000000)
    .ARM.Collect$$$$00000001                 0x080000c0   Section        4  entry2.o(.ARM.Collect$$$$00000001)
    .ARM.Collect$$$$00000004                 0x080000c4   Section        4  entry5.o(.ARM.Collect$$$$00000004)
    .ARM.Collect$$$$00000008                 0x080000c8   Section        0  entry7b.o(.ARM.Collect$$$$00000008)
    .ARM.Collect$$$$0000000A                 0x080000c8   Section        0  entry8b.o(.ARM.Collect$$$$0000000A)
    .ARM.Collect$$$$0000000B                 0x080000c8   Section        8  entry9a.o(.ARM.Collect$$$$0000000B)
    .ARM.Collect$$$$0000000D                 0x080000d0   Section        0  entry10a.o(.ARM.Collect$$$$0000000D)
    .ARM.Collect$$$$0000000F                 0x080000d0   Section        0  entry11a.o(.ARM.Collect$$$$0000000F)
    .ARM.Collect$$$$00002712                 0x080000d0   Section        4  entry2.o(.ARM.Collect$$$$00002712)
    __lit__00000000                          0x080000d0   Data           4  entry2.o(.ARM.Collect$$$$00002712)
    .emb_text                                0x080000d4   Section        6  flash.o(.emb_text)
    .text                                    0x080000dc   Section       28  startup_stm32g031xx.o(.text)
    .text                                    0x080000f8   Section        0  uidiv.o(.text)
    .text                                    0x08000124   Section        0  idiv.o(.text)
    .text                                    0x0800014c   Section        0  uldiv.o(.text)
    .text                                    0x080001ac   Section        0  llmul.o(.text)
    .text                                    0x08000226   Section        0  memseta.o(.text)
    .text                                    0x0800024a   Section        0  llshl.o(.text)
    .text                                    0x0800026a   Section        0  llushr.o(.text)
    .text                                    0x0800028c   Section       36  init.o(.text)
    i.APP_Init                               0x080002b0   Section        0  app.o(i.APP_Init)
    i.APP_PollingTask                        0x080002b8   Section        0  app.o(i.APP_PollingTask)
    i.BSP_Init                               0x08000334   Section        0  bsp.o(i.BSP_Init)
    i.CRC_16                                 0x08000370   Section        0  combin_pack.o(i.CRC_16)
    i.EXTI4_15_IRQHandler                    0x080003bc   Section        0  gpio.o(i.EXTI4_15_IRQHandler)
    i.Error_Handler                          0x080003c6   Section        0  bsp.o(i.Error_Handler)
    i.FLASH_MassErase                        0x080003cc   Section        0  stm32g0xx_hal_flash_ex.o(i.FLASH_MassErase)
    FLASH_MassErase                          0x080003cd   Thumb Code    18  stm32g0xx_hal_flash_ex.o(i.FLASH_MassErase)
    i.FLASH_PageErase                        0x080003e4   Section        0  stm32g0xx_hal_flash_ex.o(i.FLASH_PageErase)
    i.FLASH_Program_DoubleWord               0x08000408   Section        0  stm32g0xx_hal_flash.o(i.FLASH_Program_DoubleWord)
    FLASH_Program_DoubleWord                 0x08000409   Thumb Code    36  stm32g0xx_hal_flash.o(i.FLASH_Program_DoubleWord)
    i.FLASH_Program_Fast                     0x08000430   Section        0  stm32g0xx_hal_flash.o(i.FLASH_Program_Fast)
    FLASH_Program_Fast                       0x08000431   Thumb Code    78  stm32g0xx_hal_flash.o(i.FLASH_Program_Fast)
    i.FLASH_WaitForLastOperation             0x08000484   Section        0  stm32g0xx_hal_flash.o(i.FLASH_WaitForLastOperation)
    i.GetPage                                0x080004f8   Section        0  flash.o(i.GetPage)
    GetPage                                  0x080004f9   Thumb Code    12  flash.o(i.GetPage)
    i.HAL_DMA_Abort                          0x08000504   Section        0  stm32g0xx_hal_dma.o(i.HAL_DMA_Abort)
    i.HAL_DMA_Abort_IT                       0x0800059c   Section        0  stm32g0xx_hal_dma.o(i.HAL_DMA_Abort_IT)
    i.HAL_DeInit                             0x08000630   Section        0  stm32g0xx_hal.o(i.HAL_DeInit)
    i.HAL_FLASHEx_Erase                      0x08000664   Section        0  stm32g0xx_hal_flash_ex.o(i.HAL_FLASHEx_Erase)
    i.HAL_FLASH_Lock                         0x08000704   Section        0  stm32g0xx_hal_flash.o(i.HAL_FLASH_Lock)
    i.HAL_FLASH_Program                      0x08000728   Section        0  stm32g0xx_hal_flash.o(i.HAL_FLASH_Program)
    i.HAL_FLASH_Unlock                       0x080007a0   Section        0  stm32g0xx_hal_flash.o(i.HAL_FLASH_Unlock)
    i.HAL_GPIO_DeInit                        0x080007d4   Section        0  stm32g0xx_hal_gpio.o(i.HAL_GPIO_DeInit)
    i.HAL_GPIO_EXTI_Falling_Callback         0x080008e0   Section        0  stm32g0xx_hal_gpio.o(i.HAL_GPIO_EXTI_Falling_Callback)
    i.HAL_GPIO_EXTI_IRQHandler               0x080008e4   Section        0  stm32g0xx_hal_gpio.o(i.HAL_GPIO_EXTI_IRQHandler)
    i.HAL_GPIO_EXTI_Rising_Callback          0x08000918   Section        0  stm32g0xx_hal_gpio.o(i.HAL_GPIO_EXTI_Rising_Callback)
    i.HAL_GPIO_Init                          0x0800091c   Section        0  stm32g0xx_hal_gpio.o(i.HAL_GPIO_Init)
    i.HAL_GPIO_WritePin                      0x08000aec   Section        0  stm32g0xx_hal_gpio.o(i.HAL_GPIO_WritePin)
    i.HAL_GetTick                            0x08000af8   Section        0  stm32g0xx_hal.o(i.HAL_GetTick)
    i.HAL_IWDG_Init                          0x08000b04   Section        0  stm32g0xx_hal_iwdg.o(i.HAL_IWDG_Init)
    i.HAL_IWDG_Refresh                       0x08000b70   Section        0  stm32g0xx_hal_iwdg.o(i.HAL_IWDG_Refresh)
    i.HAL_IncTick                            0x08000b80   Section        0  stm32g0xx_hal.o(i.HAL_IncTick)
    i.HAL_Init                               0x08000b98   Section        0  stm32g0xx_hal.o(i.HAL_Init)
    i.HAL_InitTick                           0x08000bc4   Section        0  stm32g0xx_hal.o(i.HAL_InitTick)
    i.HAL_MspDeInit                          0x08000c24   Section        0  stm32g0xx_hal.o(i.HAL_MspDeInit)
    i.HAL_MspInit                            0x08000c28   Section        0  stm32g0xx_hal_msp.o(i.HAL_MspInit)
    i.HAL_NVIC_DisableIRQ                    0x08000c6c   Section        0  stm32g0xx_hal_cortex.o(i.HAL_NVIC_DisableIRQ)
    i.HAL_NVIC_EnableIRQ                     0x08000ca8   Section        0  stm32g0xx_hal_cortex.o(i.HAL_NVIC_EnableIRQ)
    i.HAL_NVIC_SetPriority                   0x08000ccc   Section        0  stm32g0xx_hal_cortex.o(i.HAL_NVIC_SetPriority)
    i.HAL_PWREx_ControlVoltageScaling        0x08000ce0   Section        0  stm32g0xx_hal_pwr_ex.o(i.HAL_PWREx_ControlVoltageScaling)
    i.HAL_RCCEx_PeriphCLKConfig              0x08000d38   Section        0  stm32g0xx_hal_rcc_ex.o(i.HAL_RCCEx_PeriphCLKConfig)
    i.HAL_RCC_ClockConfig                    0x08000fb8   Section        0  stm32g0xx_hal_rcc.o(i.HAL_RCC_ClockConfig)
    i.HAL_RCC_DeInit                         0x0800118c   Section        0  stm32g0xx_hal_rcc.o(i.HAL_RCC_DeInit)
    i.HAL_RCC_GetHCLKFreq                    0x0800125c   Section        0  stm32g0xx_hal_rcc.o(i.HAL_RCC_GetHCLKFreq)
    i.HAL_RCC_GetPCLK1Freq                   0x08001268   Section        0  stm32g0xx_hal_rcc.o(i.HAL_RCC_GetPCLK1Freq)
    i.HAL_RCC_GetSysClockFreq                0x08001290   Section        0  stm32g0xx_hal_rcc.o(i.HAL_RCC_GetSysClockFreq)
    i.HAL_RCC_OscConfig                      0x08001374   Section        0  stm32g0xx_hal_rcc.o(i.HAL_RCC_OscConfig)
    i.HAL_SYSTICK_Config                     0x08001938   Section        0  stm32g0xx_hal_cortex.o(i.HAL_SYSTICK_Config)
    i.HAL_TIMEx_Break2Callback               0x08001970   Section        0  stm32g0xx_hal_tim_ex.o(i.HAL_TIMEx_Break2Callback)
    i.HAL_TIMEx_BreakCallback                0x08001972   Section        0  stm32g0xx_hal_tim_ex.o(i.HAL_TIMEx_BreakCallback)
    i.HAL_TIMEx_CommutCallback               0x08001974   Section        0  stm32g0xx_hal_tim_ex.o(i.HAL_TIMEx_CommutCallback)
    i.HAL_TIMEx_MasterConfigSynchronization  0x08001978   Section        0  stm32g0xx_hal_tim_ex.o(i.HAL_TIMEx_MasterConfigSynchronization)
    i.HAL_TIM_Base_DeInit                    0x08001a10   Section        0  stm32g0xx_hal_tim.o(i.HAL_TIM_Base_DeInit)
    i.HAL_TIM_Base_Init                      0x08001a94   Section        0  stm32g0xx_hal_tim.o(i.HAL_TIM_Base_Init)
    i.HAL_TIM_Base_MspDeInit                 0x08001b00   Section        0  timer.o(i.HAL_TIM_Base_MspDeInit)
    i.HAL_TIM_Base_MspInit                   0x08001b28   Section        0  timer.o(i.HAL_TIM_Base_MspInit)
    i.HAL_TIM_Base_Start_IT                  0x08001b6c   Section        0  stm32g0xx_hal_tim.o(i.HAL_TIM_Base_Start_IT)
    i.HAL_TIM_Base_Stop_IT                   0x08001be4   Section        0  stm32g0xx_hal_tim.o(i.HAL_TIM_Base_Stop_IT)
    i.HAL_TIM_ConfigClockSource              0x08001c28   Section        0  stm32g0xx_hal_tim.o(i.HAL_TIM_ConfigClockSource)
    i.HAL_TIM_IC_CaptureCallback             0x08001d38   Section        0  stm32g0xx_hal_tim.o(i.HAL_TIM_IC_CaptureCallback)
    i.HAL_TIM_IRQHandler                     0x08001d3c   Section        0  stm32g0xx_hal_tim.o(i.HAL_TIM_IRQHandler)
    i.HAL_TIM_OC_DelayElapsedCallback        0x08001f34   Section        0  stm32g0xx_hal_tim.o(i.HAL_TIM_OC_DelayElapsedCallback)
    i.HAL_TIM_PWM_PulseFinishedCallback      0x08001f36   Section        0  stm32g0xx_hal_tim.o(i.HAL_TIM_PWM_PulseFinishedCallback)
    i.HAL_TIM_PeriodElapsedCallback          0x08001f38   Section        0  stm32g0xx_hal_tim.o(i.HAL_TIM_PeriodElapsedCallback)
    i.HAL_TIM_TriggerCallback                0x08001f3a   Section        0  stm32g0xx_hal_tim.o(i.HAL_TIM_TriggerCallback)
    i.HAL_UARTEx_RxEventCallback             0x08001f3c   Section        0  stm32g0xx_hal_uart.o(i.HAL_UARTEx_RxEventCallback)
    i.HAL_UARTEx_RxFifoFullCallback          0x08001f3e   Section        0  stm32g0xx_hal_uart_ex.o(i.HAL_UARTEx_RxFifoFullCallback)
    i.HAL_UARTEx_SetRxFifoThreshold          0x08001f40   Section        0  stm32g0xx_hal_uart_ex.o(i.HAL_UARTEx_SetRxFifoThreshold)
    i.HAL_UARTEx_TxFifoEmptyCallback         0x08001fa0   Section        0  stm32g0xx_hal_uart_ex.o(i.HAL_UARTEx_TxFifoEmptyCallback)
    i.HAL_UARTEx_WakeupCallback              0x08001fa2   Section        0  stm32g0xx_hal_uart_ex.o(i.HAL_UARTEx_WakeupCallback)
    i.HAL_UART_DeInit                        0x08001fa4   Section        0  stm32g0xx_hal_uart.o(i.HAL_UART_DeInit)
    i.HAL_UART_ErrorCallback                 0x08001ff4   Section        0  stm32g0xx_hal_uart.o(i.HAL_UART_ErrorCallback)
    i.HAL_UART_IRQHandler                    0x08001ff8   Section        0  stm32g0xx_hal_uart.o(i.HAL_UART_IRQHandler)
    i.HAL_UART_Init                          0x08002368   Section        0  stm32g0xx_hal_uart.o(i.HAL_UART_Init)
    i.HAL_UART_MspDeInit                     0x080023ec   Section        0  usart.o(i.HAL_UART_MspDeInit)
    i.HAL_UART_MspInit                       0x08002454   Section        0  usart.o(i.HAL_UART_MspInit)
    i.HAL_UART_Receive_IT                    0x08002564   Section        0  stm32g0xx_hal_uart.o(i.HAL_UART_Receive_IT)
    i.HAL_UART_RxCpltCallback                0x080025c6   Section        0  stm32g0xx_hal_uart.o(i.HAL_UART_RxCpltCallback)
    i.HAL_UART_Transmit                      0x080025c8   Section        0  stm32g0xx_hal_uart.o(i.HAL_UART_Transmit)
    i.HAL_UART_TxCpltCallback                0x080026d0   Section        0  stm32g0xx_hal_uart.o(i.HAL_UART_TxCpltCallback)
    i.HardFault_Handler                      0x080026d2   Section        0  stm32g0xx_it.o(i.HardFault_Handler)
    i.IWDG_Feed                              0x080026d8   Section        0  iwdg.o(i.IWDG_Feed)
    i.MX_GPIO_Init                           0x080026e8   Section        0  gpio.o(i.MX_GPIO_Init)
    i.MX_IWDG_Init                           0x0800279c   Section        0  iwdg.o(i.MX_IWDG_Init)
    i.MX_TIM3_Init                           0x080027d0   Section        0  timer.o(i.MX_TIM3_Init)
    i.MX_USART1_UART_Init                    0x08002850   Section        0  usart.o(i.MX_USART1_UART_Init)
    i.MX_USART2_UART_Init                    0x080028a8   Section        0  usart.o(i.MX_USART2_UART_Init)
    i.NMI_Handler                            0x0800290c   Section        0  stm32g0xx_it.o(i.NMI_Handler)
    i.PendSV_Handler                         0x08002910   Section        0  stm32g0xx_it.o(i.PendSV_Handler)
    i.Run_App_Check                          0x08002914   Section        0  iap.o(i.Run_App_Check)
    i.STMFLASH_Write                         0x0800293c   Section        0  flash.o(i.STMFLASH_Write)
    i.SVC_Handler                            0x08002a40   Section        0  stm32g0xx_it.o(i.SVC_Handler)
    i.SysTick_Handler                        0x08002a42   Section        0  stm32g0xx_it.o(i.SysTick_Handler)
    i.SystemClock_Config                     0x08002a4c   Section        0  bsp.o(i.SystemClock_Config)
    i.SystemInit                             0x08002ad8   Section        0  system_stm32g0xx.o(i.SystemInit)
    i.TIM3_IRQHandler                        0x08002ae8   Section        0  timer.o(i.TIM3_IRQHandler)
    i.TIM_Base_SetConfig                     0x08002b04   Section        0  stm32g0xx_hal_tim.o(i.TIM_Base_SetConfig)
    i.TIM_DeInit                             0x08002ba4   Section        0  timer.o(i.TIM_DeInit)
    i.TIM_ETR_SetConfig                      0x08002bd0   Section        0  stm32g0xx_hal_tim.o(i.TIM_ETR_SetConfig)
    i.TIM_ITRx_SetConfig                     0x08002bec   Section        0  stm32g0xx_hal_tim.o(i.TIM_ITRx_SetConfig)
    TIM_ITRx_SetConfig                       0x08002bed   Thumb Code    18  stm32g0xx_hal_tim.o(i.TIM_ITRx_SetConfig)
    i.TIM_TI1_ConfigInputStage               0x08002c04   Section        0  stm32g0xx_hal_tim.o(i.TIM_TI1_ConfigInputStage)
    TIM_TI1_ConfigInputStage                 0x08002c05   Thumb Code    50  stm32g0xx_hal_tim.o(i.TIM_TI1_ConfigInputStage)
    i.TIM_TI2_ConfigInputStage               0x08002c36   Section        0  stm32g0xx_hal_tim.o(i.TIM_TI2_ConfigInputStage)
    TIM_TI2_ConfigInputStage                 0x08002c37   Thumb Code    50  stm32g0xx_hal_tim.o(i.TIM_TI2_ConfigInputStage)
    i.TMR0_Delay                             0x08002c68   Section        0  timer.o(i.TMR0_Delay)
    i.UARTEx_SetNbDataToProcess              0x08002ca0   Section        0  stm32g0xx_hal_uart_ex.o(i.UARTEx_SetNbDataToProcess)
    UARTEx_SetNbDataToProcess                0x08002ca1   Thumb Code   114  stm32g0xx_hal_uart_ex.o(i.UARTEx_SetNbDataToProcess)
    i.UART_AdvFeatureConfig                  0x08002d24   Section        0  stm32g0xx_hal_uart.o(i.UART_AdvFeatureConfig)
    i.UART_CheckIdleState                    0x08002e14   Section        0  stm32g0xx_hal_uart.o(i.UART_CheckIdleState)
    i.UART_DMAAbortOnError                   0x08002e8c   Section        0  stm32g0xx_hal_uart.o(i.UART_DMAAbortOnError)
    UART_DMAAbortOnError                     0x08002e8d   Thumb Code    24  stm32g0xx_hal_uart.o(i.UART_DMAAbortOnError)
    i.UART_DeInit                            0x08002ea4   Section        0  usart.o(i.UART_DeInit)
    i.UART_EndRxTransfer                     0x08002f04   Section        0  stm32g0xx_hal_uart.o(i.UART_EndRxTransfer)
    UART_EndRxTransfer                       0x08002f05   Thumb Code    58  stm32g0xx_hal_uart.o(i.UART_EndRxTransfer)
    i.UART_EndTransmit_IT                    0x08002f44   Section        0  stm32g0xx_hal_uart.o(i.UART_EndTransmit_IT)
    UART_EndTransmit_IT                      0x08002f45   Thumb Code    34  stm32g0xx_hal_uart.o(i.UART_EndTransmit_IT)
    i.UART_RxISR_16BIT                       0x08002f66   Section        0  stm32g0xx_hal_uart.o(i.UART_RxISR_16BIT)
    UART_RxISR_16BIT                         0x08002f67   Thumb Code   146  stm32g0xx_hal_uart.o(i.UART_RxISR_16BIT)
    i.UART_RxISR_16BIT_FIFOEN                0x08002ff8   Section        0  stm32g0xx_hal_uart.o(i.UART_RxISR_16BIT_FIFOEN)
    UART_RxISR_16BIT_FIFOEN                  0x08002ff9   Thumb Code   390  stm32g0xx_hal_uart.o(i.UART_RxISR_16BIT_FIFOEN)
    i.UART_RxISR_8BIT                        0x08003188   Section        0  stm32g0xx_hal_uart.o(i.UART_RxISR_8BIT)
    UART_RxISR_8BIT                          0x08003189   Thumb Code   146  stm32g0xx_hal_uart.o(i.UART_RxISR_8BIT)
    i.UART_RxISR_8BIT_FIFOEN                 0x0800321c   Section        0  stm32g0xx_hal_uart.o(i.UART_RxISR_8BIT_FIFOEN)
    UART_RxISR_8BIT_FIFOEN                   0x0800321d   Thumb Code   388  stm32g0xx_hal_uart.o(i.UART_RxISR_8BIT_FIFOEN)
    i.UART_SetConfig                         0x080033a8   Section        0  stm32g0xx_hal_uart.o(i.UART_SetConfig)
    i.UART_Start_Receive_IT                  0x080036bc   Section        0  stm32g0xx_hal_uart.o(i.UART_Start_Receive_IT)
    i.UART_WaitOnFlagUntilTimeout            0x080037e8   Section        0  stm32g0xx_hal_uart.o(i.UART_WaitOnFlagUntilTimeout)
    i.USART1_IRQHandler                      0x080038b0   Section        0  usart.o(i.USART1_IRQHandler)
    i.USART2_IRQHandler                      0x080038fc   Section        0  usart.o(i.USART2_IRQHandler)
    i.__0printf$1                            0x0800390c   Section        0  printf1.o(i.__0printf$1)
    i.__NVIC_SetPriority                     0x0800392c   Section        0  stm32g0xx_hal_cortex.o(i.__NVIC_SetPriority)
    __NVIC_SetPriority                       0x0800392d   Thumb Code   110  stm32g0xx_hal_cortex.o(i.__NVIC_SetPriority)
    i.__scatterload_copy                     0x080039a4   Section       14  handlers.o(i.__scatterload_copy)
    i.__scatterload_null                     0x080039b2   Section        2  handlers.o(i.__scatterload_null)
    i.__scatterload_zeroinit                 0x080039b4   Section       14  handlers.o(i.__scatterload_zeroinit)
    i._printf_core                           0x080039c4   Section        0  printf1.o(i._printf_core)
    _printf_core                             0x080039c5   Thumb Code   332  printf1.o(i._printf_core)
    i.cmd_erase                              0x08003b14   Section        0  iap.o(i.cmd_erase)
    cmd_erase                                0x08003b15   Thumb Code    76  iap.o(i.cmd_erase)
    i.cmd_exit_update                        0x08003b6c   Section        0  iap.o(i.cmd_exit_update)
    cmd_exit_update                          0x08003b6d   Thumb Code    68  iap.o(i.cmd_exit_update)
    i.cmd_file_end                           0x08003bb8   Section        0  iap.o(i.cmd_file_end)
    cmd_file_end                             0x08003bb9   Thumb Code    62  iap.o(i.cmd_file_end)
    i.cmd_start_update                       0x08003c04   Section        0  iap.o(i.cmd_start_update)
    cmd_start_update                         0x08003c05   Thumb Code   264  iap.o(i.cmd_start_update)
    i.delay_ms                               0x08003d1c   Section        0  bsp.o(i.delay_ms)
    i.delay_us                               0x08003d34   Section        0  bsp.o(i.delay_us)
    i.fputc                                  0x08003d7c   Section        0  usart.o(i.fputc)
    i.iap_update                             0x08003d98   Section        0  iap.o(i.iap_update)
    i.iap_wire_app_hex                       0x08003eb4   Section        0  iap.o(i.iap_wire_app_hex)
    i.jump_application                       0x08003fb4   Section        0  flash.o(i.jump_application)
    i.main                                   0x08003fe8   Section        0  main.o(i.main)
    i.send_respond                           0x08003ff4   Section        0  combin_pack.o(i.send_respond)
    i.usart1_tx                              0x08004040   Section        0  usart.o(i.usart1_tx)
    .constdata                               0x08004064   Section       30  stm32g0xx_hal_uart.o(.constdata)
    CHANNEL_OFFSET_TAB                       0x08004064   Data           5  stm32g0xx_hal_uart.o(.constdata)
    .constdata                               0x08004084   Section      104  system_stm32g0xx.o(.constdata)
    CHANNEL_OFFSET_TAB                       0x08004084   Data           5  system_stm32g0xx.o(.constdata)
    .data                                    0x20000000   Section        9  stm32g0xx_hal.o(.data)
    .data                                    0x2000000c   Section        4  system_stm32g0xx.o(.data)
    .data                                    0x20000010   Section        9  app.o(.data)
    apptim_dly                               0x20000010   Data           4  app.o(.data)
    jumpapp_dly                              0x20000014   Data           4  app.o(.data)
    x                                        0x20000018   Data           1  app.o(.data)
    .data                                    0x2000001c   Section        7  iap.o(.data)
    x                                        0x20000022   Data           1  iap.o(.data)
    .data                                    0x20000023   Section        8  combin_pack.o(.data)
    .data                                    0x2000002c   Section        4  bsp.o(.data)
    fac_us                                   0x2000002c   Data           4  bsp.o(.data)
    .data                                    0x20000030   Section        4  timer.o(.data)
    .data                                    0x20000034   Section        6  usart.o(.data)
    .data                                    0x2000003c   Section        8  flash.o(.data)
    u32sector_addr                           0x20000040   Data           4  flash.o(.data)
    .data                                    0x20000044   Section        4  stdout.o(.data)
    .bss                                     0x20000048   Section       28  stm32g0xx_hal_flash.o(.bss)
    .bss                                     0x20000068   Section      384  iap.o(.bss)
    .bss                                     0x200001e8   Section       16  iwdg.o(.bss)
    .bss                                     0x200001f8   Section       76  timer.o(.bss)
    .bss                                     0x20000244   Section      544  usart.o(.bss)
    .bss                                     0x20000464   Section       16  flash.o(.bss)
    EraseInitStruct                          0x20000464   Data          16  flash.o(.bss)
    STACK                                    0x20000478   Section     1024  startup_stm32g031xx.o(STACK)

    Global Symbols

    Symbol Name                              Value     Ov Type        Size  Object(Section)

    BuildAttributes$$THM_ISAv3M$S$PE$A:L22$X:L11$S22$IEEE1$IW$USESV6$~STKCKD$USESV7$~SHL$OSPACE$ROPI$EBA8$MICROLIB$REQ8$PRES8$EABIv2 0x00000000   Number         0  anon$$obj.o ABSOLUTE
    __ARM_use_no_argv                        0x00000000   Number         0  main.o ABSOLUTE
    _printf_a                                0x00000000   Number         0  stubs.o ABSOLUTE
    _printf_c                                0x00000000   Number         0  stubs.o ABSOLUTE
    _printf_charcount                        0x00000000   Number         0  stubs.o ABSOLUTE
    _printf_d                                0x00000000   Number         0  stubs.o ABSOLUTE
    _printf_e                                0x00000000   Number         0  stubs.o ABSOLUTE
    _printf_f                                0x00000000   Number         0  stubs.o ABSOLUTE
    _printf_flags                            0x00000000   Number         0  stubs.o ABSOLUTE
    _printf_fp_dec                           0x00000000   Number         0  stubs.o ABSOLUTE
    _printf_fp_hex                           0x00000000   Number         0  stubs.o ABSOLUTE
    _printf_g                                0x00000000   Number         0  stubs.o ABSOLUTE
    _printf_i                                0x00000000   Number         0  stubs.o ABSOLUTE
    _printf_int_dec                          0x00000000   Number         0  stubs.o ABSOLUTE
    _printf_l                                0x00000000   Number         0  stubs.o ABSOLUTE
    _printf_lc                               0x00000000   Number         0  stubs.o ABSOLUTE
    _printf_ll                               0x00000000   Number         0  stubs.o ABSOLUTE
    _printf_lld                              0x00000000   Number         0  stubs.o ABSOLUTE
    _printf_lli                              0x00000000   Number         0  stubs.o ABSOLUTE
    _printf_llo                              0x00000000   Number         0  stubs.o ABSOLUTE
    _printf_llu                              0x00000000   Number         0  stubs.o ABSOLUTE
    _printf_llx                              0x00000000   Number         0  stubs.o ABSOLUTE
    _printf_longlong_dec                     0x00000000   Number         0  stubs.o ABSOLUTE
    _printf_longlong_hex                     0x00000000   Number         0  stubs.o ABSOLUTE
    _printf_longlong_oct                     0x00000000   Number         0  stubs.o ABSOLUTE
    _printf_ls                               0x00000000   Number         0  stubs.o ABSOLUTE
    _printf_mbtowc                           0x00000000   Number         0  stubs.o ABSOLUTE
    _printf_n                                0x00000000   Number         0  stubs.o ABSOLUTE
    _printf_o                                0x00000000   Number         0  stubs.o ABSOLUTE
    _printf_p                                0x00000000   Number         0  stubs.o ABSOLUTE
    _printf_percent                          0x00000000   Number         0  stubs.o ABSOLUTE
    _printf_pre_padding                      0x00000000   Number         0  stubs.o ABSOLUTE
    _printf_return_value                     0x00000000   Number         0  stubs.o ABSOLUTE
    _printf_s                                0x00000000   Number         0  stubs.o ABSOLUTE
    _printf_sizespec                         0x00000000   Number         0  stubs.o ABSOLUTE
    _printf_str                              0x00000000   Number         0  stubs.o ABSOLUTE
    _printf_truncate_signed                  0x00000000   Number         0  stubs.o ABSOLUTE
    _printf_truncate_unsigned                0x00000000   Number         0  stubs.o ABSOLUTE
    _printf_u                                0x00000000   Number         0  stubs.o ABSOLUTE
    _printf_wc                               0x00000000   Number         0  stubs.o ABSOLUTE
    _printf_wctomb                           0x00000000   Number         0  stubs.o ABSOLUTE
    _printf_widthprec                        0x00000000   Number         0  stubs.o ABSOLUTE
    _printf_x                                0x00000000   Number         0  stubs.o ABSOLUTE
    __cpp_initialize__aeabi_                  - Undefined Weak Reference
    __cxa_finalize                            - Undefined Weak Reference
    __decompress                              - Undefined Weak Reference
    _clock_init                               - Undefined Weak Reference
    _microlib_exit                            - Undefined Weak Reference
    __Vectors_Size                           0x000000c0   Number         0  startup_stm32g031xx.o ABSOLUTE
    __Vectors                                0x08000000   Data           4  startup_stm32g031xx.o(RESET)
    __Vectors_End                            0x080000c0   Data           0  startup_stm32g031xx.o(RESET)
    __main                                   0x080000c1   Thumb Code     0  entry.o(.ARM.Collect$$$$00000000)
    _main_stk                                0x080000c1   Thumb Code     0  entry2.o(.ARM.Collect$$$$00000001)
    _main_scatterload                        0x080000c5   Thumb Code     0  entry5.o(.ARM.Collect$$$$00000004)
    __main_after_scatterload                 0x080000c9   Thumb Code     0  entry5.o(.ARM.Collect$$$$00000004)
    _main_clock                              0x080000c9   Thumb Code     0  entry7b.o(.ARM.Collect$$$$00000008)
    _main_cpp_init                           0x080000c9   Thumb Code     0  entry8b.o(.ARM.Collect$$$$0000000A)
    _main_init                               0x080000c9   Thumb Code     0  entry9a.o(.ARM.Collect$$$$0000000B)
    __rt_final_cpp                           0x080000d1   Thumb Code     0  entry10a.o(.ARM.Collect$$$$0000000D)
    __rt_final_exit                          0x080000d1   Thumb Code     0  entry11a.o(.ARM.Collect$$$$0000000F)
    MSR_MSP                                  0x080000d5   Thumb Code     6  flash.o(.emb_text)
    Reset_Handler                            0x080000dd   Thumb Code     8  startup_stm32g031xx.o(.text)
    ADC1_IRQHandler                          0x080000ef   Thumb Code     0  startup_stm32g031xx.o(.text)
    DMA1_Ch4_5_DMAMUX1_OVR_IRQHandler        0x080000ef   Thumb Code     0  startup_stm32g031xx.o(.text)
    DMA1_Channel1_IRQHandler                 0x080000ef   Thumb Code     0  startup_stm32g031xx.o(.text)
    DMA1_Channel2_3_IRQHandler               0x080000ef   Thumb Code     0  startup_stm32g031xx.o(.text)
    EXTI0_1_IRQHandler                       0x080000ef   Thumb Code     0  startup_stm32g031xx.o(.text)
    EXTI2_3_IRQHandler                       0x080000ef   Thumb Code     0  startup_stm32g031xx.o(.text)
    FLASH_IRQHandler                         0x080000ef   Thumb Code     0  startup_stm32g031xx.o(.text)
    I2C1_IRQHandler                          0x080000ef   Thumb Code     0  startup_stm32g031xx.o(.text)
    I2C2_IRQHandler                          0x080000ef   Thumb Code     0  startup_stm32g031xx.o(.text)
    LPTIM1_IRQHandler                        0x080000ef   Thumb Code     0  startup_stm32g031xx.o(.text)
    LPTIM2_IRQHandler                        0x080000ef   Thumb Code     0  startup_stm32g031xx.o(.text)
    LPUART1_IRQHandler                       0x080000ef   Thumb Code     0  startup_stm32g031xx.o(.text)
    PVD_IRQHandler                           0x080000ef   Thumb Code     0  startup_stm32g031xx.o(.text)
    RCC_IRQHandler                           0x080000ef   Thumb Code     0  startup_stm32g031xx.o(.text)
    RTC_TAMP_IRQHandler                      0x080000ef   Thumb Code     0  startup_stm32g031xx.o(.text)
    SPI1_IRQHandler                          0x080000ef   Thumb Code     0  startup_stm32g031xx.o(.text)
    SPI2_IRQHandler                          0x080000ef   Thumb Code     0  startup_stm32g031xx.o(.text)
    TIM14_IRQHandler                         0x080000ef   Thumb Code     0  startup_stm32g031xx.o(.text)
    TIM16_IRQHandler                         0x080000ef   Thumb Code     0  startup_stm32g031xx.o(.text)
    TIM17_IRQHandler                         0x080000ef   Thumb Code     0  startup_stm32g031xx.o(.text)
    TIM1_BRK_UP_TRG_COM_IRQHandler           0x080000ef   Thumb Code     0  startup_stm32g031xx.o(.text)
    TIM1_CC_IRQHandler                       0x080000ef   Thumb Code     0  startup_stm32g031xx.o(.text)
    TIM2_IRQHandler                          0x080000ef   Thumb Code     0  startup_stm32g031xx.o(.text)
    WWDG_IRQHandler                          0x080000ef   Thumb Code     0  startup_stm32g031xx.o(.text)
    __aeabi_uidiv                            0x080000f9   Thumb Code     0  uidiv.o(.text)
    __aeabi_uidivmod                         0x080000f9   Thumb Code    44  uidiv.o(.text)
    __aeabi_idiv                             0x08000125   Thumb Code     0  idiv.o(.text)
    __aeabi_idivmod                          0x08000125   Thumb Code    40  idiv.o(.text)
    __aeabi_uldivmod                         0x0800014d   Thumb Code    96  uldiv.o(.text)
    __aeabi_lmul                             0x080001ad   Thumb Code   122  llmul.o(.text)
    _ll_mul                                  0x080001ad   Thumb Code     0  llmul.o(.text)
    __aeabi_memset                           0x08000227   Thumb Code    14  memseta.o(.text)
    __aeabi_memset4                          0x08000227   Thumb Code     0  memseta.o(.text)
    __aeabi_memset8                          0x08000227   Thumb Code     0  memseta.o(.text)
    __aeabi_memclr                           0x08000235   Thumb Code     4  memseta.o(.text)
    __aeabi_memclr4                          0x08000235   Thumb Code     0  memseta.o(.text)
    __aeabi_memclr8                          0x08000235   Thumb Code     0  memseta.o(.text)
    _memset$wrapper                          0x08000239   Thumb Code    18  memseta.o(.text)
    __aeabi_llsl                             0x0800024b   Thumb Code    32  llshl.o(.text)
    _ll_shift_l                              0x0800024b   Thumb Code     0  llshl.o(.text)
    __aeabi_llsr                             0x0800026b   Thumb Code    34  llushr.o(.text)
    _ll_ushift_r                             0x0800026b   Thumb Code     0  llushr.o(.text)
    __scatterload                            0x0800028d   Thumb Code    28  init.o(.text)
    __scatterload_rt2                        0x0800028d   Thumb Code     0  init.o(.text)
    APP_Init                                 0x080002b1   Thumb Code     8  app.o(i.APP_Init)
    APP_PollingTask                          0x080002b9   Thumb Code    98  app.o(i.APP_PollingTask)
    BSP_Init                                 0x08000335   Thumb Code    38  bsp.o(i.BSP_Init)
    CRC_16                                   0x08000371   Thumb Code    72  combin_pack.o(i.CRC_16)
    EXTI4_15_IRQHandler                      0x080003bd   Thumb Code    10  gpio.o(i.EXTI4_15_IRQHandler)
    Error_Handler                            0x080003c7   Thumb Code     6  bsp.o(i.Error_Handler)
    FLASH_PageErase                          0x080003e5   Thumb Code    32  stm32g0xx_hal_flash_ex.o(i.FLASH_PageErase)
    FLASH_WaitForLastOperation               0x08000485   Thumb Code   104  stm32g0xx_hal_flash.o(i.FLASH_WaitForLastOperation)
    HAL_DMA_Abort                            0x08000505   Thumb Code   146  stm32g0xx_hal_dma.o(i.HAL_DMA_Abort)
    HAL_DMA_Abort_IT                         0x0800059d   Thumb Code   144  stm32g0xx_hal_dma.o(i.HAL_DMA_Abort_IT)
    HAL_DeInit                               0x08000631   Thumb Code    46  stm32g0xx_hal.o(i.HAL_DeInit)
    HAL_FLASHEx_Erase                        0x08000665   Thumb Code   150  stm32g0xx_hal_flash_ex.o(i.HAL_FLASHEx_Erase)
    HAL_FLASH_Lock                           0x08000705   Thumb Code    30  stm32g0xx_hal_flash.o(i.HAL_FLASH_Lock)
    HAL_FLASH_Program                        0x08000729   Thumb Code   110  stm32g0xx_hal_flash.o(i.HAL_FLASH_Program)
    HAL_FLASH_Unlock                         0x080007a1   Thumb Code    40  stm32g0xx_hal_flash.o(i.HAL_FLASH_Unlock)
    HAL_GPIO_DeInit                          0x080007d5   Thumb Code   252  stm32g0xx_hal_gpio.o(i.HAL_GPIO_DeInit)
    HAL_GPIO_EXTI_Falling_Callback           0x080008e1   Thumb Code     2  stm32g0xx_hal_gpio.o(i.HAL_GPIO_EXTI_Falling_Callback)
    HAL_GPIO_EXTI_IRQHandler                 0x080008e5   Thumb Code    46  stm32g0xx_hal_gpio.o(i.HAL_GPIO_EXTI_IRQHandler)
    HAL_GPIO_EXTI_Rising_Callback            0x08000919   Thumb Code     2  stm32g0xx_hal_gpio.o(i.HAL_GPIO_EXTI_Rising_Callback)
    HAL_GPIO_Init                            0x0800091d   Thumb Code   448  stm32g0xx_hal_gpio.o(i.HAL_GPIO_Init)
    HAL_GPIO_WritePin                        0x08000aed   Thumb Code    12  stm32g0xx_hal_gpio.o(i.HAL_GPIO_WritePin)
    HAL_GetTick                              0x08000af9   Thumb Code     6  stm32g0xx_hal.o(i.HAL_GetTick)
    HAL_IWDG_Init                            0x08000b05   Thumb Code    94  stm32g0xx_hal_iwdg.o(i.HAL_IWDG_Init)
    HAL_IWDG_Refresh                         0x08000b71   Thumb Code    12  stm32g0xx_hal_iwdg.o(i.HAL_IWDG_Refresh)
    HAL_IncTick                              0x08000b81   Thumb Code    16  stm32g0xx_hal.o(i.HAL_IncTick)
    HAL_Init                                 0x08000b99   Thumb Code    40  stm32g0xx_hal.o(i.HAL_Init)
    HAL_InitTick                             0x08000bc5   Thumb Code    82  stm32g0xx_hal.o(i.HAL_InitTick)
    HAL_MspDeInit                            0x08000c25   Thumb Code     2  stm32g0xx_hal.o(i.HAL_MspDeInit)
    HAL_MspInit                              0x08000c29   Thumb Code    64  stm32g0xx_hal_msp.o(i.HAL_MspInit)
    HAL_NVIC_DisableIRQ                      0x08000c6d   Thumb Code    54  stm32g0xx_hal_cortex.o(i.HAL_NVIC_DisableIRQ)
    HAL_NVIC_EnableIRQ                       0x08000ca9   Thumb Code    30  stm32g0xx_hal_cortex.o(i.HAL_NVIC_EnableIRQ)
    HAL_NVIC_SetPriority                     0x08000ccd   Thumb Code    18  stm32g0xx_hal_cortex.o(i.HAL_NVIC_SetPriority)
    HAL_PWREx_ControlVoltageScaling          0x08000ce1   Thumb Code    76  stm32g0xx_hal_pwr_ex.o(i.HAL_PWREx_ControlVoltageScaling)
    HAL_RCCEx_PeriphCLKConfig                0x08000d39   Thumb Code   628  stm32g0xx_hal_rcc_ex.o(i.HAL_RCCEx_PeriphCLKConfig)
    HAL_RCC_ClockConfig                      0x08000fb9   Thumb Code   442  stm32g0xx_hal_rcc.o(i.HAL_RCC_ClockConfig)
    HAL_RCC_DeInit                           0x0800118d   Thumb Code   186  stm32g0xx_hal_rcc.o(i.HAL_RCC_DeInit)
    HAL_RCC_GetHCLKFreq                      0x0800125d   Thumb Code     6  stm32g0xx_hal_rcc.o(i.HAL_RCC_GetHCLKFreq)
    HAL_RCC_GetPCLK1Freq                     0x08001269   Thumb Code    32  stm32g0xx_hal_rcc.o(i.HAL_RCC_GetPCLK1Freq)
    HAL_RCC_GetSysClockFreq                  0x08001291   Thumb Code   216  stm32g0xx_hal_rcc.o(i.HAL_RCC_GetSysClockFreq)
    HAL_RCC_OscConfig                        0x08001375   Thumb Code  1458  stm32g0xx_hal_rcc.o(i.HAL_RCC_OscConfig)
    HAL_SYSTICK_Config                       0x08001939   Thumb Code    46  stm32g0xx_hal_cortex.o(i.HAL_SYSTICK_Config)
    HAL_TIMEx_Break2Callback                 0x08001971   Thumb Code     2  stm32g0xx_hal_tim_ex.o(i.HAL_TIMEx_Break2Callback)
    HAL_TIMEx_BreakCallback                  0x08001973   Thumb Code     2  stm32g0xx_hal_tim_ex.o(i.HAL_TIMEx_BreakCallback)
    HAL_TIMEx_CommutCallback                 0x08001975   Thumb Code     2  stm32g0xx_hal_tim_ex.o(i.HAL_TIMEx_CommutCallback)
    HAL_TIMEx_MasterConfigSynchronization    0x08001979   Thumb Code   142  stm32g0xx_hal_tim_ex.o(i.HAL_TIMEx_MasterConfigSynchronization)
    HAL_TIM_Base_DeInit                      0x08001a11   Thumb Code   126  stm32g0xx_hal_tim.o(i.HAL_TIM_Base_DeInit)
    HAL_TIM_Base_Init                        0x08001a95   Thumb Code   108  stm32g0xx_hal_tim.o(i.HAL_TIM_Base_Init)
    HAL_TIM_Base_MspDeInit                   0x08001b01   Thumb Code    32  timer.o(i.HAL_TIM_Base_MspDeInit)
    HAL_TIM_Base_MspInit                     0x08001b29   Thumb Code    58  timer.o(i.HAL_TIM_Base_MspInit)
    HAL_TIM_Base_Start_IT                    0x08001b6d   Thumb Code   106  stm32g0xx_hal_tim.o(i.HAL_TIM_Base_Start_IT)
    HAL_TIM_Base_Stop_IT                     0x08001be5   Thumb Code    64  stm32g0xx_hal_tim.o(i.HAL_TIM_Base_Stop_IT)
    HAL_TIM_ConfigClockSource                0x08001c29   Thumb Code   268  stm32g0xx_hal_tim.o(i.HAL_TIM_ConfigClockSource)
    HAL_TIM_IC_CaptureCallback               0x08001d39   Thumb Code     2  stm32g0xx_hal_tim.o(i.HAL_TIM_IC_CaptureCallback)
    HAL_TIM_IRQHandler                       0x08001d3d   Thumb Code   498  stm32g0xx_hal_tim.o(i.HAL_TIM_IRQHandler)
    HAL_TIM_OC_DelayElapsedCallback          0x08001f35   Thumb Code     2  stm32g0xx_hal_tim.o(i.HAL_TIM_OC_DelayElapsedCallback)
    HAL_TIM_PWM_PulseFinishedCallback        0x08001f37   Thumb Code     2  stm32g0xx_hal_tim.o(i.HAL_TIM_PWM_PulseFinishedCallback)
    HAL_TIM_PeriodElapsedCallback            0x08001f39   Thumb Code     2  stm32g0xx_hal_tim.o(i.HAL_TIM_PeriodElapsedCallback)
    HAL_TIM_TriggerCallback                  0x08001f3b   Thumb Code     2  stm32g0xx_hal_tim.o(i.HAL_TIM_TriggerCallback)
    HAL_UARTEx_RxEventCallback               0x08001f3d   Thumb Code     2  stm32g0xx_hal_uart.o(i.HAL_UARTEx_RxEventCallback)
    HAL_UARTEx_RxFifoFullCallback            0x08001f3f   Thumb Code     2  stm32g0xx_hal_uart_ex.o(i.HAL_UARTEx_RxFifoFullCallback)
    HAL_UARTEx_SetRxFifoThreshold            0x08001f41   Thumb Code    96  stm32g0xx_hal_uart_ex.o(i.HAL_UARTEx_SetRxFifoThreshold)
    HAL_UARTEx_TxFifoEmptyCallback           0x08001fa1   Thumb Code     2  stm32g0xx_hal_uart_ex.o(i.HAL_UARTEx_TxFifoEmptyCallback)
    HAL_UARTEx_WakeupCallback                0x08001fa3   Thumb Code     2  stm32g0xx_hal_uart_ex.o(i.HAL_UARTEx_WakeupCallback)
    HAL_UART_DeInit                          0x08001fa5   Thumb Code    80  stm32g0xx_hal_uart.o(i.HAL_UART_DeInit)
    HAL_UART_ErrorCallback                   0x08001ff5   Thumb Code     2  stm32g0xx_hal_uart.o(i.HAL_UART_ErrorCallback)
    HAL_UART_IRQHandler                      0x08001ff9   Thumb Code   864  stm32g0xx_hal_uart.o(i.HAL_UART_IRQHandler)
    HAL_UART_Init                            0x08002369   Thumb Code   130  stm32g0xx_hal_uart.o(i.HAL_UART_Init)
    HAL_UART_MspDeInit                       0x080023ed   Thumb Code    90  usart.o(i.HAL_UART_MspDeInit)
    HAL_UART_MspInit                         0x08002455   Thumb Code   258  usart.o(i.HAL_UART_MspInit)
    HAL_UART_Receive_IT                      0x08002565   Thumb Code    98  stm32g0xx_hal_uart.o(i.HAL_UART_Receive_IT)
    HAL_UART_RxCpltCallback                  0x080025c7   Thumb Code     2  stm32g0xx_hal_uart.o(i.HAL_UART_RxCpltCallback)
    HAL_UART_Transmit                        0x080025c9   Thumb Code   264  stm32g0xx_hal_uart.o(i.HAL_UART_Transmit)
    HAL_UART_TxCpltCallback                  0x080026d1   Thumb Code     2  stm32g0xx_hal_uart.o(i.HAL_UART_TxCpltCallback)
    HardFault_Handler                        0x080026d3   Thumb Code     4  stm32g0xx_it.o(i.HardFault_Handler)
    IWDG_Feed                                0x080026d9   Thumb Code    10  iwdg.o(i.IWDG_Feed)
    MX_GPIO_Init                             0x080026e9   Thumb Code   168  gpio.o(i.MX_GPIO_Init)
    MX_IWDG_Init                             0x0800279d   Thumb Code    36  iwdg.o(i.MX_IWDG_Init)
    MX_TIM3_Init                             0x080027d1   Thumb Code   114  timer.o(i.MX_TIM3_Init)
    MX_USART1_UART_Init                      0x08002851   Thumb Code    80  usart.o(i.MX_USART1_UART_Init)
    MX_USART2_UART_Init                      0x080028a9   Thumb Code    86  usart.o(i.MX_USART2_UART_Init)
    NMI_Handler                              0x0800290d   Thumb Code     4  stm32g0xx_it.o(i.NMI_Handler)
    PendSV_Handler                           0x08002911   Thumb Code     2  stm32g0xx_it.o(i.PendSV_Handler)
    Run_App_Check                            0x08002915   Thumb Code    32  iap.o(i.Run_App_Check)
    STMFLASH_Write                           0x0800293d   Thumb Code   210  flash.o(i.STMFLASH_Write)
    SVC_Handler                              0x08002a41   Thumb Code     2  stm32g0xx_it.o(i.SVC_Handler)
    SysTick_Handler                          0x08002a43   Thumb Code     8  stm32g0xx_it.o(i.SysTick_Handler)
    SystemClock_Config                       0x08002a4d   Thumb Code   136  bsp.o(i.SystemClock_Config)
    SystemInit                               0x08002ad9   Thumb Code    10  system_stm32g0xx.o(i.SystemInit)
    TIM3_IRQHandler                          0x08002ae9   Thumb Code    20  timer.o(i.TIM3_IRQHandler)
    TIM_Base_SetConfig                       0x08002b05   Thumb Code   138  stm32g0xx_hal_tim.o(i.TIM_Base_SetConfig)
    TIM_DeInit                               0x08002ba5   Thumb Code    34  timer.o(i.TIM_DeInit)
    TIM_ETR_SetConfig                        0x08002bd1   Thumb Code    28  stm32g0xx_hal_tim.o(i.TIM_ETR_SetConfig)
    TMR0_Delay                               0x08002c69   Thumb Code    52  timer.o(i.TMR0_Delay)
    UART_AdvFeatureConfig                    0x08002d25   Thumb Code   240  stm32g0xx_hal_uart.o(i.UART_AdvFeatureConfig)
    UART_CheckIdleState                      0x08002e15   Thumb Code   116  stm32g0xx_hal_uart.o(i.UART_CheckIdleState)
    UART_DeInit                              0x08002ea5   Thumb Code    82  usart.o(i.UART_DeInit)
    UART_SetConfig                           0x080033a9   Thumb Code   748  stm32g0xx_hal_uart.o(i.UART_SetConfig)
    UART_Start_Receive_IT                    0x080036bd   Thumb Code   280  stm32g0xx_hal_uart.o(i.UART_Start_Receive_IT)
    UART_WaitOnFlagUntilTimeout              0x080037e9   Thumb Code   198  stm32g0xx_hal_uart.o(i.UART_WaitOnFlagUntilTimeout)
    USART1_IRQHandler                        0x080038b1   Thumb Code    58  usart.o(i.USART1_IRQHandler)
    USART2_IRQHandler                        0x080038fd   Thumb Code    10  usart.o(i.USART2_IRQHandler)
    __0printf$1                              0x0800390d   Thumb Code    24  printf1.o(i.__0printf$1)
    __1printf$1                              0x0800390d   Thumb Code     0  printf1.o(i.__0printf$1)
    __2printf                                0x0800390d   Thumb Code     0  printf1.o(i.__0printf$1)
    __scatterload_copy                       0x080039a5   Thumb Code    14  handlers.o(i.__scatterload_copy)
    __scatterload_null                       0x080039b3   Thumb Code     2  handlers.o(i.__scatterload_null)
    __scatterload_zeroinit                   0x080039b5   Thumb Code    14  handlers.o(i.__scatterload_zeroinit)
    delay_ms                                 0x08003d1d   Thumb Code    24  bsp.o(i.delay_ms)
    delay_us                                 0x08003d35   Thumb Code    62  bsp.o(i.delay_us)
    fputc                                    0x08003d7d   Thumb Code    20  usart.o(i.fputc)
    iap_update                               0x08003d99   Thumb Code   254  iap.o(i.iap_update)
    iap_wire_app_hex                         0x08003eb5   Thumb Code   252  iap.o(i.iap_wire_app_hex)
    jump_application                         0x08003fb5   Thumb Code    46  flash.o(i.jump_application)
    main                                     0x08003fe9   Thumb Code    12  main.o(i.main)
    send_respond                             0x08003ff5   Thumb Code    66  combin_pack.o(i.send_respond)
    usart1_tx                                0x08004041   Thumb Code    26  usart.o(i.usart1_tx)
    UARTPrescTable                           0x0800406a   Data          24  stm32g0xx_hal_uart.o(.constdata)
    AHBPrescTable                            0x0800408c   Data          64  system_stm32g0xx.o(.constdata)
    APBPrescTable                            0x080040cc   Data          32  system_stm32g0xx.o(.constdata)
    Region$$Table$$Base                      0x080040ec   Number         0  anon$$obj.o(Region$$Table)
    Region$$Table$$Limit                     0x0800410c   Number         0  anon$$obj.o(Region$$Table)
    uwTick                                   0x20000000   Data           4  stm32g0xx_hal.o(.data)
    uwTickPrio                               0x20000004   Data           4  stm32g0xx_hal.o(.data)
    uwTickFreq                               0x20000008   Data           1  stm32g0xx_hal.o(.data)
    SystemCoreClock                          0x2000000c   Data           4  system_stm32g0xx.o(.data)
    g_u32Seq                                 0x2000001c   Data           4  iap.o(.data)
    gt_iap_atg                               0x20000020   Data           2  iap.o(.data)
    res_arr                                  0x20000023   Data           8  combin_pack.o(.data)
    g_Tim0Period50ms                         0x20000030   Data           4  timer.o(.data)
    gu8rx_data_flag                          0x20000034   Data           1  usart.o(.data)
    gu16rx_index                             0x20000036   Data           2  usart.o(.data)
    aRxBuffer1                               0x20000038   Data           1  usart.o(.data)
    aRxBuffer2                               0x20000039   Data           1  usart.o(.data)
    u8FlashErase_Flag                        0x2000003c   Data           1  flash.o(.data)
    __stdout                                 0x20000044   Data           4  stdout.o(.data)
    pFlash                                   0x20000048   Data          28  stm32g0xx_hal_flash.o(.bss)
    g_au8flashreadbuf                        0x20000068   Data         256  iap.o(.bss)
    au64download_buff                        0x20000168   Data         128  iap.o(.bss)
    hiwdg                                    0x200001e8   Data          16  iwdg.o(.bss)
    htim3                                    0x200001f8   Data          76  timer.o(.bss)
    huart1                                   0x20000244   Data         144  usart.o(.bss)
    huart2                                   0x200002d4   Data         144  usart.o(.bss)
    g_au8Rxbuffer                            0x20000364   Data         256  usart.o(.bss)
    __initial_sp                             0x20000878   Data           0  startup_stm32g031xx.o(STACK)



==============================================================================

Memory Map of the image

  Image Entry point : 0x080000c1

  Load Region LR_IROM1 (Base: 0x08000000, Size: 0x00004154, Max: 0x00005000, ABSOLUTE)

    Execution Region ER_IROM1 (Exec base: 0x08000000, Load base: 0x08000000, Size: 0x0000410c, Max: 0x00005000, ABSOLUTE)

    Exec Addr    Load Addr    Size         Type   Attr      Idx    E Section Name        Object

    0x08000000   0x08000000   0x000000c0   Data   RO            3    RESET               startup_stm32g031xx.o
    0x080000c0   0x080000c0   0x00000000   Code   RO         3589  * .ARM.Collect$$$$00000000  mc_p.l(entry.o)
    0x080000c0   0x080000c0   0x00000004   Code   RO         3863    .ARM.Collect$$$$00000001  mc_p.l(entry2.o)
    0x080000c4   0x080000c4   0x00000004   Code   RO         3866    .ARM.Collect$$$$00000004  mc_p.l(entry5.o)
    0x080000c8   0x080000c8   0x00000000   Code   RO         3868    .ARM.Collect$$$$00000008  mc_p.l(entry7b.o)
    0x080000c8   0x080000c8   0x00000000   Code   RO         3870    .ARM.Collect$$$$0000000A  mc_p.l(entry8b.o)
    0x080000c8   0x080000c8   0x00000008   Code   RO         3871    .ARM.Collect$$$$0000000B  mc_p.l(entry9a.o)
    0x080000d0   0x080000d0   0x00000000   Code   RO         3873    .ARM.Collect$$$$0000000D  mc_p.l(entry10a.o)
    0x080000d0   0x080000d0   0x00000000   Code   RO         3875    .ARM.Collect$$$$0000000F  mc_p.l(entry11a.o)
    0x080000d0   0x080000d0   0x00000004   Code   RO         3864    .ARM.Collect$$$$00002712  mc_p.l(entry2.o)
    0x080000d4   0x080000d4   0x00000006   Code   RO         3539    .emb_text           flash.o
    0x080000da   0x080000da   0x00000002   PAD
    0x080000dc   0x080000dc   0x0000001c   Code   RO            4    .text               startup_stm32g031xx.o
    0x080000f8   0x080000f8   0x0000002c   Code   RO         3592    .text               mc_p.l(uidiv.o)
    0x08000124   0x08000124   0x00000028   Code   RO         3594    .text               mc_p.l(idiv.o)
    0x0800014c   0x0800014c   0x00000060   Code   RO         3596    .text               mc_p.l(uldiv.o)
    0x080001ac   0x080001ac   0x0000007a   Code   RO         3598    .text               mc_p.l(llmul.o)
    0x08000226   0x08000226   0x00000024   Code   RO         3600    .text               mc_p.l(memseta.o)
    0x0800024a   0x0800024a   0x00000020   Code   RO         3878    .text               mc_p.l(llshl.o)
    0x0800026a   0x0800026a   0x00000022   Code   RO         3880    .text               mc_p.l(llushr.o)
    0x0800028c   0x0800028c   0x00000024   Code   RO         3893    .text               mc_p.l(init.o)
    0x080002b0   0x080002b0   0x00000008   Code   RO         3129    i.APP_Init          app.o
    0x080002b8   0x080002b8   0x0000007c   Code   RO         3130    i.APP_PollingTask   app.o
    0x08000334   0x08000334   0x0000003c   Code   RO         3287    i.BSP_Init          bsp.o
    0x08000370   0x08000370   0x0000004c   Code   RO         3225    i.CRC_16            combin_pack.o
    0x080003bc   0x080003bc   0x0000000a   Code   RO         3334    i.EXTI4_15_IRQHandler  gpio.o
    0x080003c6   0x080003c6   0x00000006   Code   RO         3288    i.Error_Handler     bsp.o
    0x080003cc   0x080003cc   0x00000018   Code   RO          540    i.FLASH_MassErase   stm32g0xx_hal_flash_ex.o
    0x080003e4   0x080003e4   0x00000024   Code   RO          552    i.FLASH_PageErase   stm32g0xx_hal_flash_ex.o
    0x08000408   0x08000408   0x00000028   Code   RO          433    i.FLASH_Program_DoubleWord  stm32g0xx_hal_flash.o
    0x08000430   0x08000430   0x00000054   Code   RO          434    i.FLASH_Program_Fast  stm32g0xx_hal_flash.o
    0x08000484   0x08000484   0x00000074   Code   RO          435    i.FLASH_WaitForLastOperation  stm32g0xx_hal_flash.o
    0x080004f8   0x080004f8   0x0000000c   Code   RO         3540    i.GetPage           flash.o
    0x08000504   0x08000504   0x00000098   Code   RO         2950    i.HAL_DMA_Abort     stm32g0xx_hal_dma.o
    0x0800059c   0x0800059c   0x00000094   Code   RO         2951    i.HAL_DMA_Abort_IT  stm32g0xx_hal_dma.o
    0x08000630   0x08000630   0x00000034   Code   RO         1137    i.HAL_DeInit        stm32g0xx_hal.o
    0x08000664   0x08000664   0x000000a0   Code   RO          556    i.HAL_FLASHEx_Erase  stm32g0xx_hal_flash_ex.o
    0x08000704   0x08000704   0x00000024   Code   RO          439    i.HAL_FLASH_Lock    stm32g0xx_hal_flash.o
    0x08000728   0x08000728   0x00000078   Code   RO          444    i.HAL_FLASH_Program  stm32g0xx_hal_flash.o
    0x080007a0   0x080007a0   0x00000034   Code   RO          446    i.HAL_FLASH_Unlock  stm32g0xx_hal_flash.o
    0x080007d4   0x080007d4   0x0000010c   Code   RO          681    i.HAL_GPIO_DeInit   stm32g0xx_hal_gpio.o
    0x080008e0   0x080008e0   0x00000002   Code   RO          682    i.HAL_GPIO_EXTI_Falling_Callback  stm32g0xx_hal_gpio.o
    0x080008e2   0x080008e2   0x00000002   PAD
    0x080008e4   0x080008e4   0x00000034   Code   RO          683    i.HAL_GPIO_EXTI_IRQHandler  stm32g0xx_hal_gpio.o
    0x08000918   0x08000918   0x00000002   Code   RO          684    i.HAL_GPIO_EXTI_Rising_Callback  stm32g0xx_hal_gpio.o
    0x0800091a   0x0800091a   0x00000002   PAD
    0x0800091c   0x0800091c   0x000001d0   Code   RO          685    i.HAL_GPIO_Init     stm32g0xx_hal_gpio.o
    0x08000aec   0x08000aec   0x0000000c   Code   RO          689    i.HAL_GPIO_WritePin  stm32g0xx_hal_gpio.o
    0x08000af8   0x08000af8   0x0000000c   Code   RO         1142    i.HAL_GetTick       stm32g0xx_hal.o
    0x08000b04   0x08000b04   0x0000006c   Code   RO         1358    i.HAL_IWDG_Init     stm32g0xx_hal_iwdg.o
    0x08000b70   0x08000b70   0x00000010   Code   RO         1359    i.HAL_IWDG_Refresh  stm32g0xx_hal_iwdg.o
    0x08000b80   0x08000b80   0x00000018   Code   RO         1148    i.HAL_IncTick       stm32g0xx_hal.o
    0x08000b98   0x08000b98   0x0000002c   Code   RO         1149    i.HAL_Init          stm32g0xx_hal.o
    0x08000bc4   0x08000bc4   0x00000060   Code   RO         1150    i.HAL_InitTick      stm32g0xx_hal.o
    0x08000c24   0x08000c24   0x00000002   Code   RO         1151    i.HAL_MspDeInit     stm32g0xx_hal.o
    0x08000c26   0x08000c26   0x00000002   PAD
    0x08000c28   0x08000c28   0x00000044   Code   RO          253    i.HAL_MspInit       stm32g0xx_hal_msp.o
    0x08000c6c   0x08000c6c   0x0000003c   Code   RO         1023    i.HAL_NVIC_DisableIRQ  stm32g0xx_hal_cortex.o
    0x08000ca8   0x08000ca8   0x00000024   Code   RO         1024    i.HAL_NVIC_EnableIRQ  stm32g0xx_hal_cortex.o
    0x08000ccc   0x08000ccc   0x00000012   Code   RO         1028    i.HAL_NVIC_SetPriority  stm32g0xx_hal_cortex.o
    0x08000cde   0x08000cde   0x00000002   PAD
    0x08000ce0   0x08000ce0   0x00000058   Code   RO          840    i.HAL_PWREx_ControlVoltageScaling  stm32g0xx_hal_pwr_ex.o
    0x08000d38   0x08000d38   0x00000280   Code   RO          388    i.HAL_RCCEx_PeriphCLKConfig  stm32g0xx_hal_rcc_ex.o
    0x08000fb8   0x08000fb8   0x000001d4   Code   RO          276    i.HAL_RCC_ClockConfig  stm32g0xx_hal_rcc.o
    0x0800118c   0x0800118c   0x000000d0   Code   RO          277    i.HAL_RCC_DeInit    stm32g0xx_hal_rcc.o
    0x0800125c   0x0800125c   0x0000000c   Code   RO          282    i.HAL_RCC_GetHCLKFreq  stm32g0xx_hal_rcc.o
    0x08001268   0x08001268   0x00000028   Code   RO          284    i.HAL_RCC_GetPCLK1Freq  stm32g0xx_hal_rcc.o
    0x08001290   0x08001290   0x000000e4   Code   RO          285    i.HAL_RCC_GetSysClockFreq  stm32g0xx_hal_rcc.o
    0x08001374   0x08001374   0x000005c4   Code   RO          289    i.HAL_RCC_OscConfig  stm32g0xx_hal_rcc.o
    0x08001938   0x08001938   0x00000038   Code   RO         1032    i.HAL_SYSTICK_Config  stm32g0xx_hal_cortex.o
    0x08001970   0x08001970   0x00000002   Code   RO         2111    i.HAL_TIMEx_Break2Callback  stm32g0xx_hal_tim_ex.o
    0x08001972   0x08001972   0x00000002   Code   RO         2112    i.HAL_TIMEx_BreakCallback  stm32g0xx_hal_tim_ex.o
    0x08001974   0x08001974   0x00000002   Code   RO         2113    i.HAL_TIMEx_CommutCallback  stm32g0xx_hal_tim_ex.o
    0x08001976   0x08001976   0x00000002   PAD
    0x08001978   0x08001978   0x00000098   Code   RO         2134    i.HAL_TIMEx_MasterConfigSynchronization  stm32g0xx_hal_tim_ex.o
    0x08001a10   0x08001a10   0x00000084   Code   RO         1386    i.HAL_TIM_Base_DeInit  stm32g0xx_hal_tim.o
    0x08001a94   0x08001a94   0x0000006c   Code   RO         1388    i.HAL_TIM_Base_Init  stm32g0xx_hal_tim.o
    0x08001b00   0x08001b00   0x00000028   Code   RO         3392    i.HAL_TIM_Base_MspDeInit  timer.o
    0x08001b28   0x08001b28   0x00000044   Code   RO         3393    i.HAL_TIM_Base_MspInit  timer.o
    0x08001b6c   0x08001b6c   0x00000078   Code   RO         1393    i.HAL_TIM_Base_Start_IT  stm32g0xx_hal_tim.o
    0x08001be4   0x08001be4   0x00000044   Code   RO         1396    i.HAL_TIM_Base_Stop_IT  stm32g0xx_hal_tim.o
    0x08001c28   0x08001c28   0x00000110   Code   RO         1397    i.HAL_TIM_ConfigClockSource  stm32g0xx_hal_tim.o
    0x08001d38   0x08001d38   0x00000002   Code   RO         1422    i.HAL_TIM_IC_CaptureCallback  stm32g0xx_hal_tim.o
    0x08001d3a   0x08001d3a   0x00000002   PAD
    0x08001d3c   0x08001d3c   0x000001f8   Code   RO         1436    i.HAL_TIM_IRQHandler  stm32g0xx_hal_tim.o
    0x08001f34   0x08001f34   0x00000002   Code   RO         1439    i.HAL_TIM_OC_DelayElapsedCallback  stm32g0xx_hal_tim.o
    0x08001f36   0x08001f36   0x00000002   Code   RO         1466    i.HAL_TIM_PWM_PulseFinishedCallback  stm32g0xx_hal_tim.o
    0x08001f38   0x08001f38   0x00000002   Code   RO         1474    i.HAL_TIM_PeriodElapsedCallback  stm32g0xx_hal_tim.o
    0x08001f3a   0x08001f3a   0x00000002   Code   RO         1479    i.HAL_TIM_TriggerCallback  stm32g0xx_hal_tim.o
    0x08001f3c   0x08001f3c   0x00000002   Code   RO         2421    i.HAL_UARTEx_RxEventCallback  stm32g0xx_hal_uart.o
    0x08001f3e   0x08001f3e   0x00000002   Code   RO         2840    i.HAL_UARTEx_RxFifoFullCallback  stm32g0xx_hal_uart_ex.o
    0x08001f40   0x08001f40   0x00000060   Code   RO         2841    i.HAL_UARTEx_SetRxFifoThreshold  stm32g0xx_hal_uart_ex.o
    0x08001fa0   0x08001fa0   0x00000002   Code   RO         2844    i.HAL_UARTEx_TxFifoEmptyCallback  stm32g0xx_hal_uart_ex.o
    0x08001fa2   0x08001fa2   0x00000002   Code   RO         2845    i.HAL_UARTEx_WakeupCallback  stm32g0xx_hal_uart_ex.o
    0x08001fa4   0x08001fa4   0x00000050   Code   RO         2434    i.HAL_UART_DeInit   stm32g0xx_hal_uart.o
    0x08001ff4   0x08001ff4   0x00000002   Code   RO         2437    i.HAL_UART_ErrorCallback  stm32g0xx_hal_uart.o
    0x08001ff6   0x08001ff6   0x00000002   PAD
    0x08001ff8   0x08001ff8   0x00000370   Code   RO         2440    i.HAL_UART_IRQHandler  stm32g0xx_hal_uart.o
    0x08002368   0x08002368   0x00000082   Code   RO         2441    i.HAL_UART_Init     stm32g0xx_hal_uart.o
    0x080023ea   0x080023ea   0x00000002   PAD
    0x080023ec   0x080023ec   0x00000068   Code   RO         3453    i.HAL_UART_MspDeInit  usart.o
    0x08002454   0x08002454   0x00000110   Code   RO         3454    i.HAL_UART_MspInit  usart.o
    0x08002564   0x08002564   0x00000062   Code   RO         2446    i.HAL_UART_Receive_IT  stm32g0xx_hal_uart.o
    0x080025c6   0x080025c6   0x00000002   Code   RO         2448    i.HAL_UART_RxCpltCallback  stm32g0xx_hal_uart.o
    0x080025c8   0x080025c8   0x00000108   Code   RO         2450    i.HAL_UART_Transmit  stm32g0xx_hal_uart.o
    0x080026d0   0x080026d0   0x00000002   Code   RO         2453    i.HAL_UART_TxCpltCallback  stm32g0xx_hal_uart.o
    0x080026d2   0x080026d2   0x00000004   Code   RO          207    i.HardFault_Handler  stm32g0xx_it.o
    0x080026d6   0x080026d6   0x00000002   PAD
    0x080026d8   0x080026d8   0x00000010   Code   RO         3362    i.IWDG_Feed         iwdg.o
    0x080026e8   0x080026e8   0x000000b4   Code   RO         3335    i.MX_GPIO_Init      gpio.o
    0x0800279c   0x0800279c   0x00000034   Code   RO         3363    i.MX_IWDG_Init      iwdg.o
    0x080027d0   0x080027d0   0x00000080   Code   RO         3394    i.MX_TIM3_Init      timer.o
    0x08002850   0x08002850   0x00000058   Code   RO         3455    i.MX_USART1_UART_Init  usart.o
    0x080028a8   0x080028a8   0x00000064   Code   RO         3456    i.MX_USART2_UART_Init  usart.o
    0x0800290c   0x0800290c   0x00000004   Code   RO          208    i.NMI_Handler       stm32g0xx_it.o
    0x08002910   0x08002910   0x00000002   Code   RO          209    i.PendSV_Handler    stm32g0xx_it.o
    0x08002912   0x08002912   0x00000002   PAD
    0x08002914   0x08002914   0x00000028   Code   RO         3159    i.Run_App_Check     iap.o
    0x0800293c   0x0800293c   0x00000104   Code   RO         3543    i.STMFLASH_Write    flash.o
    0x08002a40   0x08002a40   0x00000002   Code   RO          210    i.SVC_Handler       stm32g0xx_it.o
    0x08002a42   0x08002a42   0x00000008   Code   RO          211    i.SysTick_Handler   stm32g0xx_it.o
    0x08002a4a   0x08002a4a   0x00000002   PAD
    0x08002a4c   0x08002a4c   0x0000008c   Code   RO         3289    i.SystemClock_Config  bsp.o
    0x08002ad8   0x08002ad8   0x00000010   Code   RO         3097    i.SystemInit        system_stm32g0xx.o
    0x08002ae8   0x08002ae8   0x0000001c   Code   RO         3395    i.TIM3_IRQHandler   timer.o
    0x08002b04   0x08002b04   0x000000a0   Code   RO         1481    i.TIM_Base_SetConfig  stm32g0xx_hal_tim.o
    0x08002ba4   0x08002ba4   0x0000002c   Code   RO         3396    i.TIM_DeInit        timer.o
    0x08002bd0   0x08002bd0   0x0000001c   Code   RO         1492    i.TIM_ETR_SetConfig  stm32g0xx_hal_tim.o
    0x08002bec   0x08002bec   0x00000018   Code   RO         1493    i.TIM_ITRx_SetConfig  stm32g0xx_hal_tim.o
    0x08002c04   0x08002c04   0x00000032   Code   RO         1501    i.TIM_TI1_ConfigInputStage  stm32g0xx_hal_tim.o
    0x08002c36   0x08002c36   0x00000032   Code   RO         1503    i.TIM_TI2_ConfigInputStage  stm32g0xx_hal_tim.o
    0x08002c68   0x08002c68   0x00000038   Code   RO         3397    i.TMR0_Delay        timer.o
    0x08002ca0   0x08002ca0   0x00000084   Code   RO         2846    i.UARTEx_SetNbDataToProcess  stm32g0xx_hal_uart_ex.o
    0x08002d24   0x08002d24   0x000000f0   Code   RO         2455    i.UART_AdvFeatureConfig  stm32g0xx_hal_uart.o
    0x08002e14   0x08002e14   0x00000078   Code   RO         2456    i.UART_CheckIdleState  stm32g0xx_hal_uart.o
    0x08002e8c   0x08002e8c   0x00000018   Code   RO         2457    i.UART_DMAAbortOnError  stm32g0xx_hal_uart.o
    0x08002ea4   0x08002ea4   0x00000060   Code   RO         3457    i.UART_DeInit       usart.o
    0x08002f04   0x08002f04   0x00000040   Code   RO         2467    i.UART_EndRxTransfer  stm32g0xx_hal_uart.o
    0x08002f44   0x08002f44   0x00000022   Code   RO         2468    i.UART_EndTransmit_IT  stm32g0xx_hal_uart.o
    0x08002f66   0x08002f66   0x00000092   Code   RO         2470    i.UART_RxISR_16BIT  stm32g0xx_hal_uart.o
    0x08002ff8   0x08002ff8   0x00000190   Code   RO         2471    i.UART_RxISR_16BIT_FIFOEN  stm32g0xx_hal_uart.o
    0x08003188   0x08003188   0x00000092   Code   RO         2472    i.UART_RxISR_8BIT   stm32g0xx_hal_uart.o
    0x0800321a   0x0800321a   0x00000002   PAD
    0x0800321c   0x0800321c   0x0000018c   Code   RO         2473    i.UART_RxISR_8BIT_FIFOEN  stm32g0xx_hal_uart.o
    0x080033a8   0x080033a8   0x00000314   Code   RO         2474    i.UART_SetConfig    stm32g0xx_hal_uart.o
    0x080036bc   0x080036bc   0x0000012c   Code   RO         2476    i.UART_Start_Receive_IT  stm32g0xx_hal_uart.o
    0x080037e8   0x080037e8   0x000000c6   Code   RO         2481    i.UART_WaitOnFlagUntilTimeout  stm32g0xx_hal_uart.o
    0x080038ae   0x080038ae   0x00000002   PAD
    0x080038b0   0x080038b0   0x0000004c   Code   RO         3458    i.USART1_IRQHandler  usart.o
    0x080038fc   0x080038fc   0x00000010   Code   RO         3459    i.USART2_IRQHandler  usart.o
    0x0800390c   0x0800390c   0x00000020   Code   RO         3647    i.__0printf$1       mc_p.l(printf1.o)
    0x0800392c   0x0800392c   0x00000078   Code   RO         1034    i.__NVIC_SetPriority  stm32g0xx_hal_cortex.o
    0x080039a4   0x080039a4   0x0000000e   Code   RO         3903    i.__scatterload_copy  mc_p.l(handlers.o)
    0x080039b2   0x080039b2   0x00000002   Code   RO         3904    i.__scatterload_null  mc_p.l(handlers.o)
    0x080039b4   0x080039b4   0x0000000e   Code   RO         3905    i.__scatterload_zeroinit  mc_p.l(handlers.o)
    0x080039c2   0x080039c2   0x00000002   PAD
    0x080039c4   0x080039c4   0x00000150   Code   RO         3654    i._printf_core      mc_p.l(printf1.o)
    0x08003b14   0x08003b14   0x00000058   Code   RO         3160    i.cmd_erase         iap.o
    0x08003b6c   0x08003b6c   0x0000004c   Code   RO         3161    i.cmd_exit_update   iap.o
    0x08003bb8   0x08003bb8   0x0000004c   Code   RO         3162    i.cmd_file_end      iap.o
    0x08003c04   0x08003c04   0x00000118   Code   RO         3163    i.cmd_start_update  iap.o
    0x08003d1c   0x08003d1c   0x00000018   Code   RO         3290    i.delay_ms          bsp.o
    0x08003d34   0x08003d34   0x00000048   Code   RO         3291    i.delay_us          bsp.o
    0x08003d7c   0x08003d7c   0x0000001c   Code   RO         3460    i.fputc             usart.o
    0x08003d98   0x08003d98   0x0000011c   Code   RO         3164    i.iap_update        iap.o
    0x08003eb4   0x08003eb4   0x00000100   Code   RO         3165    i.iap_wire_app_hex  iap.o
    0x08003fb4   0x08003fb4   0x00000034   Code   RO         3544    i.jump_application  flash.o
    0x08003fe8   0x08003fe8   0x0000000c   Code   RO           12    i.main              main.o
    0x08003ff4   0x08003ff4   0x0000004c   Code   RO         3228    i.send_respond      combin_pack.o
    0x08004040   0x08004040   0x00000024   Code   RO         3461    i.usart1_tx         usart.o
    0x08004064   0x08004064   0x0000001e   Data   RO         2482    .constdata          stm32g0xx_hal_uart.o
    0x08004082   0x08004082   0x00000002   PAD
    0x08004084   0x08004084   0x00000068   Data   RO         3098    .constdata          system_stm32g0xx.o
    0x080040ec   0x080040ec   0x00000020   Data   RO         3901    Region$$Table       anon$$obj.o


    Execution Region RW_IRAM1 (Exec base: 0x20000000, Load base: 0x0800410c, Size: 0x00000878, Max: 0x00002000, ABSOLUTE)

    Exec Addr    Load Addr    Size         Type   Attr      Idx    E Section Name        Object

    0x20000000   0x0800410c   0x00000009   Data   RW         1168    .data               stm32g0xx_hal.o
    0x20000009   0x08004115   0x00000003   PAD
    0x2000000c   0x08004118   0x00000004   Data   RW         3099    .data               system_stm32g0xx.o
    0x20000010   0x0800411c   0x00000009   Data   RW         3132    .data               app.o
    0x20000019   0x08004125   0x00000003   PAD
    0x2000001c   0x08004128   0x00000007   Data   RW         3168    .data               iap.o
    0x20000023   0x0800412f   0x00000008   Data   RW         3230    .data               combin_pack.o
    0x2000002b   0x08004137   0x00000001   PAD
    0x2000002c   0x08004138   0x00000004   Data   RW         3293    .data               bsp.o
    0x20000030   0x0800413c   0x00000004   Data   RW         3401    .data               timer.o
    0x20000034   0x08004140   0x00000006   Data   RW         3465    .data               usart.o
    0x2000003a   0x08004146   0x00000002   PAD
    0x2000003c   0x08004148   0x00000008   Data   RW         3547    .data               flash.o
    0x20000044   0x08004150   0x00000004   Data   RW         3877    .data               mc_p.l(stdout.o)
    0x20000048        -       0x0000001c   Zero   RW          447    .bss                stm32g0xx_hal_flash.o
    0x20000064   0x08004154   0x00000004   PAD
    0x20000068        -       0x00000180   Zero   RW         3166    .bss                iap.o
    0x200001e8        -       0x00000010   Zero   RW         3364    .bss                iwdg.o
    0x200001f8        -       0x0000004c   Zero   RW         3399    .bss                timer.o
    0x20000244        -       0x00000220   Zero   RW         3463    .bss                usart.o
    0x20000464        -       0x00000010   Zero   RW         3545    .bss                flash.o
    0x20000474   0x08004154   0x00000004   PAD
    0x20000478        -       0x00000400   Zero   RW            1    STACK               startup_stm32g031xx.o


==============================================================================

Image component sizes


      Code (inc. data)   RO Data    RW Data    ZI Data      Debug   Object Name

       132         26          0          9          0        925   app.o
       302         36          0          4          0       2706   bsp.o
       152         14          0          8          0       2185   combin_pack.o
       330         56          0          8         16       2860   flash.o
       190         12          0          0          0       1297   gpio.o
      1100         92          0          7        384       5334   iap.o
        68         22          0          0         16       1067   iwdg.o
        12          0          0          0          0     436341   main.o
        28          8        192          0       1024        612   startup_stm32g031xx.o
       230         38          0          9          0      18010   stm32g0xx_hal.o
       290         32          0          0          0      12695   stm32g0xx_hal_cortex.o
       300         10          0          0          0       1659   stm32g0xx_hal_dma.o
       448         50          0          0         28      18298   stm32g0xx_hal_flash.o
       220         20          0          0          0       2310   stm32g0xx_hal_flash_ex.o
       800         38          0          0          0       4542   stm32g0xx_hal_gpio.o
       124         18          0          0          0       1679   stm32g0xx_hal_iwdg.o
        68          4          0          0          0        786   stm32g0xx_hal_msp.o
        88         12          0          0          0        726   stm32g0xx_hal_pwr_ex.o
      2432        118          0          0          0      23666   stm32g0xx_hal_rcc.o
       640         12          0          0          0       1616   stm32g0xx_hal_rcc_ex.o
      1526         62          0          0          0      10640   stm32g0xx_hal_tim.o
       158         10          0          0          0       2876   stm32g0xx_hal_tim_ex.o
      4316        104         30          0          0      35774   stm32g0xx_hal_uart.o
       234         18          0          0          0       3633   stm32g0xx_hal_uart_ex.o
        20          0          0          0          0       2047   stm32g0xx_it.o
        16          6        104          4          0       1115   system_stm32g0xx.o
       364         54          0          4         76       3660   timer.o
       816        106          0          6        544       5439   usart.o

    ----------------------------------------------------------------------
     15432        978        360         68       2096     604498   Object Totals
         0          0         32          0          0          0   (incl. Generated)
        28          0          2          9          8          0   (incl. Padding)

    ----------------------------------------------------------------------

      Code (inc. data)   RO Data    RW Data    ZI Data      Debug   Library Member Name

         0          0          0          0          0          0   entry.o
         0          0          0          0          0          0   entry10a.o
         0          0          0          0          0          0   entry11a.o
         8          4          0          0          0          0   entry2.o
         4          0          0          0          0          0   entry5.o
         0          0          0          0          0          0   entry7b.o
         0          0          0          0          0          0   entry8b.o
         8          4          0          0          0          0   entry9a.o
        30          0          0          0          0          0   handlers.o
        40          0          0          0          0         72   idiv.o
        36          8          0          0          0         68   init.o
       122          0          0          0          0         84   llmul.o
        32          0          0          0          0         68   llshl.o
        34          0          0          0          0         68   llushr.o
        36          0          0          0          0        100   memseta.o
       368         12          0          0          0        168   printf1.o
         0          0          0          4          0          0   stdout.o
        44          0          0          0          0         72   uidiv.o
        96          0          0          0          0         84   uldiv.o

    ----------------------------------------------------------------------
       860         28          0          4          0        784   Library Totals
         2          0          0          0          0          0   (incl. Padding)

    ----------------------------------------------------------------------

      Code (inc. data)   RO Data    RW Data    ZI Data      Debug   Library Name

       858         28          0          4          0        784   mc_p.l

    ----------------------------------------------------------------------
       860         28          0          4          0        784   Library Totals

    ----------------------------------------------------------------------

==============================================================================


      Code (inc. data)   RO Data    RW Data    ZI Data      Debug   

     16292       1006        360         72       2096     599574   Grand Totals
     16292       1006        360         72       2096     599574   ELF Image Totals
     16292       1006        360         72          0          0   ROM Totals

==============================================================================

    Total RO  Size (Code + RO Data)                16652 (  16.26kB)
    Total RW  Size (RW Data + ZI Data)              2168 (   2.12kB)
    Total ROM Size (Code + RO Data + RW Data)      16724 (  16.33kB)

==============================================================================

